09-20 15:56:30.402  1082  1082 D NotificationStatusIcon: updateTintForIcon:colorize-true
09-20 15:56:30.402  1082  1082 D NotificationStatusIcon: updateTintForIcon:colorize-true
09-20 15:56:30.402  1082  1082 D NotificationStatusIcon: updateTintForIcon:colorize-true
09-20 15:56:30.402  1082  1082 D NotificationStatusIcon: updateTintForIcon:colorize-true
09-20 15:56:30.402  1082  1082 D NotificationStatusIcon: updateTintForIcon:colorize-true
09-20 15:56:30.402  1082  1082 D NotificationStatusIcon: updateTintForIcon:colorize-true
09-20 15:56:30.402  1082  1082 D NotificationStatusIcon: updateTintForIcon:colorize-true
09-20 15:56:30.402  1082  1082 D NotificationStatusIcon: updateTintForIcon:colorize-true
09-20 15:56:30.402  1082  1082 D NotificationStatusIcon: updateTintForIcon:colorize-true
09-20 15:56:30.402  1082  1082 D NotificationStatusIcon: updateTintForIcon:colorize-true
09-20 15:56:30.402  1082  1082 D NotificationStatusIcon: updateTintForIcon:colorize-true
09-20 15:56:30.402  1082  1082 D NotificationStatusIcon: updateTintForIcon:colorize-true
09-20 15:56:30.402  1082  1082 D NotificationStatusIcon: updateTintForIcon:colorize-true
09-20 15:56:30.402  1082  1082 D NotificationStatusIcon: updateTintForIcon:colorize-true
09-20 15:56:30.404   524   524 W SurfaceFlinger: deleteTextures was not executed, mTexturePool.size() ==  mTexturePoolSize
09-20 15:56:30.418  1082  1082 D NotificationStatusIcon: applyNotificationIconsTint
09-20 15:56:30.418  1082  1082 D NotificationStatusIcon: updateTintForIcon:colorize-true
09-20 15:56:30.418  1082  1082 D NotificationStatusIcon: updateTintForIcon:colorize-true
09-20 15:56:30.418  1082  1082 D NotificationStatusIcon: updateTintForIcon:colorize-true
09-20 15:56:30.418  1082  1082 D NotificationStatusIcon: updateTintForIcon:colorize-true
09-20 15:56:30.418  1082  1082 D NotificationStatusIcon: updateTintForIcon:colorize-true
09-20 15:56:30.418  1082  1082 D NotificationStatusIcon: updateTintForIcon:colorize-true
09-20 15:56:30.418  1082  1082 D NotificationStatusIcon: updateTintForIcon:colorize-true
09-20 15:56:30.418  1082  1082 D NotificationStatusIcon: updateTintForIcon:colorize-true
09-20 15:56:30.418  1082  1082 D NotificationStatusIcon: updateTintForIcon:colorize-true
09-20 15:56:30.418  1082  1082 D NotificationStatusIcon: updateTintForIcon:colorize-true
09-20 15:56:30.418  1082  1082 D NotificationStatusIcon: updateTintForIcon:colorize-true
09-20 15:56:30.418  1082  1082 D NotificationStatusIcon: updateTintForIcon:colorize-true
09-20 15:56:30.418  1082  1082 D NotificationStatusIcon: updateTintForIcon:colorize-true
09-20 15:56:30.418  1082  1082 D NotificationStatusIcon: updateTintForIcon:colorize-true
09-20 15:56:30.418  1082  1082 D NotificationStatusIcon: updateTintForIcon:colorize-true
09-20 15:56:30.418  1082  1082 D NotificationStatusIcon: updateTintForIcon:colorize-true
09-20 15:56:30.418  1082  1082 D NotificationStatusIcon: updateTintForIcon:colorize-true
09-20 15:56:30.418  1082  1082 D NotificationStatusIcon: updateTintForIcon:colorize-true
09-20 15:56:30.418  1082  1082 D NotificationStatusIcon: updateTintForIcon:colorize-true
09-20 15:56:30.418  1082  1082 D NotificationStatusIcon: updateTintForIcon:colorize-true
09-20 15:56:30.421   524   524 W SurfaceFlinger: deleteTextures was not executed, mTexturePool.size() ==  mTexturePoolSize
09-20 15:56:30.437   524   524 W SurfaceFlinger: deleteTextures was not executed, mTexturePool.size() ==  mTexturePoolSize
09-20 15:56:30.463 31870 31899 V SoLoader: libfbjni.so not found on /data/data/com.haxor44.rmx26/lib-main
09-20 15:56:30.463 31870 31899 D SoLoader: libfbjni.so found on /data/app/~~f6bSqRki4MByUCLYoeUSIQ==/com.haxor44.rmx26-OPfCLq0nNN-ZkgRtXRYKPg==/lib/arm
09-20 15:56:30.463 31870 31899 D SoLoader: Not resolving dependencies for libfbjni.so
09-20 15:56:30.509 31870 31899 I ExpoModulesCore:  AppContext was initialized
09-20 15:56:30.511 31870 31899 V SoLoader: libreactnativejni.so not found on /data/data/com.haxor44.rmx26/lib-main
09-20 15:56:30.511 31870 31899 D SoLoader: libreactnativejni.so found on /data/app/~~f6bSqRki4MByUCLYoeUSIQ==/com.haxor44.rmx26-OPfCLq0nNN-ZkgRtXRYKPg==/lib/arm
09-20 15:56:30.511 31870 31899 D SoLoader: Not resolving dependencies for libreactnativejni.so
09-20 15:56:30.524 31870 31899 W unknown:ReactContext: initializeMessageQueueThreads() is called.
09-20 15:56:30.551   524   548 I SurfaceFlinger: id=3558 createSurf (0x0),-1 flag=80004, bcae71f com.haxor44.rmx26/com.haxor44.rmx26.MainActivity#0
09-20 15:56:30.569 31870 31870 W unknown:ViewManagerPropertyUpdater: Could not find generated setter for class com.facebook.react.views.drawer.ReactDrawerLayoutManager
09-20 15:56:30.572   524   524 W SurfaceFlinger: deleteTextures was not executed, mTexturePool.size() ==  mTexturePoolSize
09-20 15:56:30.578 31870 31870 W unknown:ViewManagerPropertyUpdater: Could not find generated setter for class com.facebook.react.uimanager.LayoutShadowNode
09-20 15:56:30.581 31870 31870 W unknown:ViewManagerPropertyUpdater: Could not find generated setter for class com.facebook.react.views.scroll.ReactHorizontalScrollViewManager
09-20 15:56:30.586 31870 31870 W unknown:ViewManagerPropertyUpdater: Could not find generated setter for class com.facebook.react.views.scroll.ReactHorizontalScrollContainerViewManager
09-20 15:56:30.588   524   524 W SurfaceFlinger: deleteTextures was not executed, mTexturePool.size() ==  mTexturePoolSize
09-20 15:56:30.589 31870 31870 W unknown:ViewManagerPropertyUpdater: Could not find generated setter for class com.facebook.react.views.progressbar.ReactProgressBarViewManager
09-20 15:56:30.590   488   512 D PowerHAL: ##Timing deboost
09-20 15:56:30.590   488   512 D PowerHAL: Enter common_set_for_release_when_close: enable:0, duration: 0, /dev/cluster0_freq_min: 
09-20 15:56:30.590   488   512 D PowerHAL: ##Timing deboost
09-20 15:56:30.590   488   512 D PowerHAL: Enter common_set_for_release_when_close: enable:0, duration: 0, /dev/cluster1_freq_min: 
09-20 15:56:30.591 31870 31870 W unknown:ViewManagerPropertyUpdater: Could not find generated setter for class com.facebook.react.views.progressbar.ProgressBarShadowNode
09-20 15:56:30.593 31870 31870 W unknown:ViewManagerPropertyUpdater: Could not find generated setter for class com.facebook.react.views.scroll.ReactScrollViewManager
09-20 15:56:30.596 31870 31870 W unknown:ViewManagerPropertyUpdater: Could not find generated setter for class com.facebook.react.views.switchview.ReactSwitchManager
09-20 15:56:30.600 31870 31870 W unknown:ViewManagerPropertyUpdater: Could not find generated setter for class com.facebook.react.views.switchview.ReactSwitchManager$ReactSwitchShadowNode
09-20 15:56:30.600 31870 31870 W unknown:ViewManagerPropertyUpdater: Could not find generated setter for class com.facebook.react.views.swiperefresh.SwipeRefreshLayoutManager
09-20 15:56:30.604 31870 31870 W unknown:ViewManagerPropertyUpdater: Could not find generated setter for class com.facebook.react.views.text.frescosupport.FrescoBasedReactTextInlineImageViewManager
09-20 15:56:30.605 31870 31870 W unknown:ViewManagerPropertyUpdater: Could not find generated setter for class com.facebook.react.views.text.frescosupport.FrescoBasedReactTextInlineImageShadowNode
09-20 15:56:30.606 31870 31870 W unknown:ViewManagerPropertyUpdater: Could not find generated setter for class com.facebook.react.views.image.ReactImageManager
09-20 15:56:30.609 31870 31870 W unknown:ViewManagerPropertyUpdater: Could not find generated setter for class com.facebook.react.views.modal.ReactModalHostManager
09-20 15:56:30.611 31870 31870 W unknown:ViewManagerPropertyUpdater: Could not find generated setter for class com.facebook.react.views.modal.ModalHostShadowNode
09-20 15:56:30.612 31870 31870 W unknown:ViewManagerPropertyUpdater: Could not find generated setter for class com.facebook.react.views.text.ReactRawTextManager
09-20 15:56:30.615 31870 31870 W unknown:ViewManagerPropertyUpdater: Could not find generated setter for class com.facebook.react.views.text.ReactRawTextShadowNode
09-20 15:56:30.616 31870 31870 W unknown:ViewManagerPropertyUpdater: Could not find generated setter for class com.facebook.react.views.textinput.ReactTextInputManager
09-20 15:56:30.619  1048  1227 I TelephonyProvider: D/TelephonyProvider: Using old permission behavior for telephony provider compat
09-20 15:56:30.619  1048  1227 I TelephonyProvider: D/TelephonyProvider: subIdString = 1 subId = 1
09-20 15:56:30.622 31870 31870 W unknown:ViewManagerPropertyUpdater: Could not find generated setter for class com.facebook.react.views.textinput.ReactTextInputShadowNode
09-20 15:56:30.625 31870 31870 W unknown:ViewManagerPropertyUpdater: Could not find generated setter for class com.facebook.react.views.text.ReactTextViewManager
09-20 15:56:30.627 31870 31870 W unknown:ViewManagerPropertyUpdater: Could not find generated setter for class com.facebook.react.views.text.ReactTextShadowNode
09-20 15:56:30.628 31870 31870 W unknown:ViewManagerPropertyUpdater: Could not find generated setter for class com.facebook.react.views.view.ReactViewManager
09-20 15:56:30.632 31870 31870 W unknown:ViewManagerPropertyUpdater: Could not find generated setter for class com.facebook.react.views.text.ReactVirtualTextViewManager
09-20 15:56:30.632 31870 31870 W unknown:ViewManagerPropertyUpdater: Could not find generated setter for class com.facebook.react.views.text.ReactVirtualTextShadowNode
09-20 15:56:30.633 31870 31870 W unknown:ViewManagerPropertyUpdater: Could not find generated setter for class com.facebook.react.views.unimplementedview.ReactUnimplementedViewManager
09-20 15:56:30.637 31870 31870 W unknown:ReactContext: initializeMessageQueueThreads() is called.
09-20 15:56:30.639 31870 31870 V SoLoader: libyoga.so not found on /data/data/com.haxor44.rmx26/lib-main
09-20 15:56:30.639 31870 31870 D SoLoader: libyoga.so found on /data/app/~~f6bSqRki4MByUCLYoeUSIQ==/com.haxor44.rmx26-OPfCLq0nNN-ZkgRtXRYKPg==/lib/arm
09-20 15:56:30.639 31870 31870 D SoLoader: Not resolving dependencies for libyoga.so
09-20 15:56:30.643  1048  1227 I TelephonyProvider: D/TelephonyProvider: Using old permission behavior for telephony provider compat
09-20 15:56:30.644  1048  1227 I TelephonyProvider: D/TelephonyProvider: subIdString = 1 subId = 1
09-20 15:56:30.649   819  6829 V WindowManager: Relayout Window{bcae71f u0 com.haxor44.rmx26/com.haxor44.rmx26.MainActivity}: viewVisibility=0 req=720x1600 d0
09-20 15:56:30.649   524   548 I SurfaceFlinger: id=3559 createSurf (1x1),-3 flag=40004, com.haxor44.rmx26/com.haxor44.rmx26.MainActivity#0
09-20 15:56:30.650   819  6829 D WindowManager: makeSurface duration=1 name=com.haxor44.rmx26/com.haxor44.rmx26.MainActivity
09-20 15:56:30.652   819  6829 I WindowManager: Cancelling animation restarting=true, leash=Surface(name=Surface(name=f698c6b StatusBar)/@0xde7458c - animation-leash of insets_animation)/@0x786942f
09-20 15:56:30.652   819  6829 I WindowManager: Reparenting to original parent: Surface(name=WindowToken{85545ba android.os.BinderProxy@86f5dc})/@0x8f174d5, destroy=false, surface=Surface(name=f698c6b StatusBar)/@0xde7458c
09-20 15:56:30.652   819  6829 I WindowManager: Reparenting to leash, surface=Surface(name=f698c6b StatusBar)/@0xde7458c, leashParent=Surface(name=WindowToken{85545ba android.os.BinderProxy@86f5dc})/@0x8f174d5
09-20 15:56:30.653   524   548 I SurfaceFlinger: id=3560 createSurf (0x0),-1 flag=24000, Surface(name=f698c6b StatusBar)/@0xde7458c - animation-leash of insets_animation#0
09-20 15:56:30.653   819  6829 D WindowManager: makeSurface duration=1 leash=Surface(name=Surface(name=f698c6b StatusBar)/@0xde7458c - animation-leash of insets_animation)/@0xfdf396
09-20 15:56:30.653   819  6829 I WindowManager: Cancelling animation restarting=true, leash=Surface(name=Surface(name=d2f492 NavigationBar0)/@0x7f723db - animation-leash of insets_animation)/@0x2f123c5
09-20 15:56:30.653   819  6829 I WindowManager: Reparenting to original parent: Surface(name=WindowToken{cf3e2f4 android.os.BinderProxy@8f4fe06})/@0x7892e78, destroy=false, surface=Surface(name=d2f492 NavigationBar0)/@0x7f723db
09-20 15:56:30.654   819  6829 I WindowManager: Reparenting to leash, surface=Surface(name=d2f492 NavigationBar0)/@0x7f723db, leashParent=Surface(name=WindowToken{cf3e2f4 android.os.BinderProxy@8f4fe06})/@0x7892e78
09-20 15:56:30.654   524   548 I SurfaceFlinger: id=3561 createSurf (0x0),-1 flag=24000, Surface(name=d2f492 NavigationBar0)/@0x7f723db - animation-leash of insets_animation#0
09-20 15:56:30.655   819  6829 D WindowManager: makeSurface duration=0 leash=Surface(name=Surface(name=d2f492 NavigationBar0)/@0x7f723db - animation-leash of insets_animation)/@0x1793b04
09-20 15:56:30.655   819  6829 D StatusBarManagerService: notifyRequestedSystemKey recent=false home=false
09-20 15:56:30.655   524   524 W SurfaceFlinger: deleteTextures was not executed, mTexturePool.size() < mTexturePoolSize
09-20 15:56:30.656   819  6829 V WindowManager: Relayout hash=bcae71f, pid=31870: mAttrs={(0,0)(fillxfill) sim={adjust=resize forwardNavigation} ty=BASE_APPLICATION wanim=0x1030303
09-20 15:56:30.656   819  6829 V WindowManager:   fl=81810100
09-20 15:56:30.656   819  6829 V WindowManager:   pfl=12020040
09-20 15:56:30.656   819  6829 V WindowManager:   bhv=DEFAULT
09-20 15:56:30.656   819  6829 V WindowManager:   fitSides=}
09-20 15:56:30.672   524   524 W SurfaceFlinger: deleteTextures was not executed, mTexturePool.size() ==  mTexturePoolSize
09-20 15:56:30.685   524   547 E HWComposer: getSupportedContentTypes: getSupportedContentTypes failed for display 0: Unsupported (8)
09-20 15:56:30.685   524   524 I Layer   : id=3556 removedFromDrawingState Surface(name=f698c6b StatusBar)/@0xde7458c - animation-leash of insets_animation#1 (111)
09-20 15:56:30.685   524   524 I Layer   : id=3557 removedFromDrawingState Surface(name=d2f492 NavigationBar0)/@0x7f723db - animation-leash of insets_animation#1 (111)
09-20 15:56:30.686   524   524 I SurfaceFlinger: id=3556 Removed Surface(name=f698c6b StatusBar)/@0xde7458c - animation-leash of insets_animation#1 (111)
09-20 15:56:30.686   524   524 I SurfaceFlinger: id=3557 Removed Surface(name=d2f492 NavigationBar0)/@0x7f723db - animation-leash of insets_animation#1 (111)
09-20 15:56:30.686 31870 31896 D hw-ProcessState: Binder ioctl to enable oneway spam detection failed: Invalid argument
09-20 15:56:30.686   524   524 I Layer   : id=3556 Destroyed Surface(name=f698c6b StatusBar)/@0xde7458c - animation-leash of insets_animation#1
09-20 15:56:30.686   524   524 I Layer   : id=3557 Destroyed Surface(name=d2f492 NavigationBar0)/@0x7f723db - animation-leash of insets_animation#1
09-20 15:56:30.687   524   524 I Layer   : FL_V_info: (BufferStateLayer)Name=bcae71f com.haxor44.rmx26/com.haxor44.rmx26.MainActivity, Visible=0(Hiddenflag = 1, Alpha = 1.000000, [BufferInfo.mBuffer || mSidebandStream] = 0),Layer.flag=0x103
09-20 15:56:30.690   524   524 W SurfaceFlinger: deleteTextures was not executed, mTexturePool.size() ==  mTexturePoolSize
09-20 15:56:30.693   479   479 D IMGGralloc: GBuffer--------------(*format)=1
09-20 15:56:30.693   479   479 D IMGGralloc: Gralloc alloc start  w:720, h:1600, f:0x1, usage:0x900, line = 1614
09-20 15:56:30.694   479   479 D IMGGralloc: Gralloc Alloc end  w:720, h:1600, f:0x101, usage:0x900, handle:0xeb52a780, ui64Stamp:56474, sSize:4608000, line = 2069
09-20 15:56:30.694   479   479 D IMGGralloc: Gralloc Free  w:720, h:1600, f:0x101, usage:0x900, ui64Stamp:56474 line = 2499
09-20 15:56:30.695 31870 31916 D IMGGralloc: Gralloc Register  w:720, h:1600, f:0x101, usage:0x900, ui64Stamp:56474, sSize:4608000, line = 2376
09-20 15:56:30.695 31870 31916 D IMGGralloc: Gralloc Free  w:720, h:1600, f:0x101, usage:0x900, ui64Stamp:56474 line = 2499
09-20 15:56:30.695   479   479 D IMGGralloc: GBuffer--------------(*format)=1
09-20 15:56:30.695   479   479 D IMGGralloc: Gralloc alloc start  w:720, h:1600, f:0x1, usage:0xb00, line = 1614
09-20 15:56:30.696   479   479 D IMGGralloc: Gralloc Alloc end  w:720, h:1600, f:0x101, usage:0xb00, handle:0xeb52a780, ui64Stamp:56476, sSize:4608000, line = 2069
09-20 15:56:30.696   479   479 D IMGGralloc: Gralloc Free  w:720, h:1600, f:0x101, usage:0xb00, ui64Stamp:56476 line = 2499
09-20 15:56:30.697 31870 31896 D IMGGralloc: Gralloc Register  w:720, h:1600, f:0x101, usage:0xb00, ui64Stamp:56476, sSize:4608000, line = 2376
09-20 15:56:30.697   479   479 D IMGGralloc: GBuffer--------------(*format)=1
09-20 15:56:30.697   479   479 D IMGGralloc: Gralloc alloc start  w:720, h:1600, f:0x1, usage:0x900, line = 1614
09-20 15:56:30.698   479   479 D IMGGralloc: Gralloc Alloc end  w:720, h:1600, f:0x101, usage:0x900, handle:0xeb52a780, ui64Stamp:56478, sSize:4608000, line = 2069
09-20 15:56:30.699   479   479 D IMGGralloc: Gralloc Free  w:720, h:1600, f:0x101, usage:0x900, ui64Stamp:56478 line = 2499
09-20 15:56:30.699 31870 31916 D IMGGralloc: Gralloc Register  w:720, h:1600, f:0x101, usage:0x900, ui64Stamp:56478, sSize:4608000, line = 2376
09-20 15:56:30.699   479   479 D IMGGralloc: GBuffer--------------(*format)=1
09-20 15:56:30.699   479   479 D IMGGralloc: Gralloc alloc start  w:720, h:1600, f:0x1, usage:0x900, line = 1614
09-20 15:56:30.700   479   479 D IMGGralloc: Gralloc Alloc end  w:720, h:1600, f:0x101, usage:0x900, handle:0xeb52a780, ui64Stamp:56480, sSize:4608000, line = 2069
09-20 15:56:30.700   479   479 D IMGGralloc: Gralloc Free  w:720, h:1600, f:0x101, usage:0x900, ui64Stamp:56480 line = 2499
09-20 15:56:30.700 31870 31916 D IMGGralloc: Gralloc Register  w:720, h:1600, f:0x101, usage:0x900, ui64Stamp:56480, sSize:4608000, line = 2376
09-20 15:56:30.705 31870 31906 V SoLoader: libexpo-modules-core.so not found on /data/data/com.haxor44.rmx26/lib-main
09-20 15:56:30.706 31870 31906 D SoLoader: libexpo-modules-core.so found on /data/app/~~f6bSqRki4MByUCLYoeUSIQ==/com.haxor44.rmx26-OPfCLq0nNN-ZkgRtXRYKPg==/lib/arm
09-20 15:56:30.706 31870 31906 D SoLoader: Not resolving dependencies for libexpo-modules-core.so
09-20 15:56:30.714 31870 31906 V SoLoader: libturbomodulejsijni.so not found on /data/data/com.haxor44.rmx26/lib-main
09-20 15:56:30.715 31870 31906 D SoLoader: libturbomodulejsijni.so found on /data/app/~~f6bSqRki4MByUCLYoeUSIQ==/com.haxor44.rmx26-OPfCLq0nNN-ZkgRtXRYKPg==/lib/arm
09-20 15:56:30.715 31870 31906 D SoLoader: Not resolving dependencies for libturbomodulejsijni.so
09-20 15:56:30.718 31870 31906 I ExpoModulesCore:  JSI interop was installed
09-20 15:56:30.726 31870 31906 I ExpoModulesCore:  Constants were exported
09-20 15:56:30.765   524   547 D IMGGralloc: Gralloc Register  w:720, h:1600, f:0x101, usage:0xb00, ui64Stamp:56476, sSize:4608000, line = 2376
09-20 15:56:30.766   524   547 D IMGGralloc: GBuffer--------------(*format)=1
09-20 15:56:30.766   488   512 D PowerHAL: ##Timing deboost
09-20 15:56:30.767   488   512 D PowerHAL: Enter common_set_for_release_when_close: enable:0, duration: 0, /dev/cluster0_freq_max: 
09-20 15:56:30.767   488   512 D PowerHAL: ##Timing deboost
09-20 15:56:30.767   488   512 D PowerHAL: Enter common_set_for_release_when_close: enable:0, duration: 0, /dev/cluster1_freq_max: 
09-20 15:56:30.767   488   512 D PowerHAL: ##Timing deboost
09-20 15:56:30.767   488   512 D PowerHAL: Enter devfreq_ddr_set: enable:0, duration: 0, /sys/class/devfreq/scene-frequency/sprd-governor/scene_boost_dfs: 
09-20 15:56:30.771   819  3150 D WindowManager: finishDrawingWindow: Window{bcae71f u0 com.haxor44.rmx26/com.haxor44.rmx26.MainActivity} mDrawState=DRAW_PENDING
09-20 15:56:30.774   819   880 I WindowManager: Reparenting to leash, surface=Surface(name=bcae71f com.haxor44.rmx26/com.haxor44.rmx26.MainActivity)/@0xc9db322, leashParent=Surface(name=ActivityRecord{cc9bb55 u0 com.haxor44.rmx26/.MainActivity)/@0xa05d1b3
09-20 15:56:30.774   524   547 I SurfaceFlinger: id=3562 createSurf (0x0),-1 flag=24000, Surface(name=bcae71f com.haxor44.rmx26/com.haxor44.rmx26.MainActivity)/@0xc9db322 - animation-leash of starting_reveal#0
09-20 15:56:30.775   819   880 D WindowManager: makeSurface duration=1 leash=Surface(name=Surface(name=bcae71f com.haxor44.rmx26/com.haxor44.rmx26.MainActivity)/@0xc9db322 - animation-leash of starting_reveal)/@0xdd10370
09-20 15:56:30.780 31870 31870 D InsetsSourceConsumer: ensureControlAlpha: for ITYPE_NAVIGATION_BAR on com.haxor44.rmx26/com.haxor44.rmx26.MainActivity
09-20 15:56:30.781 31870 31870 D InsetsSourceConsumer: ensureControlAlpha: for ITYPE_STATUS_BAR on com.haxor44.rmx26/com.haxor44.rmx26.MainActivity
09-20 15:56:30.782   488   488 D PowerHAL: ###Exit launch scene bgn###
09-20 15:56:30.782   488   488 D PowerHAL: Enter common_set_for_release_when_close: enable:0, duration: 0, /dev/cluster0_freq_max: 124F80
09-20 15:56:30.782   488   488 D PowerHAL: ALL cluster0_freq_max requests has been handled
09-20 15:56:30.782   488   488 D PowerHAL: Enter common_set_for_release_when_close: enable:0, duration: 0, /dev/cluster0_freq_min: 124F80
09-20 15:56:30.782   488   488 D PowerHAL: ALL cluster0_freq_min requests has been handled
09-20 15:56:30.782   488   488 D PowerHAL: Enter common_set_for_release_when_close: enable:0, duration: 0, /dev/cluster1_freq_max: 186A00
09-20 15:56:30.782   488   488 D PowerHAL: ALL cluster1_freq_max requests has been handled
09-20 15:56:30.782   488   488 D PowerHAL: Enter common_set_for_release_when_close: enable:0, duration: 0, /dev/cluster1_freq_min: 186A00
09-20 15:56:30.782   488   488 D PowerHAL: ALL cluster1_freq_min requests has been handled
09-20 15:56:30.783   488   488 D PowerHAL: Enter devfreq_ddr_set: enable:0, duration: 0, /sys/class/devfreq/scene-frequency/sprd-governor/scene_boost_dfs: max
09-20 15:56:30.783   488   488 D PowerHAL: ###Exit launch scene end###
09-20 15:56:30.784  1293  1293 V Launcher: Launcher.onStop()
09-20 15:56:30.785  1293  1293 D Launcher: Time spent in onStop: 1
09-20 15:56:30.785   524   552 D IMGGralloc: Gralloc Free  w:720, h:1600, f:0x101, usage:0xb00, ui64Stamp:56410 line = 2499
09-20 15:56:30.785   819   876 I ActivityTaskManager: Displayed com.haxor44.rmx26/.MainActivity: +589ms
09-20 15:56:30.786  1293  1293 D Launcher: put to state my pid 1293
09-20 15:56:30.787   524   524 I Layer   : FL_V_info: (BufferStateLayer)Name=bcae71f com.haxor44.rmx26/com.haxor44.rmx26.MainActivity, Visible=1(Hiddenflag = 0, Alpha = 1.000000, [BufferInfo.mBuffer || mSidebandStream] = 2),Layer.flag=0x102
09-20 15:56:30.789  1082  1484 D IMGGralloc: Gralloc Free  w:720, h:1600, f:0x101, usage:0x900, ui64Stamp:56427 line = 2499
09-20 15:56:30.789   482   482 D IMGGralloc: Gralloc Register  w:720, h:1600, f:0x101, usage:0xb00, ui64Stamp:56476, sSize:4608000, line = 2376
09-20 15:56:30.790 31870 31870 D InputMethodManager: prepareNavigationBarInfo() DecorView@4c120e5[MainActivity]
09-20 15:56:30.790 31870 31870 D InputMethodManager: getNavigationBarColor() Fail
09-20 15:56:30.790   819   879 I ActivityManager: Changes in 10073 2 to 5, 15 to 8
09-20 15:56:30.791 31870 31870 I InputMethodManager: startInputInner - mService.startInputOrWindowGainedFocus
09-20 15:56:30.787   497   497 W HwBinder:497_2: type=1400 audit(0.0:2416): avc: denied { read } for name="driver_stats" dev="proc" ino=4026532830 scontext=u:r:hal_combined_default:s0 tcontext=u:object_r:proc:s0 tclass=file permissive=0
09-20 15:56:30.791   479   479 D IMGGralloc: GBuffer--------------(*format)=1
09-20 15:56:30.791   479   479 D IMGGralloc: Gralloc alloc start  w:720, h:1600, f:0x1, usage:0xb00, line = 1614
09-20 15:56:30.791   497   518 E IMGMemtrackHAL: DbgFsParseFile: fopen of /proc/pvr/driver_stats failed (Permission denied)
09-20 15:56:30.792   819  3150 V InputMethodManagerService: hideCurrentInputLocked : shouldHideSoftInput is false
09-20 15:56:30.792   479   479 D IMGGralloc: Gralloc Alloc end  w:720, h:1600, f:0x101, usage:0xb00, handle:0xeb52a780, ui64Stamp:56507, sSize:4608000, line = 2069
09-20 15:56:30.793  1082  1484 D IMGGralloc: Gralloc Register  w:720, h:1600, f:0x101, usage:0xb00, ui64Stamp:56507, sSize:4608000, line = 2376
09-20 15:56:30.793   479   479 D IMGGralloc: Gralloc Free  w:720, h:1600, f:0x101, usage:0xb00, ui64Stamp:56507 line = 2499
09-20 15:56:30.794   497   518 E IMGMemtrackHAL: GetGraphicsMemtrackRecords: DbgFsParseDir for /d/ion failed (No such file or directory)
09-20 15:56:30.794   524   524 D SurfaceFlinger: Display 0 HWC layers:
09-20 15:56:30.794   524   524 D SurfaceFlinger:      DEVICE | 0xf33fe400 | 0102 | RGBA_8888    |    0.0    0.0  720.0 1600.0 |    0    0  720 1600 | com.haxor44.rmx26/com.haxor44.rmx26.MainActivity#0
09-20 15:56:30.794   524   524 D SurfaceFlinger:      DEVICE | 0xf33feac0 | 0100 | RGBA_8888    |    0.0    0.0  720.0 1600.0 |    0    0  720 1600 | Splash Screen com.haxor44.rmx26#0
09-20 15:56:30.794   524   524 D SurfaceFlinger:      DEVICE | 0xf33fe280 | 0100 | RGBA_8888    |    0.0    0.0  720.0   48.0 |    0    0  720   48 | StatusBar#0
09-20 15:56:30.794   524   524 D SurfaceFlinger:      DEVICE | 0xf33fe7c0 | 0100 | RGBA_8888    |    0.0    0.0  720.0   96.0 |    0 1504  720 1600 | NavigationBar0#0
09-20 15:56:30.794   524   524 D SurfaceFlinger: 
09-20 15:56:30.795   524   524 W SurfaceFlinger: deleteTextures was not executed, mTexturePool.size() ==  mTexturePoolSize
09-20 15:56:30.797   819  3150 W InputMethodManagerService: onSessionCreated
09-20 15:56:30.798   524   906 D IMGGralloc: Gralloc Register  w:720, h:1600, f:0x101, usage:0xb00, ui64Stamp:56507, sSize:4608000, line = 2376
09-20 15:56:30.799   819  1039 I WindowManager: Cancelling animation restarting=true, leash=Surface(name=Surface(name=88fdb2f InputMethod)/@0x27542c5 - animation-leash of insets_animation)/@0xc343ea1
09-20 15:56:30.799   819  1039 I WindowManager: Reparenting to original parent: Surface(name=WindowToken{9ec0cee android.os.Binder@2753a69})/@0xfa3a41a, destroy=false, surface=Surface(name=88fdb2f InputMethod)/@0x27542c5
09-20 15:56:30.799   524   906 D IMGGralloc: GBuffer--------------(*format)=1
09-20 15:56:30.799 22990 22990 I SKBD    : SamsungKeypad [IMI] onStartInput - caller pid : 31870, caller uid : 10237
09-20 15:56:30.799   819  1039 I WindowManager: Reparenting to leash, surface=Surface(name=88fdb2f InputMethod)/@0x27542c5, leashParent=Surface(name=WindowToken{9ec0cee android.os.Binder@2753a69})/@0xfa3a41a
09-20 15:56:30.800   524   548 I SurfaceFlinger: id=3563 createSurf (0x0),-1 flag=24004, Surface(name=88fdb2f InputMethod)/@0x27542c5 - animation-leash of insets_animation#0
09-20 15:56:30.801   819  1039 D WindowManager: makeSurface duration=2 leash=Surface(name=Surface(name=88fdb2f InputMethod)/@0x27542c5 - animation-leash of insets_animation)/@0xed6847a
09-20 15:56:30.803   524   524 I Layer   : FL_V_info: (BufferStateLayer)Name=bcae71f com.haxor44.rmx26/com.haxor44.rmx26.MainActivity, Visible=1(Hiddenflag = 0, Alpha = 1.000000, [BufferInfo.mBuffer || mSidebandStream] = 2),Layer.flag=0x102
09-20 15:56:30.803  1082  1484 D IMGGralloc: Gralloc Free  w:720, h:1600, f:0x101, usage:0x900, ui64Stamp:56421 line = 2499
09-20 15:56:30.805   482   482 D IMGGralloc: Gralloc Register  w:720, h:1600, f:0x101, usage:0xb00, ui64Stamp:56507, sSize:4608000, line = 2376
09-20 15:56:30.805   479   479 D IMGGralloc: GBuffer--------------(*format)=1
09-20 15:56:30.805   479   479 D IMGGralloc: Gralloc alloc start  w:720, h:1600, f:0x1, usage:0xb00, line = 1614
09-20 15:56:30.806   479   479 D IMGGralloc: Gralloc Alloc end  w:720, h:1600, f:0x101, usage:0xb00, handle:0xeb52a780, ui64Stamp:56509, sSize:4608000, line = 2069
09-20 15:56:30.807   479   479 D IMGGralloc: Gralloc Free  w:720, h:1600, f:0x101, usage:0xb00, ui64Stamp:56509 line = 2499
09-20 15:56:30.807  1082  1484 D IMGGralloc: Gralloc Register  w:720, h:1600, f:0x101, usage:0xb00, ui64Stamp:56509, sSize:4608000, line = 2376
09-20 15:56:30.809   524   524 W SurfaceFlinger: deleteTextures was not executed, mTexturePool.size() ==  mTexturePoolSize
09-20 15:56:30.809   819  1039 E WindowManager: win=Window{5d7461f u0 com.sec.android.app.launcher/com.android.launcher3.infra.activity.Launcher} destroySurfaces: appStopped=true win.mWindowRemovalAllowed=false win.mRemoveOnExit=false win.mViewVisibility=8 caller=com.android.server.wm.ActivityRecord.destroySurfaces:5192 com.android.server.wm.ActivityRecord.destroySurfaces:5173 com.android.server.wm.ActivityRecord.notifyAppStopped:5237 com.android.server.wm.ActivityRecord.activityStopped:5770 com.android.server.wm.ActivityClientController.activityStopped:214 android.app.IActivityClientController$Stub.onTransact:570 com.android.server.wm.ActivityClientController.onTransact:122 
09-20 15:56:30.810   524   906 D IMGGralloc: Gralloc Register  w:720, h:1600, f:0x101, usage:0xb00, ui64Stamp:56509, sSize:4608000, line = 2376
09-20 15:56:30.811   524   906 D IMGGralloc: GBuffer--------------(*format)=1
09-20 15:56:30.812   819  3150 D InputMethodManagerService: isImeSwitcherDisabledPackage : false
09-20 15:56:30.813   497   518 E IMGMemtrackHAL: DbgFsParseFile: fopen of /proc/pvr/driver_stats failed (Permission denied)
09-20 15:56:30.807   497   497 W HwBinder:497_2: type=1400 audit(0.0:2417): avc: denied { read } for name="driver_stats" dev="proc" ino=4026532830 scontext=u:r:hal_combined_default:s0 tcontext=u:object_r:proc:s0 tclass=file permissive=0
09-20 15:56:30.813   497   518 E IMGMemtrackHAL: GetGraphicsMemtrackRecords: DbgFsParseDir for /d/ion failed (No such file or directory)
09-20 15:56:30.815 31870 31906 E ReactNativeJS: [react-native-gesture-handler] react-native-gesture-handler module was not found. Make sure you're running your app on the native platform and your code is linked properly (cd ios && pod install && cd ..).
09-20 15:56:30.815 31870 31906 E ReactNativeJS: 
09-20 15:56:30.815 31870 31906 E ReactNativeJS: For installation instructions, please refer to https://docs.swmansion.com/react-native-gesture-handler/docs/#installation
09-20 15:56:30.819   524   524 I Layer   : id=3549 removedFromDrawingState Surface(name=88fdb2f InputMethod)/@0x27542c5 - animation-leash of insets_animation#1 (111)
09-20 15:56:30.819   524   524 I Layer   : id=3546 removedFromDrawingState com.sec.android.app.launcher/com.android.launcher3.infra.activity.Launcher#0 (111)
09-20 15:56:30.820   524   524 I SurfaceFlinger: id=3546 Removed com.sec.android.app.launcher/com.android.launcher3.infra.activity.Launcher#0 (111)
09-20 15:56:30.820   524   524 I SurfaceFlinger: id=3549 Removed Surface(name=88fdb2f InputMethod)/@0x27542c5 - animation-leash of insets_animation#1 (111)
09-20 15:56:30.820   524   524 D IMGGralloc: Gralloc Free  w:720, h:1600, f:0x101, usage:0xb00, ui64Stamp:56408 line = 2499
09-20 15:56:30.821   524   524 I Layer   : id=3546 Destroyed com.sec.android.app.launcher/com.android.launcher3.infra.activity.Launcher#0
09-20 15:56:30.822   524   524 I Layer   : id=3549 Destroyed Surface(name=88fdb2f InputMethod)/@0x27542c5 - animation-leash of insets_animation#1
09-20 15:56:30.823   524   524 I Layer   : FL_V_info: (BufferStateLayer)Name=bcae71f com.haxor44.rmx26/com.haxor44.rmx26.MainActivity, Visible=1(Hiddenflag = 0, Alpha = 1.000000, [BufferInfo.mBuffer || mSidebandStream] = 2),Layer.flag=0x102
09-20 15:56:30.825   482   482 D IMGGralloc: Gralloc Register  w:720, h:1600, f:0x101, usage:0xb00, ui64Stamp:56509, sSize:4608000, line = 2376
09-20 15:56:30.836   524   524 I Layer   : FL_V_info: (BufferStateLayer)Name=bcae71f com.haxor44.rmx26/com.haxor44.rmx26.MainActivity, Visible=1(Hiddenflag = 0, Alpha = 1.000000, [BufferInfo.mBuffer || mSidebandStream] = 2),Layer.flag=0x102
09-20 15:56:30.837  1082  1484 D IMGGralloc: Gralloc Free  w:720, h:1600, f:0x101, usage:0xb00, ui64Stamp:56507 line = 2499
09-20 15:56:30.839   819  1039 V WindowManager: Relayout Window{db7b7d1 u0 Splash Screen com.haxor44.rmx26}: viewVisibility=8 req=720x1600 d0
09-20 15:56:30.840   819  1039 I WindowManager: Reparenting to leash, surface=Surface(name=db7b7d1 Splash Screen com.haxor44.rmx26)/@0xd8b6a21, leashParent=Surface(name=ActivityRecord{cc9bb55 u0 com.haxor44.rmx26/.MainActivity)/@0xa05d1b3
09-20 15:56:30.840   524   906 I SurfaceFlinger: id=3564 createSurf (0x0),-1 flag=24000, Surface(name=db7b7d1 Splash Screen com.haxor44.rmx26)/@0xd8b6a21 - animation-leash of window_animation#0
09-20 15:56:30.840   524   524 W SurfaceFlinger: deleteTextures was not executed, mTexturePool.size() ==  mTexturePoolSize
09-20 15:56:30.841  1082 15631 D IMGGralloc: Gralloc Free  w:720, h:1600, f:0x101, usage:0xb00, ui64Stamp:56509 line = 2499
09-20 15:56:30.841   819  1039 D WindowManager: makeSurface duration=1 leash=Surface(name=Surface(name=db7b7d1 Splash Screen com.haxor44.rmx26)/@0xd8b6a21 - animation-leash of window_animation)/@0x5386e46
09-20 15:56:30.847   819  1039 V WindowManager: Relayout hash=db7b7d1, pid=1082: mAttrs={(0,0)(fillxfill) sim={adjust=pan} ty=APPLICATION_STARTING fmt=TRANSLUCENT wanim=0x1030303
09-20 15:56:30.847   819  1039 V WindowManager:   fl=81030118
09-20 15:56:30.847   819  1039 V WindowManager:   pfl=36000010
09-20 15:56:30.847   819  1039 V WindowManager:   apr=LIGHT_STATUS_BARS LIGHT_NAVIGATION_BARS
09-20 15:56:30.847   819  1039 V WindowManager:   bhv=DEFAULT
09-20 15:56:30.847   819  1039 V WindowManager:   fitSides=}
09-20 15:56:30.848  1082  1222 D IMGGralloc: Gralloc Free  w:720, h:1600, f:0x101, usage:0xb00, ui64Stamp:56418 line = 2499
09-20 15:56:30.851 31870 31907 E unknown:ReactNative: console.error: [react-native-gesture-handler] react-native-gesture-handler module was not found. Make sure you're running your app on the native platform and your code is linked properly (cd ios && pod install && cd ..).
09-20 15:56:30.851 31870 31907 E unknown:ReactNative: 
09-20 15:56:30.851 31870 31907 E unknown:ReactNative: For installation instructions, please refer to https://docs.swmansion.com/react-native-gesture-handler/docs/#installation, js engine: hermes, stack:
09-20 15:56:30.851 31870 31907 E unknown:ReactNative: _construct@1:60923
09-20 15:56:30.851 31870 31907 E unknown:ReactNative: Wrapper@1:60568
09-20 15:56:30.851 31870 31907 E unknown:ReactNative: _createSuperInternal@1:57674
09-20 15:56:30.851 31870 31907 E unknown:ReactNative: SyntheticError@1:59124
09-20 15:56:30.851 31870 31907 E unknown:ReactNative: reactConsoleErrorHandler@1:58761
09-20 15:56:30.851 31870 31907 E unknown:ReactNative: anonymous@1:847681
09-20 15:56:30.851 31870 31907 E unknown:ReactNative: loadModuleImplementation@1:28272
09-20 15:56:30.851 31870 31907 E unknown:ReactNative: guardedLoadModule@1:27827
09-20 15:56:30.851 31870 31907 E unknown:ReactNative: metroRequire@1:27455
09-20 15:56:30.851 31870 31907 E unknown:ReactNative: anonymous@1:843511
09-20 15:56:30.851 31870 31907 E unknown:ReactNative: loadModuleImplementation@1:28272
09-20 15:56:30.851 31870 31907 E unknown:ReactNative: guardedLoadModule@1:27827
09-20 15:56:30.851 31870 31907 E unknown:ReactNative: metroRequire@1:27455
09-20 15:56:30.851 31870 31907 E unknown:ReactNative: anonymous@1:842497
09-20 15:56:30.851 31870 31907 E unknown:ReactNative: loadModuleImplementation@1:28272
09-20 15:56:30.851 31870 31907 E unknown:ReactNative: guardedLoadModule@1:27827
09-20 15:56:30.851 31870 31907 E unknown:ReactNative: metroRequire@1:27455
09-20 15:56:30.851 31870 31907 E unknown:ReactNative: anonymous@1:840341
09-20 15:56:30.851 31870 31907 E unknown:ReactNative: loadModuleImplementation@1:28272
09-20 15:56:30.851 31870 31907 E unknown:ReactNative: guardedLoadModule@1:27827
09-20 15:56:30.851 31870 31907 E unknown:ReactNative: metroRequire@1:27455
09-20 15:56:30.851 31870 31907 E unknown:ReactNative: anonymous@1:839660
09-20 15:56:30.851 31870 31907 E unknown:ReactNative: loadModuleImplementation@1:28272
09-20 15:56:30.851 31870 31907 E unknown:ReactNative: guardedLoadModule@1:27827
09-20 15:56:30.851 31870 31907 E unknown:ReactNative: metroRequire@1:27455
09-20 15:56:30.851 31870 31907 E unknown:ReactNative: anonymous@1:806871
09-20 15:56:30.851 31870 31907 E unknown:ReactNative: loadModuleImplementation@1:28272
09-20 15:56:30.851 31870 31907 E unknown:ReactNative: guardedLoadModule@1:27827
09-20 15:56:30.851 31870 31907 E unknown:ReactNative: metroRequire@1:27455
09-20 15:56:30.851 31870 31907 E unknown:ReactNative: anonymous@1:804858
09-20 15:56:30.851 31870 31907 E unknown:ReactNative: loadModuleImplementation@1:28272
09-20 15:56:30.851 31870 31907 E unknown:ReactNative: guardedLoadModule@1:27827
09-20 15:56:30.851 31870 31907 E unknown:ReactNative: metroRequire@1:27455
09-20 15:56:30.851 31870 31907 E unknown:ReactNative: anonymous@1:797362
09-20 15:56:30.851 31870 31907 E unknown:ReactNative: loadModuleImplementation@1:28272
09-20 15:56:30.851 31870 31907 E unknown:ReactNative: guardedLoadModule@1:27827
09-20 15:56:30.851 31870 31907 E unknown:ReactNative: metroRequire@1:27455
09-20 15:56:30.851 31870 31907 E unknown:ReactNative: anonymous@1:665489
09-20 15:56:30.851 31870 31907 E unknown:ReactNative: loadModuleImplementation@1:28272
09-20 15:56:30.851 31870 31907 E unknown:ReactNative: guardedLoadModule@1:27827
09-20 15:56:30.851 31870 31907 E unknown:ReactNative: metroRequire@1:27455
09-20 15:56:30.851 31870 31907 E unknown:ReactNative: anonymous@1:34656
09-20 15:56:30.851 31870 31907 E unknown:ReactNative: loadModuleImplementation@1:28272
09-20 15:56:30.851 31870 31907 E unknown:ReactNative: guardedLoadModule@1:27784
09-20 15:56:30.851 31870 31907 E unknown:ReactNative: metroRequire@1:27455
09-20 15:56:30.851 31870 31907 E unknown:ReactNative: global@1:27011
09-20 15:56:30.852   524   552 D IMGGralloc: Gralloc Free  w:720, h:1600, f:0x101, usage:0xb00, ui64Stamp:56412 line = 2499
09-20 15:56:30.853   524   552 D IMGGralloc: Gralloc Free  w:720, h:1600, f:0x101, usage:0xb00, ui64Stamp:56507 line = 2499
09-20 15:56:30.853   524   524 I Layer   : FL_V_info: (BufferStateLayer)Name=bcae71f com.haxor44.rmx26/com.haxor44.rmx26.MainActivity, Visible=1(Hiddenflag = 0, Alpha = 1.000000, [BufferInfo.mBuffer || mSidebandStream] = 2),Layer.flag=0x102
09-20 15:56:30.853   488   488 D PowerHAL: ###Enter interaction_other scene bgn###
09-20 15:56:30.854   488   488 D PowerHAL: Enter common_set_for_release_when_close: enable:1, duration: 500, /dev/cluster0_freq_max: 124F80
09-20 15:56:30.854   488   488 D PowerHAL: Set /dev/cluster0_freq_max: 124F80
09-20 15:56:30.854   488   488 D PowerHAL: Enter common_set_for_release_when_close: enable:1, duration: 500, /dev/cluster0_freq_min: F4240
09-20 15:56:30.854   488   488 D PowerHAL: Set /dev/cluster0_freq_min: F4240
09-20 15:56:30.854   488   488 D PowerHAL: Enter common_set_for_release_when_close: enable:1, duration: 500, /dev/cluster1_freq_max: 186A00
09-20 15:56:30.854   488   488 D PowerHAL: Set /dev/cluster1_freq_max: 186A00
09-20 15:56:30.854   488   488 D PowerHAL: Enter common_set_for_release_when_close: enable:1, duration: 500, /dev/cluster1_freq_min: 12B128
09-20 15:56:30.854   819  1039 I WindowManager: Cancelling animation restarting=false, leash=Surface(name=Surface(name=bcae71f com.haxor44.rmx26/com.haxor44.rmx26.MainActivity)/@0xc9db322 - animation-leash of starting_reveal)/@0xdd10370
09-20 15:56:30.854   819  1039 I WindowManager: Reparenting to original parent: Surface(name=ActivityRecord{cc9bb55 u0 com.haxor44.rmx26/.MainActivity)/@0xa05d1b3, destroy=false, surface=Surface(name=bcae71f com.haxor44.rmx26/com.haxor44.rmx26.MainActivity)/@0xc9db322
09-20 15:56:30.854   488   488 D PowerHAL: Set /dev/cluster1_freq_min: 12B128
09-20 15:56:30.855   488   488 D PowerHAL: Enter devfreq_ddr_set: enable:1, duration: 500, /sys/class/devfreq/scene-frequency/sprd-governor/scene_boost_dfs: max
09-20 15:56:30.855   819  1039 W InputManager-JNI: Input channel object 'db7b7d1 Splash Screen com.haxor44.rmx26 (client)' was disposed without first being removed with the input manager!
09-20 15:56:30.856   488   488 D PowerHAL: ###Enter interaction_other scene end###
09-20 15:56:30.857   524   524 W SurfaceFlinger: deleteTextures was not executed, mTexturePool.size() ==  mTexturePoolSize
09-20 15:56:30.869   524   524 I Layer   : id=3562 removedFromDrawingState Surface(name=bcae71f com.haxor44.rmx26/com.haxor44.rmx26.MainActivity)/@0xc9db322 - animation-leash of starting_reveal#0 (110)
09-20 15:56:30.870   524   524 I Layer   : FL_V_info: (BufferStateLayer)Name=bcae71f com.haxor44.rmx26/com.haxor44.rmx26.MainActivity, Visible=1(Hiddenflag = 0, Alpha = 1.000000, [BufferInfo.mBuffer || mSidebandStream] = 2),Layer.flag=0x102
09-20 15:56:30.873   524   524 W SurfaceFlinger: deleteTextures was not executed, mTexturePool.size() ==  mTexturePoolSize
09-20 15:56:30.882   497   517 E IMGMemtrackHAL: DbgFsParseFile: fopen of /proc/pvr/driver_stats failed (Permission denied)
09-20 15:56:30.879   497   497 W HwBinder:497_1: type=1400 audit(0.0:2418): avc: denied { read } for name="driver_stats" dev="proc" ino=4026532830 scontext=u:r:hal_combined_default:s0 tcontext=u:object_r:proc:s0 tclass=file permissive=0
09-20 15:56:30.882   497   517 E IMGMemtrackHAL: GetGraphicsMemtrackRecords: DbgFsParseDir for /d/ion failed (No such file or directory)
09-20 15:56:30.886   524   524 I Layer   : FL_V_info: (BufferStateLayer)Name=bcae71f com.haxor44.rmx26/com.haxor44.rmx26.MainActivity, Visible=1(Hiddenflag = 0, Alpha = 1.000000, [BufferInfo.mBuffer || mSidebandStream] = 2),Layer.flag=0x102
09-20 15:56:30.890   524   524 W SurfaceFlinger: deleteTextures was not executed, mTexturePool.size() ==  mTexturePoolSize
09-20 15:56:30.902   524   524 I Layer   : FL_V_info: (BufferStateLayer)Name=bcae71f com.haxor44.rmx26/com.haxor44.rmx26.MainActivity, Visible=1(Hiddenflag = 0, Alpha = 1.000000, [BufferInfo.mBuffer || mSidebandStream] = 2),Layer.flag=0x102
09-20 15:56:30.902   819   880 I WindowManager: Reparenting to original parent: Surface(name=ActivityRecord{cc9bb55 u0 com.haxor44.rmx26/.MainActivity)/@0xa05d1b3, destroy=true, surface=Surface(name=db7b7d1 Splash Screen com.haxor44.rmx26)/@0xd8b6a21
09-20 15:56:30.903   819   880 E WindowManager: win=Window{db7b7d1 u0 Splash Screen com.haxor44.rmx26 EXITING} destroySurfaces: appStopped=false win.mWindowRemovalAllowed=true win.mRemoveOnExit=true win.mViewVisibility=8 caller=com.android.server.wm.ActivityRecord.destroySurfaces:5192 com.android.server.wm.ActivityRecord.destroySurfaces:5173 com.android.server.wm.WindowState.onExitAnimationDone:5106 com.android.server.wm.WindowStateAnimator.onAnimationFinished:208 com.android.server.wm.WindowState.onAnimationFinished:5354 com.android.server.wm.WindowContainer$$ExternalSyntheticLambda0.onAnimationFinished:2 com.android.server.wm.SurfaceAnimator.lambda$getFinishedCallback$0$SurfaceAnimator:112 
09-20 15:56:30.907   524   524 W SurfaceFlinger: deleteTextures was not executed, mTexturePool.size() ==  mTexturePoolSize
09-20 15:56:30.908  1082  1082 D NotificationStatusIcon: applyNotificationIconsTint
09-20 15:56:30.908  1082  1082 D NotificationStatusIcon: updateTintForIcon:colorize-true
09-20 15:56:30.908  1082  1082 D NotificationStatusIcon: updateTintForIcon:colorize-true
09-20 15:56:30.908  1082  1082 D NotificationStatusIcon: updateTintForIcon:colorize-true
09-20 15:56:30.908  1082  1082 D NotificationStatusIcon: updateTintForIcon:colorize-true
09-20 15:56:30.909  1082  1082 D NotificationStatusIcon: updateTintForIcon:colorize-true
09-20 15:56:30.909  1082  1082 D NotificationStatusIcon: updateTintForIcon:colorize-true
09-20 15:56:30.909  1082  1082 D NotificationStatusIcon: updateTintForIcon:colorize-true
09-20 15:56:30.909  1082  1082 D NotificationStatusIcon: updateTintForIcon:colorize-true
09-20 15:56:30.909  1082  1082 D NotificationStatusIcon: updateTintForIcon:colorize-true
09-20 15:56:30.909  1082  1082 D NotificationStatusIcon: updateTintForIcon:colorize-true
09-20 15:56:30.909  1082  1082 D NotificationStatusIcon: updateTintForIcon:colorize-true
09-20 15:56:30.909  1082  1082 D NotificationStatusIcon: updateTintForIcon:colorize-true
09-20 15:56:30.909  1082  1082 D NotificationStatusIcon: updateTintForIcon:colorize-true
09-20 15:56:30.909  1082  1082 D NotificationStatusIcon: updateTintForIcon:colorize-true
09-20 15:56:30.909  1082  1082 D NotificationStatusIcon: updateTintForIcon:colorize-true
09-20 15:56:30.909  1082  1082 D NotificationStatusIcon: updateTintForIcon:colorize-true
09-20 15:56:30.909  1082  1082 D NotificationStatusIcon: updateTintForIcon:colorize-true
09-20 15:56:30.909  1082  1082 D NotificationStatusIcon: updateTintForIcon:colorize-true
09-20 15:56:30.909  1082  1082 D NotificationStatusIcon: updateTintForIcon:colorize-true
09-20 15:56:30.909  1082  1082 D NotificationStatusIcon: updateTintForIcon:colorize-true
09-20 15:56:30.919   524   524 I Layer   : id=3553 removedFromDrawingState Splash Screen com.haxor44.rmx26#0 (110)
09-20 15:56:30.919   524   524 I Layer   : id=3552 removedFromDrawingState db7b7d1 Splash Screen com.haxor44.rmx26#0 (110)
09-20 15:56:30.919   524   524 I Layer   : id=3564 removedFromDrawingState Surface(name=db7b7d1 Splash Screen com.haxor44.rmx26)/@0xd8b6a21 - animation-leash of window_animation#0 (110)
09-20 15:56:30.919   524   524 I SurfaceFlinger: id=3552 Removed db7b7d1 Splash Screen com.haxor44.rmx26#0 (110)
09-20 15:56:30.919   524   524 I SurfaceFlinger: id=3553 Removed Splash Screen com.haxor44.rmx26#0 (110)
09-20 15:56:30.919  1082  1082 D NotificationStatusIcon: applyNotificationIconsTint
09-20 15:56:30.919   524   524 I SurfaceFlinger: id=3564 Removed Surface(name=db7b7d1 Splash Screen com.haxor44.rmx26)/@0xd8b6a21 - animation-leash of window_animation#0 (110)
09-20 15:56:30.919  1082  1082 D NotificationStatusIcon: updateTintForIcon:colorize-true
09-20 15:56:30.919  1082  1082 D NotificationStatusIcon: updateTintForIcon:colorize-true
09-20 15:56:30.919  1082  1082 D NotificationStatusIcon: updateTintForIcon:colorize-true
09-20 15:56:30.919  1082  1082 D NotificationStatusIcon: updateTintForIcon:colorize-true
09-20 15:56:30.920  1082  1082 D NotificationStatusIcon: updateTintForIcon:colorize-true
09-20 15:56:30.920  1082  1082 D NotificationStatusIcon: updateTintForIcon:colorize-true
09-20 15:56:30.920  1082  1082 D NotificationStatusIcon: updateTintForIcon:colorize-true
09-20 15:56:30.920   524   524 I Layer   : id=3564 Destroyed Surface(name=db7b7d1 Splash Screen com.haxor44.rmx26)/@0xd8b6a21 - animation-leash of window_animation#0
09-20 15:56:30.920  1082  1082 D NotificationStatusIcon: updateTintForIcon:colorize-true
09-20 15:56:30.920   524   524 I Layer   : id=3552 Destroyed db7b7d1 Splash Screen com.haxor44.rmx26#0
09-20 15:56:30.920  1082  1082 D NotificationStatusIcon: updateTintForIcon:colorize-true
09-20 15:56:30.920  1082  1082 D NotificationStatusIcon: updateTintForIcon:colorize-true
09-20 15:56:30.920  1082  1082 D NotificationStatusIcon: updateTintForIcon:colorize-true
09-20 15:56:30.920  1082  1082 D NotificationStatusIcon: updateTintForIcon:colorize-true
09-20 15:56:30.920  1082  1082 D NotificationStatusIcon: updateTintForIcon:colorize-true
09-20 15:56:30.920  1082  1082 D NotificationStatusIcon: updateTintForIcon:colorize-true
09-20 15:56:30.920  1082  1082 D NotificationStatusIcon: updateTintForIcon:colorize-true
09-20 15:56:30.920  1082  1082 D NotificationStatusIcon: updateTintForIcon:colorize-true
09-20 15:56:30.920  1082  1082 D NotificationStatusIcon: updateTintForIcon:colorize-true
09-20 15:56:30.920  1082  1082 D NotificationStatusIcon: updateTintForIcon:colorize-true
09-20 15:56:30.920  1082  1082 D NotificationStatusIcon: updateTintForIcon:colorize-true
09-20 15:56:30.920  1082  1082 D NotificationStatusIcon: updateTintForIcon:colorize-true
09-20 15:56:30.920   524   524 I Layer   : FL_V_info: (BufferStateLayer)Name=bcae71f com.haxor44.rmx26/com.haxor44.rmx26.MainActivity, Visible=1(Hiddenflag = 0, Alpha = 1.000000, [BufferInfo.mBuffer || mSidebandStream] = 2),Layer.flag=0x102
09-20 15:56:30.921   482   482 D IMGGralloc: Gralloc Free  w:720, h:1600, f:0x101, usage:0xb00, ui64Stamp:56509 line = 2499
09-20 15:56:30.921   482   482 D IMGGralloc: Gralloc Free  w:720, h:1600, f:0x101, usage:0xb00, ui64Stamp:56507 line = 2499
09-20 15:56:30.922   482   482 D IMGGralloc: Gralloc Free  w:720, h:1600, f:0x101, usage:0xb00, ui64Stamp:56418 line = 2499
09-20 15:56:30.923   524   524 I Layer   : id=3553 Destroyed Splash Screen com.haxor44.rmx26#0
09-20 15:56:30.923   524   552 D IMGGralloc: Gralloc Free  w:720, h:1600, f:0x101, usage:0xb00, ui64Stamp:56509 line = 2499
09-20 15:56:30.926   524   524 D SurfaceFlinger: Display 0 HWC layers:
09-20 15:56:30.926   524   524 D SurfaceFlinger:      DEVICE | 0xf33fe400 | 0102 | RGBA_8888    |    0.0    0.0  720.0 1600.0 |    0    0  720 1600 | com.haxor44.rmx26/com.haxor44.rmx26.MainActivity#0
09-20 15:56:30.926   524   524 D SurfaceFlinger:      DEVICE | 0xf33fe280 | 0100 | RGBA_8888    |    0.0    0.0  720.0   48.0 |    0    0  720   48 | StatusBar#0
09-20 15:56:30.926   524   524 D SurfaceFlinger:      DEVICE | 0xf33fe7c0 | 0100 | RGBA_8888    |    0.0    0.0  720.0   96.0 |    0 1504  720 1600 | NavigationBar0#0
09-20 15:56:30.926   524   524 D SurfaceFlinger: 
09-20 15:56:30.932 31870 31906 I ReactNativeJS: Running "main
09-20 15:56:30.936  1082  1082 D NotificationStatusIcon: applyNotificationIconsTint
09-20 15:56:30.936  1082  1082 D NotificationStatusIcon: updateTintForIcon:colorize-true
09-20 15:56:30.936  1082  1082 D NotificationStatusIcon: updateTintForIcon:colorize-true
09-20 15:56:30.936  1082  1082 D NotificationStatusIcon: updateTintForIcon:colorize-true
09-20 15:56:30.936  1082  1082 D NotificationStatusIcon: updateTintForIcon:colorize-true
09-20 15:56:30.937  1082  1082 D NotificationStatusIcon: updateTintForIcon:colorize-true
09-20 15:56:30.937  1082  1082 D NotificationStatusIcon: updateTintForIcon:colorize-true
09-20 15:56:30.937  1082  1082 D NotificationStatusIcon: updateTintForIcon:colorize-true
09-20 15:56:30.937  1082  1082 D NotificationStatusIcon: updateTintForIcon:colorize-true
