09-20 15:56:29.432  1082  1230 D NetworkController.MobileSignalController(1): updateTelephonySignalStrength: hasService=true ss=SignalStrength:{mCdma=Invalid,mGsm=Invalid,mWcdma=Invalid,mTdscdma=Invalid,mLte=CellSignalStrengthLte: rssi=-97 rsrp=-98 rsrq=-10 rssnr=14 cqiTableIndex=2147483647 cqi=15 ta=2147483647 level=4 parametersUseForLevel=0,mNr=Invalid,SignalBarInfo{ lteLevel=3 },rat=14,primary=CellSignalStrengthLte} displayInfo=TelephonyDisplayInfo {network=LTE, override=NONE}
09-20 15:56:29.432  1082  1230 D NetworkController.MobileSignalController(1): getMobileIconGroup(): 13
09-20 15:56:29.432  1082  1230 D NetworkController.MobileSignalController(1): mCurrentState.iconGroup=IconGroup(4G)
09-20 15:56:30.085   819   950 I InputReader: processEventsLocked: type=1 Count=4 code=330 value=1 deviceId=1 when=12235623201000
09-20 15:56:30.085   819   950 D InputReader: syncTouch: pointerCount 0 -> 1, touching ids 0x00000000 -> 0x80000000, hovering ids 0x00000000 -> 0x00000000, canceled ids 0x00000000
09-20 15:56:30.085   819   950 D InputReader: dispatchTouches action DOWN now(ns): 12235623808556
09-20 15:56:30.085   819   950 I InputReader: Touch event's action is 0x0 (deviceType=0) [pCnt=1, s=0.1232 ] when=12235.623201
09-20 15:56:30.085   819   950 D InputReader: notifyMotion call dispatcher
09-20 15:56:30.086   819   949 I InputDispatcher: Delivering touch to (1082): action: 0x4, f=0x0, d=0, 'd2f492 ', t=1 
09-20 15:56:30.086   819   949 I InputDispatcher: Delivering touch to (1293): action: 0x0, f=0x0, d=0, '5d7461f', t=1 
09-20 15:56:30.087   488   488 D PowerHAL: ###Enter interaction_other scene bgn###
09-20 15:56:30.088   488   488 D PowerHAL: Enter common_set_for_release_when_close: enable:1, duration: 500, /dev/cluster0_freq_max: 124F80
09-20 15:56:30.088   488   488 D PowerHAL: Set /dev/cluster0_freq_max: 124F80
09-20 15:56:30.088   488   488 D PowerHAL: Enter common_set_for_release_when_close: enable:1, duration: 500, /dev/cluster0_freq_min: F4240
09-20 15:56:30.088   488   488 D PowerHAL: Set /dev/cluster0_freq_min: F4240
09-20 15:56:30.089   488   488 D PowerHAL: Enter common_set_for_release_when_close: enable:1, duration: 500, /dev/cluster1_freq_max: 186A00
09-20 15:56:30.089   488   488 D PowerHAL: Set /dev/cluster1_freq_max: 186A00
09-20 15:56:30.089   488   488 D PowerHAL: Enter common_set_for_release_when_close: enable:1, duration: 500, /dev/cluster1_freq_min: 12B128
09-20 15:56:30.090   488   488 D PowerHAL: Set /dev/cluster1_freq_min: 12B128
09-20 15:56:30.090   488   488 D PowerHAL: Enter devfreq_ddr_set: enable:1, duration: 500, /sys/class/devfreq/scene-frequency/sprd-governor/scene_boost_dfs: max
09-20 15:56:30.091   488   488 D PowerHAL: ###Enter interaction_other scene end###
09-20 15:56:30.091   488   488 D PowerHAL: ###Enter interaction_other scene bgn###
09-20 15:56:30.091   488   488 D PowerHAL: Enter common_set_for_release_when_close: enable:1, duration: 500, /dev/cluster0_freq_max: 124F80
09-20 15:56:30.091   488   488 D PowerHAL: Enter common_set_for_release_when_close: enable:1, duration: 500, /dev/cluster0_freq_min: F4240
09-20 15:56:30.091   488   488 D PowerHAL: Enter common_set_for_release_when_close: enable:1, duration: 500, /dev/cluster1_freq_max: 186A00
09-20 15:56:30.091   488   488 D PowerHAL: Enter common_set_for_release_when_close: enable:1, duration: 500, /dev/cluster1_freq_min: 12B128
09-20 15:56:30.091   488   488 D PowerHAL: Enter devfreq_ddr_set: enable:1, duration: 500, /sys/class/devfreq/scene-frequency/sprd-governor/scene_boost_dfs: max
09-20 15:56:30.091   488   488 D PowerHAL: ###Enter interaction_other scene end###
09-20 15:56:30.129   819   950 D InputReader: syncTouch: pointerCount 1 -> 1, touching ids 0x80000000 -> 0x80000000, hovering ids 0x00000000 -> 0x00000000, canceled ids 0x00000000
09-20 15:56:30.129   819   950 D InputReader: dispatchTouches action MOVE now(ns): 12235667149979
09-20 15:56:30.129   819   950 D InputReader: notifyMotion call dispatcher
09-20 15:56:30.170   819   950 I InputReader: processEventsLocked: type=3 Count=4 code=57 value=-1 deviceId=1 when=12235708352000
09-20 15:56:30.170   819   950 D InputReader: syncTouch: pointerCount 1 -> 0, touching ids 0x80000000 -> 0x00000000, hovering ids 0x00000000 -> 0x00000000, canceled ids 0x00000000
09-20 15:56:30.170   819   950 D InputReader: dispatchTouches action UP now(ns): 12235708804902
09-20 15:56:30.170   819   950 I InputReader: Touch event's action is 0x1 (deviceType=0) [pCnt=1, s=] when=12235.708352
09-20 15:56:30.170   819   950 D InputReader: notifyMotion call dispatcher
09-20 15:56:30.171   819   949 I InputDispatcher: Delivering touch to (1293): action: 0x1, f=0x0, d=0, '5d7461f', t=1 
09-20 15:56:30.173  1293  1293 D Launcher.Utilities: sendActiveLaunchBroadcast
09-20 15:56:30.173   819  1038 D ActivityTaskManager: Checking for the Active launch isPkgEverLaunched :true, isPkgStopped : false, isDataCleared :false, isAutoRunBlocked : false
09-20 15:56:30.174   819  1038 W ContextImpl: Calling a method in the system process without a qualified user: android.app.ContextImpl.startActivity:1076 com.android.server.wm.ActivityTaskManagerService$ActiveLaunchReceiver.onReceive:906 android.app.LoadedApk$ReceiverDispatcher$Args.lambda$getRunnable$0$LoadedApk$ReceiverDispatcher$Args:1696 android.app.LoadedApk$ReceiverDispatcher$Args$$ExternalSyntheticLambda0.run:2 android.os.Handler.handleCallback:938 
09-20 15:56:30.174   819  1038 D ActivityTaskManager: startActivityAsUser: callingPid=819, callingUid=1000, caller=com.android.server.wm.ActivityTaskManagerService.startActivityAsUser:1281 com.android.server.wm.ActivityTaskManagerService.startActivity:1256 android.app.Instrumentation.execStartActivity:1743 android.app.ContextImpl.startActivity:1094 com.android.server.wm.ActivityTaskManagerService$ActiveLaunchReceiver.onReceive:906 android.app.LoadedApk$ReceiverDispatcher$Args.lambda$getRunnable$0$LoadedApk$ReceiverDispatcher$Args:1696 android.app.LoadedApk$ReceiverDispatcher$Args$$ExternalSyntheticLambda0.run:2 
09-20 15:56:30.175   819  1038 D ActivityTaskManager: request preloading for newly launching app : com.haxor44.rmx26.MainActivity
09-20 15:56:30.175   819  1038 E ActivityTaskManager: TouchDown intent received, starting ActiveLaunch
09-20 15:56:30.176  1082  1082 D StartingSurfaceDrawer: preloadSplashScreenAppIcon com.haxor44.rmx26
09-20 15:56:30.176   819  1038 D StorageManagerService: getExternalStorageMountMode: uid=10237 packageName=com.haxor44.rmx26
09-20 15:56:30.177   819  1038 D CompatibilityChangeReporter: Compat change id reported: 135634846; UID 10237; state: DISABLED
09-20 15:56:30.177   819  1038 D ActivityTaskManager: starting Active launch
09-20 15:56:30.177   819   888 D CompatibilityChangeReporter: Compat change id reported: 143937733; UID 10237; state: ENABLED
09-20 15:56:30.179 10499 10499 E USAP    : Attempt to invoke virtual method 'int com.android.internal.os.ZygoteCommandBuffer.getCount()' on a null object reference
09-20 15:56:30.179   819   888 E ZygoteProcess: IO Exception while communicating with USAP pool - Connection reset by peer
09-20 15:56:30.186   819  6829 D ActivityTaskManager: startActivityAsUser: callingPid=1293, callingUid=10073, caller=com.android.server.wm.ActivityTaskManagerService.startActivityAsUser:1281 com.android.server.wm.ActivityTaskManagerService.startActivity:1256 android.app.IActivityTaskManager$Stub.onTransact:896 com.android.server.wm.ActivityTaskManagerService.onTransact:5192 android.os.Binder.execTransactInternal:1179 android.os.Binder.execTransact:1143 <bottom of call stack> 
09-20 15:56:30.187   819  6829 I ActivityTaskManager: START u0 {act=android.intent.action.MAIN cat=[android.intent.category.LAUNCHER] flg=0x10200000 cmp=com.haxor44.rmx26/.MainActivity bnds=[362,459][526,649]} from uid 10073
09-20 15:56:30.189   524   548 I SurfaceFlinger: id=3550 createSurf (0x0),-1 flag=24004, Task=8959#0
09-20 15:56:30.191   524   548 I SurfaceFlinger: id=3551 createSurf (0x0),-1 flag=80004, ActivityRecord{cc9bb55 u0 com.haxor44.rmx26/.MainActivity#0
09-20 15:56:30.195   488   488 D PowerHAL: ###Enter launch scene bgn###
09-20 15:56:30.195   488   488 D PowerHAL: Enter common_set_for_release_when_close: enable:1, duration: 0, /dev/cluster0_freq_max: 124F80
09-20 15:56:30.195   488   488 D PowerHAL: Enter common_set_for_release_when_close: enable:1, duration: 0, /dev/cluster0_freq_min: 124F80
09-20 15:56:30.195   488   488 D PowerHAL: Set /dev/cluster0_freq_min: 124F80
09-20 15:56:30.196   488   488 D PowerHAL: Enter common_set_for_release_when_close: enable:1, duration: 0, /dev/cluster1_freq_max: 186A00
09-20 15:56:30.196   488   488 D PowerHAL: Enter common_set_for_release_when_close: enable:1, duration: 0, /dev/cluster1_freq_min: 186A00
09-20 15:56:30.196   488   488 D PowerHAL: Set /dev/cluster1_freq_min: 186A00
09-20 15:56:30.196   467   467 D Zygote  : Forked child process 31870
09-20 15:56:30.196   488   488 D PowerHAL: Enter devfreq_ddr_set: enable:1, duration: 0, /sys/class/devfreq/scene-frequency/sprd-governor/scene_boost_dfs: max
09-20 15:56:30.196   488   488 D PowerHAL: ###Enter launch scene end###
09-20 15:56:30.196   819  6829 D ActivityTaskManager: Add starting com.android.server.wm.ActivityRecord$AddStartingWindow@1b6d96a: typeParam=11
09-20 15:56:30.199   819   888 I ActivityManager: Start proc 31870:com.haxor44.rmx26/u0a237 for activelaunch {com.haxor44.rmx26/com.haxor44.rmx26.MainActivity}
09-20 15:56:30.199   524   524 I SurfaceFlinger: SFWD update time=12235737771287
09-20 15:56:30.201   524   524 I Layer   : FL_V_info: (BufferStateLayer)Name=5d7461f com.sec.android.app.launcher/com.android.launcher3.infra.activity.Launcher, Visible=1(Hiddenflag = 0, Alpha = 1.000000, [BufferInfo.mBuffer || mSidebandStream] = 2),Layer.flag=0x100
09-20 15:56:30.203  1293  1293 V Launcher: Launcher.onPause()
09-20 15:56:30.203  1293  1293 D Launcher: Time spent in onPause: 0
09-20 15:56:30.205   524   524 W SurfaceFlinger: deleteTextures was not executed, mTexturePool.size() ==  mTexturePoolSize
09-20 15:56:30.207   524   548 I SurfaceFlinger: id=3552 createSurf (0x0),-1 flag=80004, db7b7d1 Splash Screen com.haxor44.rmx26#0
09-20 15:56:30.211   819  3150 V WindowManager: Setting visibility of Window{db7b7d1 u0 Splash Screen com.haxor44.rmx26}: true, caller=com.android.server.wm.WindowContainer.sendAppVisibilityToClients:996 com.android.server.wm.ActivityRecord.setClientVisible:6188 com.android.server.wm.ActivityRecord.setVisibility:4785 com.android.server.wm.ActivityRecord.setVisibility:4689 com.android.server.wm.EnsureActivitiesVisibleHelper.makeVisibleAndRestartIfNeeded:219 
09-20 15:56:30.217   524   524 I Layer   : FL_V_info: (BufferStateLayer)Name=5d7461f com.sec.android.app.launcher/com.android.launcher3.infra.activity.Launcher, Visible=1(Hiddenflag = 0, Alpha = 1.000000, [BufferInfo.mBuffer || mSidebandStream] = 2),Layer.flag=0x100
09-20 15:56:30.218   819  6829 V WindowManager: Relayout Window{db7b7d1 u0 Splash Screen com.haxor44.rmx26}: viewVisibility=0 req=720x1600 d0
09-20 15:56:30.219   524   548 I SurfaceFlinger: id=3553 createSurf (1x1),-3 flag=40004, Splash Screen com.haxor44.rmx26#0
09-20 15:56:30.220   819  6829 D WindowManager: makeSurface duration=2 name=Splash Screen com.haxor44.rmx26
09-20 15:56:30.222   524   524 W SurfaceFlinger: deleteTextures was not executed, mTexturePool.size() < mTexturePoolSize
09-20 15:56:30.223 31870 31870 E m.haxor44.rmx2: Not starting debugger since process cannot load the jdwp agent.
09-20 15:56:30.225   819  6829 D StatusBarManagerService: notifyRequestedSystemKey recent=false home=false
09-20 15:56:30.225   819  6829 D WindowManager: rotationForOrientation, orientationSource=ActivityRecord{cc9bb55 u0 com.haxor44.rmx26/.MainActivity t8959}
09-20 15:56:30.227   819  6829 V WindowManager: Relayout hash=db7b7d1, pid=1082: mAttrs={(0,0)(fillxfill) sim={adjust=pan} ty=APPLICATION_STARTING fmt=TRANSLUCENT wanim=0x1030303
09-20 15:56:30.227   819  6829 V WindowManager:   fl=81030118
09-20 15:56:30.227   819  6829 V WindowManager:   pfl=36000010
09-20 15:56:30.227   819  6829 V WindowManager:   apr=LIGHT_STATUS_BARS LIGHT_NAVIGATION_BARS
09-20 15:56:30.227   819  6829 V WindowManager:   bhv=DEFAULT
09-20 15:56:30.227   819  6829 V WindowManager:   fitSides=}
09-20 15:56:30.228 31870 31870 D ProcessState: Binder ioctl to enable oneway spam detection failed: Invalid argument
09-20 15:56:30.228   819   879 V ActivityManager: Changed top to null
09-20 15:56:30.232   479   479 D IMGGralloc: GBuffer--------------(*format)=1
09-20 15:56:30.232   479   479 D IMGGralloc: Gralloc alloc start  w:720, h:1600, f:0x1, usage:0x900, line = 1614
09-20 15:56:30.232   479   479 D IMGGralloc: Gralloc Alloc end  w:720, h:1600, f:0x101, usage:0x900, handle:0xeb52a780, ui64Stamp:56416, sSize:4608000, line = 2069
09-20 15:56:30.233   479   479 D IMGGralloc: Gralloc Free  w:720, h:1600, f:0x101, usage:0x900, ui64Stamp:56416 line = 2499
09-20 15:56:30.233  1082 31890 D IMGGralloc: Gralloc Register  w:720, h:1600, f:0x101, usage:0x900, ui64Stamp:56416, sSize:4608000, line = 2376
09-20 15:56:30.233  1082 31890 D IMGGralloc: Gralloc Free  w:720, h:1600, f:0x101, usage:0x900, ui64Stamp:56416 line = 2499
09-20 15:56:30.234   479   479 D IMGGralloc: GBuffer--------------(*format)=1
09-20 15:56:30.235   479   479 D IMGGralloc: Gralloc alloc start  w:720, h:1600, f:0x1, usage:0xb00, line = 1614
09-20 15:56:30.235   524   524 I Layer   : FL_V_info: (BufferStateLayer)Name=com.sec.android.app.launcher/com.android.launcher3.infra.activity.Launcher#0, Visible=1(Hiddenflag = 0, Alpha = 1.000000, [BufferInfo.mBuffer || mSidebandStream] = 2),Layer.flag=0x100
09-20 15:56:30.236   479   479 D IMGGralloc: Gralloc Alloc end  w:720, h:1600, f:0x101, usage:0xb00, handle:0xeb52a780, ui64Stamp:56418, sSize:4608000, line = 2069
09-20 15:56:30.236   479   479 D IMGGralloc: Gralloc Free  w:720, h:1600, f:0x101, usage:0xb00, ui64Stamp:56418 line = 2499
09-20 15:56:30.236  1082  1484 D IMGGralloc: Gralloc Register  w:720, h:1600, f:0x101, usage:0xb00, ui64Stamp:56418, sSize:4608000, line = 2376
09-20 15:56:30.237   479   479 D IMGGralloc: GBuffer--------------(*format)=1
09-20 15:56:30.237   479   479 D IMGGralloc: Gralloc alloc start  w:720, h:1600, f:0x1, usage:0x900, line = 1614
09-20 15:56:30.237   479   479 D IMGGralloc: Gralloc Alloc end  w:720, h:1600, f:0x101, usage:0x900, handle:0xeb52a780, ui64Stamp:56421, sSize:4608000, line = 2069
09-20 15:56:30.238   479   479 D IMGGralloc: Gralloc Free  w:720, h:1600, f:0x101, usage:0x900, ui64Stamp:56421 line = 2499
09-20 15:56:30.238  1082 31890 D IMGGralloc: Gralloc Register  w:720, h:1600, f:0x101, usage:0x900, ui64Stamp:56421, sSize:4608000, line = 2376
09-20 15:56:30.238   479   479 D IMGGralloc: GBuffer--------------(*format)=1
09-20 15:56:30.238   479   479 D IMGGralloc: Gralloc alloc start  w:720, h:1600, f:0x1, usage:0x900, line = 1614
09-20 15:56:30.239   524   524 W SurfaceFlinger: deleteTextures was not executed, mTexturePool.size() ==  mTexturePoolSize
09-20 15:56:30.240   819  6829 D ActivityManager: attachApplicationLocked() app=ProcessRecord{115dd3f 31870:com.haxor44.rmx26/u0a237} app.isolatedEntryPoint=null instr2=null
09-20 15:56:30.240   479   479 D IMGGralloc: Gralloc Alloc end  w:720, h:1600, f:0x101, usage:0x900, handle:0xeb52a780, ui64Stamp:56427, sSize:4608000, line = 2069
09-20 15:56:30.240   479   479 D IMGGralloc: Gralloc Free  w:720, h:1600, f:0x101, usage:0x900, ui64Stamp:56427 line = 2499
09-20 15:56:30.240  1082 31890 D IMGGralloc: Gralloc Register  w:720, h:1600, f:0x101, usage:0x900, ui64Stamp:56427, sSize:4608000, line = 2376
09-20 15:56:30.243   819  6829 D WindowManager: rotationForOrientation, orientationSource=ActivityRecord{cc9bb55 u0 com.haxor44.rmx26/.MainActivity t8959}
09-20 15:56:30.243   524   548 D IMGGralloc: Gralloc Register  w:720, h:1600, f:0x101, usage:0xb00, ui64Stamp:56418, sSize:4608000, line = 2376
09-20 15:56:30.244   819  6829 V WindowManager: Setting visibility of Window{db7b7d1 u0 Splash Screen com.haxor44.rmx26}: true, caller=com.android.server.wm.WindowContainer.sendAppVisibilityToClients:996 com.android.server.wm.ActivityRecord.setClientVisible:6188 com.android.server.wm.ActivityRecord.setVisibility:4785 com.android.server.wm.ActivityRecord.setVisibility:4689 com.android.server.wm.ActivityTaskSupervisor.realStartActivityLocked:809 
09-20 15:56:30.244   524   548 D IMGGralloc: GBuffer--------------(*format)=1
09-20 15:56:30.247   819  6829 V WindowManager: Setting visibility of Window{db7b7d1 u0 Splash Screen com.haxor44.rmx26}: true, caller=com.android.server.wm.WindowContainer.sendAppVisibilityToClients:996 com.android.server.wm.ActivityRecord.setClientVisible:6188 com.android.server.wm.ActivityRecord.setVisibility:4785 com.android.server.wm.ActivityRecord.setVisibility:4689 com.android.server.wm.ActivityRecord.completeResumeLocked:5582 
09-20 15:56:30.248   819   879 V ActivityManager: Changed top to ProcessRecord{115dd3f 31870:com.haxor44.rmx26/u0a237}
09-20 15:56:30.248   819   879 I ActivityManager: Changes in 10237 19 to 2, 0 to 15
09-20 15:56:30.248   819  3150 D WindowManager: finishDrawingWindow: Window{db7b7d1 u0 Splash Screen com.haxor44.rmx26} mDrawState=DRAW_PENDING
09-20 15:56:30.248 31870 31870 D ActivityThread: handleBindApplication()++ app=com.haxor44.rmx26
09-20 15:56:30.249   819   880 D WindowManager: performShow logReadyForDisplay  mToken.waitingToShow:true isTransitionSet:true
09-20 15:56:30.249 31870 31870 D CompatibilityChangeReporter: Compat change id reported: 171979766; UID 10237; state: ENABLED
09-20 15:56:30.251   819   880 I WindowManager: Reparenting to leash, surface=Surface(name=Task=1)/@0x5394d60, leashParent=Surface(name=DefaultTaskDisplayArea)/@0x60dc331
09-20 15:56:30.252   524   548 I SurfaceFlinger: id=3554 createSurf (0x0),-1 flag=24000, Surface(name=Task=1)/@0x5394d60 - animation-leash of app_transition#0
09-20 15:56:30.252   819   880 D WindowManager: makeSurface duration=1 leash=Surface(name=Surface(name=Task=1)/@0x5394d60 - animation-leash of app_transition)/@0x3e4edd3
09-20 15:56:30.253   819   880 I WindowManager: Reparenting to leash, surface=Surface(name=Task=8959)/@0xd21bd10, leashParent=Surface(name=DefaultTaskDisplayArea)/@0x60dc331
09-20 15:56:30.253   524   548 I SurfaceFlinger: id=3555 createSurf (0x0),-1 flag=24004, Surface(name=Task=8959)/@0xd21bd10 - animation-leash of app_transition#0
09-20 15:56:30.254   819   880 D WindowManager: makeSurface duration=1 leash=Surface(name=Surface(name=Task=8959)/@0xd21bd10 - animation-leash of app_transition)/@0x9589009
09-20 15:56:30.255   819   880 V WindowManager: Setting visibility of Window{db7b7d1 u0 Splash Screen com.haxor44.rmx26}: true, caller=com.android.server.wm.WindowContainer.sendAppVisibilityToClients:996 com.android.server.wm.ActivityRecord.setClientVisible:6188 com.android.server.wm.ActivityRecord.postApplyAnimation:4939 com.android.server.wm.ActivityRecord.commitVisibility:4902 com.android.server.wm.AppTransitionController.handleOpeningApps:756 
09-20 15:56:30.257   524   524 W SurfaceFlinger: deleteTextures was not executed, mTexturePool.size() ==  mTexturePoolSize
09-20 15:56:30.258   819   880 I WindowManager: Cancelling animation restarting=true, leash=Surface(name=Surface(name=f698c6b StatusBar)/@0xde7458c - animation-leash of insets_animation)/@0x20f8b69
09-20 15:56:30.258   819   880 I WindowManager: Reparenting to original parent: Surface(name=WindowToken{85545ba android.os.BinderProxy@86f5dc})/@0x8f174d5, destroy=false, surface=Surface(name=f698c6b StatusBar)/@0xde7458c
09-20 15:56:30.258   819   880 I WindowManager: Reparenting to leash, surface=Surface(name=f698c6b StatusBar)/@0xde7458c, leashParent=Surface(name=WindowToken{85545ba android.os.BinderProxy@86f5dc})/@0x8f174d5
09-20 15:56:30.258   524   547 I SurfaceFlinger: id=3556 createSurf (0x0),-1 flag=24000, Surface(name=f698c6b StatusBar)/@0xde7458c - animation-leash of insets_animation#1
09-20 15:56:30.259   819   880 D WindowManager: makeSurface duration=1 leash=Surface(name=Surface(name=f698c6b StatusBar)/@0xde7458c - animation-leash of insets_animation)/@0x786942f
09-20 15:56:30.259   819   880 I WindowManager: Cancelling animation restarting=true, leash=Surface(name=Surface(name=d2f492 NavigationBar0)/@0x7f723db - animation-leash of insets_animation)/@0x8b6e8f
09-20 15:56:30.259   819   880 I WindowManager: Reparenting to original parent: Surface(name=WindowToken{cf3e2f4 android.os.BinderProxy@8f4fe06})/@0x7892e78, destroy=false, surface=Surface(name=d2f492 NavigationBar0)/@0x7f723db
09-20 15:56:30.259   819   880 I WindowManager: Reparenting to leash, surface=Surface(name=d2f492 NavigationBar0)/@0x7f723db, leashParent=Surface(name=WindowToken{cf3e2f4 android.os.BinderProxy@8f4fe06})/@0x7892e78
09-20 15:56:30.260   524   548 I SurfaceFlinger: id=3557 createSurf (0x0),-1 flag=24000, Surface(name=d2f492 NavigationBar0)/@0x7f723db - animation-leash of insets_animation#1
09-20 15:56:30.260   819   880 D WindowManager: makeSurface duration=1 leash=Surface(name=Surface(name=d2f492 NavigationBar0)/@0x7f723db - animation-leash of insets_animation)/@0x2f123c5
09-20 15:56:30.263  1082  1222 D InsetsSourceConsumer: ensureControlAlpha: for ITYPE_NAVIGATION_BAR on Splash Screen com.haxor44.rmx26
09-20 15:56:30.264  1082  1222 D InsetsSourceConsumer: ensureControlAlpha: for ITYPE_STATUS_BAR on Splash Screen com.haxor44.rmx26
09-20 15:56:30.267   524   524 I Layer   : id=3547 removedFromDrawingState Surface(name=f698c6b StatusBar)/@0xde7458c - animation-leash of insets_animation#0 (111)
09-20 15:56:30.267   488   488 D PowerHAL: ###Enter interaction_other scene bgn###
09-20 15:56:30.267   488   488 D PowerHAL: Enter common_set_for_release_when_close: enable:1, duration: 500, /dev/cluster0_freq_max: 124F80
09-20 15:56:30.267   488   488 D PowerHAL: Enter common_set_for_release_when_close: enable:1, duration: 500, /dev/cluster0_freq_min: F4240
09-20 15:56:30.267   488   488 D PowerHAL: Enter common_set_for_release_when_close: enable:1, duration: 500, /dev/cluster1_freq_max: 186A00
09-20 15:56:30.267   524   524 I Layer   : id=3548 removedFromDrawingState Surface(name=d2f492 NavigationBar0)/@0x7f723db - animation-leash of insets_animation#0 (111)
09-20 15:56:30.267   488   488 D PowerHAL: Enter common_set_for_release_when_close: enable:1, duration: 500, /dev/cluster1_freq_min: 12B128
09-20 15:56:30.267   488   488 D PowerHAL: Enter devfreq_ddr_set: enable:1, duration: 500, /sys/class/devfreq/scene-frequency/sprd-governor/scene_boost_dfs: max
09-20 15:56:30.268   488   488 D PowerHAL: ###Enter interaction_other scene end###
09-20 15:56:30.268   524   524 I SurfaceFlinger: id=3547 Removed Surface(name=f698c6b StatusBar)/@0xde7458c - animation-leash of insets_animation#0 (111)
09-20 15:56:30.268   524   524 I SurfaceFlinger: id=3548 Removed Surface(name=d2f492 NavigationBar0)/@0x7f723db - animation-leash of insets_animation#0 (111)
09-20 15:56:30.268   524   524 I Layer   : id=3547 Destroyed Surface(name=f698c6b StatusBar)/@0xde7458c - animation-leash of insets_animation#0
09-20 15:56:30.268   524   524 I Layer   : id=3548 Destroyed Surface(name=d2f492 NavigationBar0)/@0x7f723db - animation-leash of insets_animation#0
09-20 15:56:30.269  1082  1082 D NotificationStatusIcon: applyNotificationIconsTint
09-20 15:56:30.269  1082  1082 D NotificationStatusIcon: updateTintForIcon:colorize-true
09-20 15:56:30.269  1082  1082 D NotificationStatusIcon: updateTintForIcon:colorize-true
09-20 15:56:30.269  1082  1082 D NotificationStatusIcon: updateTintForIcon:colorize-true
09-20 15:56:30.269  1082  1082 D NotificationStatusIcon: updateTintForIcon:colorize-true
09-20 15:56:30.269  1082  1082 D NotificationStatusIcon: updateTintForIcon:colorize-true
09-20 15:56:30.269  1082  1082 D NotificationStatusIcon: updateTintForIcon:colorize-true
09-20 15:56:30.269  1082  1082 D NotificationStatusIcon: updateTintForIcon:colorize-true
09-20 15:56:30.269  1082  1082 D NotificationStatusIcon: updateTintForIcon:colorize-true
09-20 15:56:30.269  1082  1082 D NotificationStatusIcon: updateTintForIcon:colorize-true
09-20 15:56:30.269  1082  1082 D NotificationStatusIcon: updateTintForIcon:colorize-true
09-20 15:56:30.269  1082  1082 D NotificationStatusIcon: updateTintForIcon:colorize-true
09-20 15:56:30.269  1082  1082 D NotificationStatusIcon: updateTintForIcon:colorize-true
09-20 15:56:30.269  1082  1082 D NotificationStatusIcon: updateTintForIcon:colorize-true
09-20 15:56:30.269  1082  1082 D NotificationStatusIcon: updateTintForIcon:colorize-true
09-20 15:56:30.269  1082  1082 D NotificationStatusIcon: updateTintForIcon:colorize-true
09-20 15:56:30.269  1082  1082 D NotificationStatusIcon: updateTintForIcon:colorize-true
09-20 15:56:30.269  1082  1082 D NotificationStatusIcon: updateTintForIcon:colorize-true
09-20 15:56:30.269  1082  1082 D NotificationStatusIcon: updateTintForIcon:colorize-true
09-20 15:56:30.269  1082  1082 D NotificationStatusIcon: updateTintForIcon:colorize-true
09-20 15:56:30.269  1082  1082 D NotificationStatusIcon: updateTintForIcon:colorize-true
09-20 15:56:30.271   482   482 D IMGGralloc: Gralloc Register  w:720, h:1600, f:0x101, usage:0xb00, ui64Stamp:56418, sSize:4608000, line = 2376
09-20 15:56:30.272 31870 31870 V GraphicsEnvironment: ANGLE Developer option for 'com.haxor44.rmx26' set to: 'default'
09-20 15:56:30.273 31870 31870 V GraphicsEnvironment: Neither updatable production driver nor prerelease driver is supported.
09-20 15:56:30.274 31870 31870 D ActivityThread: handleBindApplication data=AppBindData{appInfo=ApplicationInfo{ac1f1a4 com.haxor44.rmx26}} appContext=android.app.ContextImpl@50c0b0d appContext.mOpPackageName=com.haxor44.rmx26 appContext.mBasePackageName=com.haxor44.rmx26 appContext.mPackageInfo=android.app.LoadedApk@a8cdac2 data.restrictedBackupMode= false data.providers= 2
09-20 15:56:30.275 31870 31870 D NetworkSecurityConfig: No Network Security Config specified, using platform default
09-20 15:56:30.276 31870 31870 D NetworkSecurityConfig: No Network Security Config specified, using platform default
09-20 15:56:30.276   524   524 D SurfaceFlinger: Display 0 HWC layers:
09-20 15:56:30.276   524   524 D SurfaceFlinger:      CLIENT | 0xf33fec40 | 0100 | RGBx_8888    |    0.0    0.0  720.0 1600.0 |    0    0  720 1600 | Wallpaper BBQ wrapper#0
09-20 15:56:30.276   524   524 D SurfaceFlinger:      CLIENT | 0xf33fe940 | 0100 | RGBA_8888    |    0.0    0.0  720.0 1600.0 |    0    0  720 1600 | com.sec.android.app.launcher/com.android.launcher3.infra.activity.Launcher#0
09-20 15:56:30.276   524   524 D SurfaceFlinger:      CLIENT | 0xf33feac0 | 0100 | RGBA_8888    |  386.0  391.0  502.0  507.0 |  386  473  502  589 | Splash Screen com.haxor44.rmx26#0
09-20 15:56:30.276   524   524 D SurfaceFlinger:      CLIENT | 0xf33fe280 | 0100 | RGBA_8888    |    0.0    0.0  720.0   48.0 |    0    0  720   48 | StatusBar#0
09-20 15:56:30.276   524   524 D SurfaceFlinger:      CLIENT | 0xf33fe7c0 | 0100 | RGBA_8888    |    0.0    0.0  720.0   96.0 |    0 1504  720 1600 | NavigationBar0#0
09-20 15:56:30.276   524   524 D SurfaceFlinger: 
09-20 15:56:30.277   524   524 W SurfaceFlinger: deleteTextures was not executed, mTexturePool.size() ==  mTexturePoolSize
09-20 15:56:30.283  1082  1082 D NotificationStatusIcon: applyNotificationIconsTint
09-20 15:56:30.284  1082  1082 D NotificationStatusIcon: updateTintForIcon:colorize-true
09-20 15:56:30.284  1082  1082 D NotificationStatusIcon: updateTintForIcon:colorize-true
09-20 15:56:30.284  1082  1082 D NotificationStatusIcon: updateTintForIcon:colorize-true
09-20 15:56:30.284  1082  1082 D NotificationStatusIcon: updateTintForIcon:colorize-true
09-20 15:56:30.284  1082  1082 D NotificationStatusIcon: updateTintForIcon:colorize-true
09-20 15:56:30.284  1082  1082 D NotificationStatusIcon: updateTintForIcon:colorize-true
09-20 15:56:30.284  1082  1082 D NotificationStatusIcon: updateTintForIcon:colorize-true
09-20 15:56:30.284  1082  1082 D NotificationStatusIcon: updateTintForIcon:colorize-true
09-20 15:56:30.284  1082  1082 D NotificationStatusIcon: updateTintForIcon:colorize-true
09-20 15:56:30.284  1082  1082 D NotificationStatusIcon: updateTintForIcon:colorize-true
09-20 15:56:30.284  1082  1082 D NotificationStatusIcon: updateTintForIcon:colorize-true
09-20 15:56:30.284  1082  1082 D NotificationStatusIcon: updateTintForIcon:colorize-true
09-20 15:56:30.284  1082  1082 D NotificationStatusIcon: updateTintForIcon:colorize-true
09-20 15:56:30.284  1082  1082 D NotificationStatusIcon: updateTintForIcon:colorize-true
09-20 15:56:30.284  1082  1082 D NotificationStatusIcon: updateTintForIcon:colorize-true
09-20 15:56:30.284  1082  1082 D NotificationStatusIcon: updateTintForIcon:colorize-true
09-20 15:56:30.284  1082  1082 D NotificationStatusIcon: updateTintForIcon:colorize-true
09-20 15:56:30.284  1082  1082 D NotificationStatusIcon: updateTintForIcon:colorize-true
09-20 15:56:30.284  1082  1082 D NotificationStatusIcon: updateTintForIcon:colorize-true
09-20 15:56:30.284  1082  1082 D NotificationStatusIcon: updateTintForIcon:colorize-true
09-20 15:56:30.290   524   524 W SurfaceFlinger: deleteTextures was not executed, mTexturePool.size() ==  mTexturePoolSize
09-20 15:56:30.300   819   880 I WindowManager: Reparenting to original parent: Surface(name=DefaultTaskDisplayArea)/@0x60dc331, destroy=true, surface=Surface(name=Task=1)/@0x5394d60
09-20 15:56:30.300  1082  1082 D NotificationStatusIcon: applyNotificationIconsTint
09-20 15:56:30.300  1082  1082 D NotificationStatusIcon: updateTintForIcon:colorize-true
09-20 15:56:30.300  1082  1082 D NotificationStatusIcon: updateTintForIcon:colorize-true
09-20 15:56:30.301  1082  1082 D NotificationStatusIcon: updateTintForIcon:colorize-true
09-20 15:56:30.301  1082  1082 D NotificationStatusIcon: updateTintForIcon:colorize-true
09-20 15:56:30.301  1082  1082 D NotificationStatusIcon: updateTintForIcon:colorize-true
09-20 15:56:30.301  1082  1082 D NotificationStatusIcon: updateTintForIcon:colorize-true
09-20 15:56:30.301  1082  1082 D NotificationStatusIcon: updateTintForIcon:colorize-true
09-20 15:56:30.301  1082  1082 D NotificationStatusIcon: updateTintForIcon:colorize-true
09-20 15:56:30.301  1082  1082 D NotificationStatusIcon: updateTintForIcon:colorize-true
09-20 15:56:30.301  1082  1082 D NotificationStatusIcon: updateTintForIcon:colorize-true
09-20 15:56:30.301  1082  1082 D NotificationStatusIcon: updateTintForIcon:colorize-true
09-20 15:56:30.301  1082  1082 D NotificationStatusIcon: updateTintForIcon:colorize-true
09-20 15:56:30.301  1082  1082 D NotificationStatusIcon: updateTintForIcon:colorize-true
09-20 15:56:30.301  1082  1082 D NotificationStatusIcon: updateTintForIcon:colorize-true
09-20 15:56:30.301  1082  1082 D NotificationStatusIcon: updateTintForIcon:colorize-true
09-20 15:56:30.301  1082  1082 D NotificationStatusIcon: updateTintForIcon:colorize-true
09-20 15:56:30.301  1082  1082 D NotificationStatusIcon: updateTintForIcon:colorize-true
09-20 15:56:30.301  1082  1082 D NotificationStatusIcon: updateTintForIcon:colorize-true
09-20 15:56:30.301  1082  1082 D NotificationStatusIcon: updateTintForIcon:colorize-true
09-20 15:56:30.301  1082  1082 D NotificationStatusIcon: updateTintForIcon:colorize-true
09-20 15:56:30.301   819   880 V WindowManager: Setting visibility of Window{5d7461f u0 com.sec.android.app.launcher/com.android.launcher3.infra.activity.Launcher}: false, caller=com.android.server.wm.WindowContainer.sendAppVisibilityToClients:996 com.android.server.wm.WindowToken.setClientVisible:419 com.android.server.wm.ActivityRecord.setClientVisible:6187 com.android.server.wm.ActivityRecord.onAnimationFinished:7001 com.android.server.wm.WindowContainer.doAnimationFinished:2861 
09-20 15:56:30.302   819   880 V WindowManager: Setting visibility of Window{5d7461f u0 com.sec.android.app.launcher/com.android.launcher3.infra.activity.Launcher}: false, caller=com.android.server.wm.WindowContainer.sendAppVisibilityToClients:996 com.android.server.wm.ActivityRecord.setClientVisible:6188 com.android.server.wm.ActivityRecord.onAnimationFinished:7001 com.android.server.wm.WindowContainer.doAnimationFinished:2861 com.android.server.wm.WindowContainer.onAnimationFinished:2873 
09-20 15:56:30.302   819   880 I WindowManager: Reparenting to original parent: Surface(name=DefaultTaskDisplayArea)/@0x60dc331, destroy=true, surface=Surface(name=Task=8959)/@0xd21bd10
09-20 15:56:30.303   819   880 V WindowManager: Setting visibility of Window{db7b7d1 u0 Splash Screen com.haxor44.rmx26}: true, caller=com.android.server.wm.WindowContainer.sendAppVisibilityToClients:996 com.android.server.wm.ActivityRecord.setClientVisible:6188 com.android.server.wm.ActivityRecord.onAnimationFinished:7001 com.android.server.wm.WindowContainer.doAnimationFinished:2861 com.android.server.wm.WindowContainer.onAnimationFinished:2873 
09-20 15:56:30.304   819   880 V WindowManager: Setting visibility of Window{8fb592f u0 com.android.systemui.ImageWallpaper}: false, caller=com.android.server.wm.WindowContainer.sendAppVisibilityToClients:996 com.android.server.wm.WindowToken.setClientVisible:419 com.android.server.wm.WallpaperWindowToken.setVisible:145 com.android.server.wm.WallpaperWindowToken.updateWallpaperWindows:140 com.android.server.wm.WallpaperController.updateWallpaperTokens:606 
09-20 15:56:30.309   524   524 W SurfaceFlinger: deleteTextures was not executed, mTexturePool.size() ==  mTexturePoolSize
09-20 15:56:30.317   524   524 I Layer   : id=3554 removedFromDrawingState Surface(name=Task=1)/@0x5394d60 - animation-leash of app_transition#0 (109)
09-20 15:56:30.317  1082  1082 D NotificationStatusIcon: applyNotificationIconsTint
09-20 15:56:30.317  1082  1082 D NotificationStatusIcon: updateTintForIcon:colorize-true
09-20 15:56:30.317  1082  1082 D NotificationStatusIcon: updateTintForIcon:colorize-true
09-20 15:56:30.318  1082  1082 D NotificationStatusIcon: updateTintForIcon:colorize-true
09-20 15:56:30.318   524   524 I Layer   : id=3555 removedFromDrawingState Surface(name=Task=8959)/@0xd21bd10 - animation-leash of app_transition#0 (109)
09-20 15:56:30.318  1082  1082 D NotificationStatusIcon: updateTintForIcon:colorize-true
09-20 15:56:30.318  1082  1082 D NotificationStatusIcon: updateTintForIcon:colorize-true
09-20 15:56:30.318  1082  1082 D NotificationStatusIcon: updateTintForIcon:colorize-true
09-20 15:56:30.318  1082  1082 D NotificationStatusIcon: updateTintForIcon:colorize-true
09-20 15:56:30.318  1082  1082 D NotificationStatusIcon: updateTintForIcon:colorize-true
09-20 15:56:30.318  1082  1082 D NotificationStatusIcon: updateTintForIcon:colorize-true
09-20 15:56:30.318  1082  1082 D NotificationStatusIcon: updateTintForIcon:colorize-true
09-20 15:56:30.318  1082  1082 D NotificationStatusIcon: updateTintForIcon:colorize-true
09-20 15:56:30.318  1082  1082 D NotificationStatusIcon: updateTintForIcon:colorize-true
09-20 15:56:30.318  1082  1082 D NotificationStatusIcon: updateTintForIcon:colorize-true
09-20 15:56:30.318  1082  1082 D NotificationStatusIcon: updateTintForIcon:colorize-true
09-20 15:56:30.318  1082  1082 D NotificationStatusIcon: updateTintForIcon:colorize-true
09-20 15:56:30.318  1082  1082 D NotificationStatusIcon: updateTintForIcon:colorize-true
09-20 15:56:30.318  1082  1082 D NotificationStatusIcon: updateTintForIcon:colorize-true
09-20 15:56:30.318  1082  1082 D NotificationStatusIcon: updateTintForIcon:colorize-true
09-20 15:56:30.318  1082  1082 D NotificationStatusIcon: updateTintForIcon:colorize-true
09-20 15:56:30.318  1082  1082 D NotificationStatusIcon: updateTintForIcon:colorize-true
09-20 15:56:30.318   524   524 I SurfaceFlinger: id=3555 Removed Surface(name=Task=8959)/@0xd21bd10 - animation-leash of app_transition#0 (109)
09-20 15:56:30.318   524   524 I SurfaceFlinger: id=3554 Removed Surface(name=Task=1)/@0x5394d60 - animation-leash of app_transition#0 (109)
09-20 15:56:30.319   524   524 I Layer   : id=3554 Destroyed Surface(name=Task=1)/@0x5394d60 - animation-leash of app_transition#0
09-20 15:56:30.319   524   524 I Layer   : id=3555 Destroyed Surface(name=Task=8959)/@0xd21bd10 - animation-leash of app_transition#0
09-20 15:56:30.320   819  3150 V WindowManager: Relayout Window{5d7461f u0 com.sec.android.app.launcher/com.android.launcher3.infra.activity.Launcher}: viewVisibility=8 req=720x1600 d0
09-20 15:56:30.321   482   482 D IMGGralloc: Gralloc Free  w:720, h:1600, f:0x101, usage:0xb00, ui64Stamp:56412 line = 2499
09-20 15:56:30.321   482   482 D IMGGralloc: Gralloc Free  w:720, h:1600, f:0x101, usage:0xb00, ui64Stamp:56410 line = 2499
09-20 15:56:30.321   482   482 D IMGGralloc: Gralloc Free  w:720, h:1600, f:0x101, usage:0xb00, ui64Stamp:56408 line = 2499
09-20 15:56:30.322   482   482 D IMGGralloc: Gralloc Free  w:720, h:1600, f:0x102, usage:0xb00, ui64Stamp:44134 line = 2499
09-20 15:56:30.324   524   524 D SurfaceFlinger: Display 0 HWC layers:
09-20 15:56:30.324   524   524 D SurfaceFlinger:      DEVICE | 0xf33feac0 | 0100 | RGBA_8888    |    0.0    0.0  720.0 1600.0 |    0    0  720 1600 | Splash Screen com.haxor44.rmx26#0
09-20 15:56:30.324   524   524 D SurfaceFlinger:      DEVICE | 0xf33fed00 | 0100 | RGBA_8888    |    0.0    0.0  720.0   48.0 |    0    0  720   48 | StatusBar#0
09-20 15:56:30.324   524   524 D SurfaceFlinger:      DEVICE | 0xf33fe340 | 0100 | RGBA_8888    |    0.0    0.0  720.0   96.0 |    0 1504  720 1600 | NavigationBar0#0
09-20 15:56:30.324   524   524 D SurfaceFlinger: 
09-20 15:56:30.325   819  3150 V WindowManager: Relayout hash=5d7461f, pid=1293: mAttrs={(0,0)(fillxfill) sim={adjust=nothing forwardNavigation} layoutInDisplayCutoutMode=shortEdges ty=BASE_APPLICATION fmt=TRANSPARENT wanim=0x10302f2
09-20 15:56:30.325   819  3150 V WindowManager:   fl=81910100
09-20 15:56:30.325   819  3150 V WindowManager:   pfl=12020040
09-20 15:56:30.325   819  3150 V WindowManager:   vsysui=700
09-20 15:56:30.325   819  3150 V WindowManager:   bhv=DEFAULT
09-20 15:56:30.325   819  3150 V WindowManager:   fitSides=}
09-20 15:56:30.325   524   524 W SurfaceFlinger: deleteTextures was not executed, mTexturePool.size() ==  mTexturePoolSize
09-20 15:56:30.325  1293 24574 D IMGGralloc: Gralloc Free  w:720, h:1600, f:0x101, usage:0xb00, ui64Stamp:56408 line = 2499
09-20 15:56:30.335  1082  1082 D NotificationStatusIcon: applyNotificationIconsTint
09-20 15:56:30.335  1082  1082 D NotificationStatusIcon: updateTintForIcon:colorize-true
09-20 15:56:30.335  1082  1082 D NotificationStatusIcon: updateTintForIcon:colorize-true
09-20 15:56:30.335  1082  1082 D NotificationStatusIcon: updateTintForIcon:colorize-true
09-20 15:56:30.335  1082  1082 D NotificationStatusIcon: updateTintForIcon:colorize-true
09-20 15:56:30.335  1082  1082 D NotificationStatusIcon: updateTintForIcon:colorize-true
09-20 15:56:30.335  1082  1082 D NotificationStatusIcon: updateTintForIcon:colorize-true
09-20 15:56:30.335  1082  1082 D NotificationStatusIcon: updateTintForIcon:colorize-true
09-20 15:56:30.335  1082  1082 D NotificationStatusIcon: updateTintForIcon:colorize-true
09-20 15:56:30.335  1082  1082 D NotificationStatusIcon: updateTintForIcon:colorize-true
09-20 15:56:30.335  1082  1082 D NotificationStatusIcon: updateTintForIcon:colorize-true
09-20 15:56:30.335  1082  1082 D NotificationStatusIcon: updateTintForIcon:colorize-true
09-20 15:56:30.335  1082  1082 D NotificationStatusIcon: updateTintForIcon:colorize-true
09-20 15:56:30.335  1082  1082 D NotificationStatusIcon: updateTintForIcon:colorize-true
09-20 15:56:30.335  1082  1082 D NotificationStatusIcon: updateTintForIcon:colorize-true
09-20 15:56:30.335  1082  1082 D NotificationStatusIcon: updateTintForIcon:colorize-true
09-20 15:56:30.335  1082  1082 D NotificationStatusIcon: updateTintForIcon:colorize-true
09-20 15:56:30.335  1082  1082 D NotificationStatusIcon: updateTintForIcon:colorize-true
09-20 15:56:30.335  1082  1082 D NotificationStatusIcon: updateTintForIcon:colorize-true
09-20 15:56:30.335  1082  1082 D NotificationStatusIcon: updateTintForIcon:colorize-true
09-20 15:56:30.335  1082  1082 D NotificationStatusIcon: updateTintForIcon:colorize-true
09-20 15:56:30.335 31870 31870 D ActivityThread: handleBindApplication() --
09-20 15:56:30.339   524   524 W SurfaceFlinger: deleteTextures was not executed, mTexturePool.size() ==  mTexturePoolSize
09-20 15:56:30.339  1293 24574 D IMGGralloc: Gralloc Free  w:720, h:1600, f:0x101, usage:0xb00, ui64Stamp:56410 line = 2499
09-20 15:56:30.340  1293 24574 D IMGGralloc: Gralloc Free  w:720, h:1600, f:0x101, usage:0xb00, ui64Stamp:56412 line = 2499
09-20 15:56:30.340 31870 31870 V fb-UnpackingSoSource: locked dso store /data/user/0/com.haxor44.rmx26/lib-main
09-20 15:56:30.351  1082  1082 D NotificationStatusIcon: applyNotificationIconsTint
09-20 15:56:30.351  1082  1082 D NotificationStatusIcon: updateTintForIcon:colorize-true
09-20 15:56:30.351  1082  1082 D NotificationStatusIcon: updateTintForIcon:colorize-true
09-20 15:56:30.351  1082  1082 D NotificationStatusIcon: updateTintForIcon:colorize-true
09-20 15:56:30.351  1082  1082 D NotificationStatusIcon: updateTintForIcon:colorize-true
09-20 15:56:30.351  1082  1082 D NotificationStatusIcon: updateTintForIcon:colorize-true
09-20 15:56:30.351  1082  1082 D NotificationStatusIcon: updateTintForIcon:colorize-true
09-20 15:56:30.351  1082  1082 D NotificationStatusIcon: updateTintForIcon:colorize-true
09-20 15:56:30.351  1082  1082 D NotificationStatusIcon: updateTintForIcon:colorize-true
09-20 15:56:30.351  1082  1082 D NotificationStatusIcon: updateTintForIcon:colorize-true
09-20 15:56:30.351  1082  1082 D NotificationStatusIcon: updateTintForIcon:colorize-true
09-20 15:56:30.351  1082  1082 D NotificationStatusIcon: updateTintForIcon:colorize-true
09-20 15:56:30.351  1082  1082 D NotificationStatusIcon: updateTintForIcon:colorize-true
09-20 15:56:30.351  1082  1082 D NotificationStatusIcon: updateTintForIcon:colorize-true
09-20 15:56:30.351  1082  1082 D NotificationStatusIcon: updateTintForIcon:colorize-true
09-20 15:56:30.351  1082  1082 D NotificationStatusIcon: updateTintForIcon:colorize-true
09-20 15:56:30.351  1082  1082 D NotificationStatusIcon: updateTintForIcon:colorize-true
09-20 15:56:30.351  1082  1082 D NotificationStatusIcon: updateTintForIcon:colorize-true
09-20 15:56:30.351  1082  1082 D NotificationStatusIcon: updateTintForIcon:colorize-true
09-20 15:56:30.351  1082  1082 D NotificationStatusIcon: updateTintForIcon:colorize-true
09-20 15:56:30.352  1082  1082 D NotificationStatusIcon: updateTintForIcon:colorize-true
09-20 15:56:30.355   524   524 W SurfaceFlinger: deleteTextures was not executed, mTexturePool.size() ==  mTexturePoolSize
09-20 15:56:30.359 31870 31870 I fb-UnpackingSoSource: dso store is up-to-date: /data/user/0/com.haxor44.rmx26/lib-main
09-20 15:56:30.360 31870 31870 V fb-UnpackingSoSource: releasing dso store lock for /data/user/0/com.haxor44.rmx26/lib-main
09-20 15:56:30.360 31870 31870 V SoLoader: Init SoLoader delegate
09-20 15:56:30.366 31870 31870 W unknown:ReactInstanceManagerBuilder: You're not setting the JS Engine Resolution Algorithm. We'll try to load JSC first, and if it fails we'll fallback to Hermes
09-20 15:56:30.367 31870 31870 V SoLoader: libjscexecutor.so not found on /data/data/com.haxor44.rmx26/lib-main
09-20 15:56:30.368 31870 31870 V SoLoader: libjscexecutor.so not found on /data/app/~~f6bSqRki4MByUCLYoeUSIQ==/com.haxor44.rmx26-OPfCLq0nNN-ZkgRtXRYKPg==/lib/arm
09-20 15:56:30.368  1082  1082 D NotificationStatusIcon: applyNotificationIconsTint
09-20 15:56:30.368  1082  1082 D NotificationStatusIcon: updateTintForIcon:colorize-true
09-20 15:56:30.368  1082  1082 D NotificationStatusIcon: updateTintForIcon:colorize-true
09-20 15:56:30.368  1082  1082 D NotificationStatusIcon: updateTintForIcon:colorize-true
09-20 15:56:30.368  1082  1082 D NotificationStatusIcon: updateTintForIcon:colorize-true
09-20 15:56:30.368  1082  1082 D NotificationStatusIcon: updateTintForIcon:colorize-true
09-20 15:56:30.368  1082  1082 D NotificationStatusIcon: updateTintForIcon:colorize-true
09-20 15:56:30.368 31870 31870 V SoLoader: libjscexecutor.so not found on /vendor/lib
09-20 15:56:30.368  1082  1082 D NotificationStatusIcon: updateTintForIcon:colorize-true
09-20 15:56:30.368  1082  1082 D NotificationStatusIcon: updateTintForIcon:colorize-true
09-20 15:56:30.368  1082  1082 D NotificationStatusIcon: updateTintForIcon:colorize-true
09-20 15:56:30.368  1082  1082 D NotificationStatusIcon: updateTintForIcon:colorize-true
09-20 15:56:30.368  1082  1082 D NotificationStatusIcon: updateTintForIcon:colorize-true
09-20 15:56:30.368  1082  1082 D NotificationStatusIcon: updateTintForIcon:colorize-true
09-20 15:56:30.368 31870 31870 V SoLoader: libjscexecutor.so not found on /system/lib
09-20 15:56:30.368  1082  1082 D NotificationStatusIcon: updateTintForIcon:colorize-true
09-20 15:56:30.368  1082  1082 D NotificationStatusIcon: updateTintForIcon:colorize-true
09-20 15:56:30.368  1082  1082 D NotificationStatusIcon: updateTintForIcon:colorize-true
09-20 15:56:30.368  1082  1082 D NotificationStatusIcon: updateTintForIcon:colorize-true
09-20 15:56:30.368  1082  1082 D NotificationStatusIcon: updateTintForIcon:colorize-true
09-20 15:56:30.368  1082  1082 D NotificationStatusIcon: updateTintForIcon:colorize-true
09-20 15:56:30.368  1082  1082 D NotificationStatusIcon: updateTintForIcon:colorize-true
09-20 15:56:30.368  1082  1082 D NotificationStatusIcon: updateTintForIcon:colorize-true
09-20 15:56:30.370 31870 31870 E SoLoader: couldn't find DSO to load: libjscexecutor.so
09-20 15:56:30.370 31870 31870 E SoLoader: 	SoSource 0: com.facebook.soloader.ApkSoSource[root = /data/data/com.haxor44.rmx26/lib-main flags = 1]
09-20 15:56:30.370 31870 31870 E SoLoader: 	SoSource 1: com.facebook.soloader.DirectorySoSource[root = /data/app/~~f6bSqRki4MByUCLYoeUSIQ==/com.haxor44.rmx26-OPfCLq0nNN-ZkgRtXRYKPg==/lib/arm flags = 0]
09-20 15:56:30.370 31870 31870 E SoLoader: 	SoSource 2: com.facebook.soloader.DirectorySoSource[root = /vendor/lib flags = 2]
09-20 15:56:30.370 31870 31870 E SoLoader: 	SoSource 3: com.facebook.soloader.DirectorySoSource[root = /system/lib flags = 2]
09-20 15:56:30.370 31870 31870 E SoLoader: 	Native lib dir: /data/app/~~f6bSqRki4MByUCLYoeUSIQ==/com.haxor44.rmx26-OPfCLq0nNN-ZkgRtXRYKPg==/lib/arm
09-20 15:56:30.370 31870 31870 E SoLoader:  result: 0
09-20 15:56:30.371   524   524 W SurfaceFlinger: deleteTextures was not executed, mTexturePool.size() ==  mTexturePoolSize
09-20 15:56:30.371 31870 31870 V SoLoader: libhermes.so not found on /data/data/com.haxor44.rmx26/lib-main
09-20 15:56:30.371 31870 31870 D SoLoader: libhermes.so found on /data/app/~~f6bSqRki4MByUCLYoeUSIQ==/com.haxor44.rmx26-OPfCLq0nNN-ZkgRtXRYKPg==/lib/arm
09-20 15:56:30.371 31870 31870 D SoLoader: Not resolving dependencies for libhermes.so
09-20 15:56:30.379 31870 31870 V SoLoader: libhermes_executor.so not found on /data/data/com.haxor44.rmx26/lib-main
09-20 15:56:30.379 31870 31870 D SoLoader: libhermes_executor.so found on /data/app/~~f6bSqRki4MByUCLYoeUSIQ==/com.haxor44.rmx26-OPfCLq0nNN-ZkgRtXRYKPg==/lib/arm
09-20 15:56:30.379 31870 31870 D SoLoader: Not resolving dependencies for libhermes_executor.so
09-20 15:56:30.384  1082  1082 D NotificationStatusIcon: applyNotificationIconsTint
09-20 15:56:30.384  1082  1082 D NotificationStatusIcon: updateTintForIcon:colorize-true
09-20 15:56:30.384  1082  1082 D NotificationStatusIcon: updateTintForIcon:colorize-true
09-20 15:56:30.385  1082  1082 D NotificationStatusIcon: updateTintForIcon:colorize-true
09-20 15:56:30.385  1082  1082 D NotificationStatusIcon: updateTintForIcon:colorize-true
09-20 15:56:30.385  1082  1082 D NotificationStatusIcon: updateTintForIcon:colorize-true
09-20 15:56:30.385  1082  1082 D NotificationStatusIcon: updateTintForIcon:colorize-true
09-20 15:56:30.385  1082  1082 D NotificationStatusIcon: updateTintForIcon:colorize-true
09-20 15:56:30.385  1082  1082 D NotificationStatusIcon: updateTintForIcon:colorize-true
09-20 15:56:30.385  1082  1082 D NotificationStatusIcon: updateTintForIcon:colorize-true
09-20 15:56:30.385  1082  1082 D NotificationStatusIcon: updateTintForIcon:colorize-true
09-20 15:56:30.385  1082  1082 D NotificationStatusIcon: updateTintForIcon:colorize-true
09-20 15:56:30.385  1082  1082 D NotificationStatusIcon: updateTintForIcon:colorize-true
09-20 15:56:30.385  1082  1082 D NotificationStatusIcon: updateTintForIcon:colorize-true
09-20 15:56:30.385  1082  1082 D NotificationStatusIcon: updateTintForIcon:colorize-true
09-20 15:56:30.385  1082  1082 D NotificationStatusIcon: updateTintForIcon:colorize-true
09-20 15:56:30.385  1082  1082 D NotificationStatusIcon: updateTintForIcon:colorize-true
09-20 15:56:30.385  1082  1082 D NotificationStatusIcon: updateTintForIcon:colorize-true
09-20 15:56:30.385  1082  1082 D NotificationStatusIcon: updateTintForIcon:colorize-true
09-20 15:56:30.385  1082  1082 D NotificationStatusIcon: updateTintForIcon:colorize-true
09-20 15:56:30.385  1082  1082 D NotificationStatusIcon: updateTintForIcon:colorize-true
09-20 15:56:30.388   524   524 W SurfaceFlinger: deleteTextures was not executed, mTexturePool.size() ==  mTexturePoolSize
09-20 15:56:30.401  1082  1082 D NotificationStatusIcon: applyNotificationIconsTint
09-20 15:56:30.401  1082  1082 D NotificationStatusIcon: updateTintForIcon:colorize-true
09-20 15:56:30.401  1082  1082 D NotificationStatusIcon: updateTintForIcon:colorize-true
09-20 15:56:30.402  1082  1082 D NotificationStatusIcon: updateTintForIcon:colorize-true
09-20 15:56:30.402  1082  1082 D NotificationStatusIcon: updateTintForIcon:colorize-true
09-20 15:56:30.402  1082  1082 D NotificationStatusIcon: updateTintForIcon:colorize-true
09-20 15:56:30.402  1082  1082 D NotificationStatusIcon: updateTintForIcon:colorize-true
