09-20 15:47:21.587 31298 31330 E AndroidRuntime:     in RNSScreen
09-20 15:47:21.587 31298 31330 E AndroidRuntime:     in Unknown
09-20 15:47:21.587 31298 31330 E AndroidRuntime:     in Suspender
09-20 15:47:21.587 31298 31330 E AndroidRuntime:     in Suspense
09-20 15:47:21.587 31298 31330 E AndroidRuntime:     in Freeze
09-20 15:47:21.587 31298 31330 E AndroidRuntime:     in DelayedFreeze
09-20 15:47:21.587 31298 31330 E AndroidRuntime:     in InnerScreen
09-20 15:47:21.587 31298 31330 E AndroidRuntime:     in Screen
09-20 15:47:21.587 31298 31330 E AndroidRuntime:     in MaybeScreen
09-20 15:47:21.587 31298 31330 E AndroidRuntime:     in RNSScreenContainer
09-20 15:47:21.587 31298 31330 E AndroidRuntime:     in ScreenContainer
09-20 15:47:21.587 31298 31330 E AndroidRuntime:     in MaybeScreenContainer
09-20 15:47:21.587 31298 31330 E AndroidRuntime:     in RCTView
09-20 15:47:21.587 31298 31330 E AndroidRuntime:     in Unknown
09-20 15:47:21.587 31298 31330 E AndroidRuntime:     in Background
09-20 15:47:21.587 31298 31330 E AndroidRuntime:     in CardStack
09-20 15:47:21.587 31298 31330 E AndroidRuntime:     in RNCSafeAreaProvider
09-20 15:47:21.587 31298 31330 E AndroidRuntime:     in SafeAreaProvider
09-20 15:47:21.587 31298 31330 E AndroidRuntime:     in SafeAreaProviderCompat
09-20 15:47:21.587 31298 31330 E AndroidRuntime:     in RNGestureHandlerRootView
09-20 15:47:21.587 31298 31330 E AndroidRuntime:     in GestureHandlerRootView
09-20 15:47:21.587 31298 31330 E AndroidRuntime:     in StackView
09-20 15:47:21.587 31298 31330 E AndroidRuntime:     in PreventRemoveProvider
09-20 15:47:21.587 31298 31330 E AndroidRuntime:     in NavigationContent
09-20 15:47:21.587 31298 31330 E AndroidRuntime:     in Unknown
09-20 15:47:21.587 31298 31330 E AndroidRuntime:     in StackNavigator
09-20 15:47:21.587 31298 31330 E AndroidRuntime:     in EnsureSingleNavigator
09-20 15:47:21.587 31298 31330 E AndroidRuntime:     in BaseNavigationContainer
09-20 15:47:21.587 31298 31330 E AndroidRuntime:     in ThemeProvider
09-20 15:47:21.587 31298 31330 E AndroidRuntime:     in NavigationContainerInner
09-20 15:47:21.587 31298 31330 E AndroidRuntime:     in Provider
09-20 15:47:21.587 31298 31330 E AndroidRuntime:     in App
09-20 15:47:21.587 31298 31330 E AndroidRuntime:     in RCTView
09-20 15:47:21.587 31298 31330 E AndroidRuntime:     in Unknown
09-20 15:47:21.587 31298 31330 E AndroidRuntime:     in RCTView
09-20 15:47:21.587 31298 31330 E AndroidRuntime:     in Unknown
09-20 15:47:21.587 31298 31330 E AndroidRuntime:     in AppContainer, js engine: hermes, stack:
09-20 15:47:21.587 31298 31330 E AndroidRuntime: invariant@1:45901
09-20 15:47:21.587 31298 31330 E AndroidRuntime: getNativeComponentAttributes@1:73694
09-20 15:47:21.587 31298 31330 E AndroidRuntime: anonymous@1:281927
09-20 15:47:21.587 31298 31330 E AndroidRuntime: anonymous@1:69617
09-20 15:47:21.587 31298 31330 E AndroidRuntime: completeWork@1:328792
09-20 15:47:21.587 31298 31330 E AndroidRuntime: completeUnitOfWork@1:341534
09-20 15:47:21.587 31298 31330 E AndroidRuntime: performUnitOfWork@1:341379
09-20 15:47:21.587 31298 31330 E AndroidRuntime: workLoopSync@1:341247
09-20 15:47:21.587 31298 31330 E AndroidRuntime: renderRootSync@1:341131
09-20 15:47:21.587 31298 31330 E AndroidRuntime: performSyncWorkOnRoot@1:338620
09-20 15:47:21.587 31298 31330 E AndroidRuntime: flushSyncCallbacks@1:303899
09-20 15:47:21.587 31298 31330 E AndroidRuntime: scheduleUpdateOnFiber@1:336084
09-20 15:47:21.587 31298 31330 E AndroidRuntime: updateContainer@1:346493
09-20 15:47:21.587 31298 31330 E AndroidRuntime: anonymous@1:355545
09-20 15:47:21.587 31298 31330 E AndroidRuntime: renderElement@1:51118
09-20 15:47:21.587 31298 31330 E AndroidRuntime: renderApplication@1:263300
09-20 15:47:21.587 31298 31330 E AndroidRuntime: run@1:256393
09-20 15:47:21.587 31298 31330 E AndroidRuntime: runApplication@1:256859
09-20 15:47:21.587 31298 31330 E AndroidRuntime: __callFunction@1:54773
09-20 15:47:21.587 31298 31330 E AndroidRuntime: anonymous@1:53271
09-20 15:47:21.587 31298 31330 E AndroidRuntime: __guard@1:54208
09-20 15:47:21.587 31298 31330 E AndroidRuntime: callFunctionReturnFlushedQueue@1:53229
09-20 15:47:21.587 31298 31330 E AndroidRuntime: 
09-20 15:47:21.587 31298 31330 E AndroidRuntime: 	at com.facebook.react.modules.core.ExceptionsManagerModule.reportException(ExceptionsManagerModule.java:65)
09-20 15:47:21.587 31298 31330 E AndroidRuntime: 	at java.lang.reflect.Method.invoke(Native Method)
09-20 15:47:21.587 31298 31330 E AndroidRuntime: 	at com.facebook.react.bridge.JavaMethodWrapper.invoke(JavaMethodWrapper.java:372)
09-20 15:47:21.587 31298 31330 E AndroidRuntime: 	at com.facebook.react.bridge.JavaModuleWrapper.invoke(JavaModuleWrapper.java:188)
09-20 15:47:21.587 31298 31330 E AndroidRuntime: 	at com.facebook.jni.NativeRunnable.run(Native Method)
09-20 15:47:21.587 31298 31330 E AndroidRuntime: 	at android.os.Handler.handleCallback(Handler.java:938)
09-20 15:47:21.587 31298 31330 E AndroidRuntime: 	at android.os.Handler.dispatchMessage(Handler.java:99)
09-20 15:47:21.587 31298 31330 E AndroidRuntime: 	at com.facebook.react.bridge.queue.MessageQueueThreadHandler.dispatchMessage(MessageQueueThreadHandler.java:27)
09-20 15:47:21.587 31298 31330 E AndroidRuntime: 	at android.os.Looper.loopOnce(Looper.java:201)
09-20 15:47:21.587 31298 31330 E AndroidRuntime: 	at android.os.Looper.loop(Looper.java:288)
09-20 15:47:21.587 31298 31330 E AndroidRuntime: 	at com.facebook.react.bridge.queue.MessageQueueThreadImpl$4.run(MessageQueueThreadImpl.java:228)
09-20 15:47:21.587 31298 31330 E AndroidRuntime: 	at java.lang.Thread.run(Thread.java:920)
--------- beginning of system
09-20 15:47:21.593   819  2002 W ActivityTaskManager:   Force finishing activity com.haxor44.rmx26/.MainActivity
09-20 15:47:21.596   819  2002 D StatusBarManagerService: notifyRequestedSystemKey recent=false home=false
09-20 15:47:21.611   819   887 W BroadcastQueue: Background execution not allowed: receiving Intent { act=android.intent.action.DROPBOX_ENTRY_ADDED flg=0x10 (has extras) } to com.google.android.gms/.stats.service.DropBoxEntryAddedReceiver
09-20 15:47:21.612   819   887 W BroadcastQueue: Background execution not allowed: receiving Intent { act=android.intent.action.DROPBOX_ENTRY_ADDED flg=0x10 (has extras) } to com.google.android.gms/.chimera.GmsIntentOperationService$PersistentTrustedReceiver
09-20 15:47:21.614   819  1428 V ActivityManager: Changed top to ProcessRecord{19edf33 1293:com.sec.android.app.launcher/u0a73}
09-20 15:47:21.614   819  6829 V WindowManager: Setting visibility of Window{5d7461f u0 com.sec.android.app.launcher/com.android.launcher3.infra.activity.Launcher}: true, caller=com.android.server.wm.WindowContainer.sendAppVisibilityToClients:996 com.android.server.wm.WindowToken.setClientVisible:419 com.android.server.wm.ActivityRecord.setClientVisible:6187 com.android.server.wm.ActivityRecord.setVisibility:4785 com.android.server.wm.ActivityRecord.setVisibility:4689 
09-20 15:47:21.615  1082  1106 E TaskStackListenerAbstract: onTaskSnapshotChanged called by Binder.getCallingPid() 0 android.app.ITaskStackListener$Stub.onTransact:570 android.os.Binder.execTransactInternal:1184 android.os.Binder.execTransact:1143 <bottom of call stack> 
09-20 15:47:21.615   819  6829 V WindowManager: Setting visibility of Window{5d7461f u0 com.sec.android.app.launcher/com.android.launcher3.infra.activity.Launcher}: true, caller=com.android.server.wm.WindowContainer.sendAppVisibilityToClients:996 com.android.server.wm.ActivityRecord.setClientVisible:6188 com.android.server.wm.ActivityRecord.setVisibility:4785 com.android.server.wm.ActivityRecord.setVisibility:4689 com.android.server.wm.Task.resumeTopActivityInnerLocked:6508 
09-20 15:47:21.616   819  6829 D WindowManager: rotationForOrientation, orientationSource=ActivityRecord{df1552b u0 com.sec.android.app.launcher/com.android.launcher3.infra.activity.Launcher t8907}
09-20 15:47:21.618   819  6829 V WindowManager: Setting visibility of Window{5d7461f u0 com.sec.android.app.launcher/com.android.launcher3.infra.activity.Launcher}: true, caller=com.android.server.wm.WindowContainer.sendAppVisibilityToClients:996 com.android.server.wm.ActivityRecord.setClientVisible:6188 com.android.server.wm.ActivityRecord.setVisibility:4785 com.android.server.wm.ActivityRecord.setVisibility:4689 com.android.server.wm.ActivityRecord.completeResumeLocked:5582 
09-20 15:47:21.625   819  1428 I ActivityManager: Changes in 10073 5 to 2, 8 to 15
09-20 15:47:21.627   819   879 I ActivityManager: Changes in 10237 2 to 18, 15 to 0
09-20 15:47:21.629   819  1428 D WindowManager: makeSurface duration=2 name=com.sec.android.app.launcher/com.android.launcher3.infra.activity.Launcher
09-20 15:47:21.632   819  1428 I WindowManager: Cancelling animation restarting=true, leash=Surface(name=Surface(name=f698c6b StatusBar)/@0xde7458c - animation-leash of insets_animation)/@0x978fdf6
09-20 15:47:21.632   819  1428 I WindowManager: Reparenting to original parent: Surface(name=WindowToken{85545ba android.os.BinderProxy@86f5dc})/@0x8f174d5, destroy=false, surface=Surface(name=f698c6b StatusBar)/@0xde7458c
09-20 15:47:21.632   819  1428 I WindowManager: Reparenting to leash, surface=Surface(name=f698c6b StatusBar)/@0xde7458c, leashParent=Surface(name=WindowToken{85545ba android.os.BinderProxy@86f5dc})/@0x8f174d5
09-20 15:47:21.633   819  1428 D WindowManager: makeSurface duration=1 leash=Surface(name=Surface(name=f698c6b StatusBar)/@0xde7458c - animation-leash of insets_animation)/@0x9d10bd7
09-20 15:47:21.633   819  1428 I WindowManager: Cancelling animation restarting=true, leash=Surface(name=Surface(name=d2f492 NavigationBar0)/@0x7f723db - animation-leash of insets_animation)/@0xee3c64
09-20 15:47:21.633   819  1428 I WindowManager: Reparenting to original parent: Surface(name=WindowToken{cf3e2f4 android.os.BinderProxy@8f4fe06})/@0x7892e78, destroy=false, surface=Surface(name=d2f492 NavigationBar0)/@0x7f723db
09-20 15:47:21.633   819  1428 I WindowManager: Reparenting to leash, surface=Surface(name=d2f492 NavigationBar0)/@0x7f723db, leashParent=Surface(name=WindowToken{cf3e2f4 android.os.BinderProxy@8f4fe06})/@0x7892e78
09-20 15:47:21.634   819  1428 D WindowManager: makeSurface duration=1 leash=Surface(name=Surface(name=d2f492 NavigationBar0)/@0x7f723db - animation-leash of insets_animation)/@0x7c747ad
09-20 15:47:21.634   819  1428 D StatusBarManagerService: notifyRequestedSystemKey recent=false home=false
09-20 15:47:21.662   819  6829 D WindowManager: finishDrawingWindow: Window{5d7461f u0 com.sec.android.app.launcher/com.android.launcher3.infra.activity.Launcher} mDrawState=DRAW_PENDING
09-20 15:47:21.663   819   880 V WindowManager: Setting visibility of Window{8fb592f u0 com.android.systemui.ImageWallpaper}: true, caller=com.android.server.wm.WindowContainer.sendAppVisibilityToClients:996 com.android.server.wm.WindowToken.setClientVisible:419 com.android.server.wm.WallpaperWindowToken.setVisible:145 com.android.server.wm.WallpaperWindowToken.commitVisibility:185 com.android.server.wm.WallpaperWindowToken.setVisibility:170 
09-20 15:47:21.668   819   880 V WindowManager: Setting visibility of Window{63e931b u0 com.haxor44.rmx26/com.haxor44.rmx26.MainActivity}: false, caller=com.android.server.wm.WindowContainer.sendAppVisibilityToClients:996 com.android.server.wm.WindowToken.setClientVisible:419 com.android.server.wm.ActivityRecord.setClientVisible:6187 com.android.server.wm.ActivityRecord.onAnimationFinished:7001 com.android.server.wm.ActivityRecord.postApplyAnimation:4922 
09-20 15:47:21.668   819   880 V WindowManager: Setting visibility of Window{63e931b u0 com.haxor44.rmx26/com.haxor44.rmx26.MainActivity}: false, caller=com.android.server.wm.WindowContainer.sendAppVisibilityToClients:996 com.android.server.wm.ActivityRecord.setClientVisible:6188 com.android.server.wm.ActivityRecord.onAnimationFinished:7001 com.android.server.wm.ActivityRecord.postApplyAnimation:4922 com.android.server.wm.ActivityRecord.commitVisibility:4902 
09-20 15:47:21.670   819   880 V WindowManager: Setting visibility of Window{63e931b u0 com.haxor44.rmx26/com.haxor44.rmx26.MainActivity}: false, caller=com.android.server.wm.WindowContainer.sendAppVisibilityToClients:996 com.android.server.wm.ActivityRecord.setClientVisible:6188 com.android.server.wm.ActivityRecord.postApplyAnimation:4939 com.android.server.wm.ActivityRecord.commitVisibility:4902 com.android.server.wm.AppTransitionController.handleClosingApps:799 
09-20 15:47:21.670   819   880 V WindowManager: Setting visibility of Window{5d7461f u0 com.sec.android.app.launcher/com.android.launcher3.infra.activity.Launcher}: true, caller=com.android.server.wm.WindowContainer.sendAppVisibilityToClients:996 com.android.server.wm.ActivityRecord.setClientVisible:6188 com.android.server.wm.ActivityRecord.onAnimationFinished:7001 com.android.server.wm.ActivityRecord.postApplyAnimation:4922 com.android.server.wm.ActivityRecord.commitVisibility:4902 
09-20 15:47:21.671   819   880 V WindowManager: Setting visibility of Window{5d7461f u0 com.sec.android.app.launcher/com.android.launcher3.infra.activity.Launcher}: true, caller=com.android.server.wm.WindowContainer.sendAppVisibilityToClients:996 com.android.server.wm.ActivityRecord.setClientVisible:6188 com.android.server.wm.ActivityRecord.postApplyAnimation:4939 com.android.server.wm.ActivityRecord.commitVisibility:4902 com.android.server.wm.AppTransitionController.handleOpeningApps:756 
09-20 15:47:21.679   819  2002 D ActivityTaskManager: Exception at destroyImmediately :: finishing=true
09-20 15:47:21.679   819  2002 D ActivityTaskManager: android.os.DeadObjectException
09-20 15:47:21.679   819  2002 D ActivityTaskManager: 	at android.os.BinderProxy.transactNative(Native Method)
09-20 15:47:21.679   819  2002 D ActivityTaskManager: 	at android.os.BinderProxy.transact(BinderProxy.java:571)
09-20 15:47:21.679   819  2002 D ActivityTaskManager: 	at android.app.IApplicationThread$Stub$Proxy.scheduleTransaction(IApplicationThread.java:2732)
09-20 15:47:21.679   819  2002 D ActivityTaskManager: 	at android.app.servertransaction.ClientTransaction.schedule(ClientTransaction.java:136)
09-20 15:47:21.679   819  2002 D ActivityTaskManager: 	at com.android.server.wm.ClientLifecycleManager.scheduleTransaction(ClientLifecycleManager.java:47)
09-20 15:47:21.679   819  2002 D ActivityTaskManager: 	at com.android.server.wm.ClientLifecycleManager.scheduleTransaction(ClientLifecycleManager.java:69)
09-20 15:47:21.679   819  2002 D ActivityTaskManager: 	at com.android.server.wm.ActivityRecord.destroyImmediately(ActivityRecord.java:3425)
09-20 15:47:21.679   819  2002 D ActivityTaskManager: 	at com.android.server.wm.ActivityRecord.destroyIfPossible(ActivityRecord.java:3350)
09-20 15:47:21.679   819  2002 D ActivityTaskManager: 	at com.android.server.wm.ActivityTaskSupervisor.processStoppingAndFinishingActivities(ActivityTaskSupervisor.java:1970)
09-20 15:47:21.679   819  2002 D ActivityTaskManager: 	at com.android.server.wm.ActivityTaskSupervisor.activityIdleInternal(ActivityTaskSupervisor.java:1388)
09-20 15:47:21.679   819  2002 D ActivityTaskManager: 	at com.android.server.wm.ActivityClientController.activityIdle(ActivityClientController.java:145)
09-20 15:47:21.679   819  2002 D ActivityTaskManager: 	at android.app.IActivityClientController$Stub.onTransact(IActivityClientController.java:515)
09-20 15:47:21.679   819  2002 D ActivityTaskManager: 	at com.android.server.wm.ActivityClientController.onTransact(ActivityClientController.java:122)
09-20 15:47:21.679   819  2002 D ActivityTaskManager: 	at android.os.Binder.execTransactInternal(Binder.java:1184)
09-20 15:47:21.679   819  2002 D ActivityTaskManager: 	at android.os.Binder.execTransact(Binder.java:1143)
09-20 15:47:21.679   819  2002 I ActivityTaskManager: Removing activity ActivityRecord{e6d8258 u0 com.haxor44.rmx26/.MainActivity t8957 f}}(finish-imm:idle exceptionInScheduleDestroy)  from stack callers=com.android.server.wm.ActivityRecord.destroyImmediately:3436 com.android.server.wm.ActivityRecord.destroyIfPossible:3350 com.android.server.wm.ActivityTaskSupervisor.processStoppingAndFinishingActivities:1970 com.android.server.wm.ActivityTaskSupervisor.activityIdleInternal:1388 com.android.server.wm.ActivityClientController.activityIdle:145 
09-20 15:47:21.680   819  2002 I WindowManager: Cancelling animation restarting=true, leash=Surface(name=Surface(name=88fdb2f InputMethod)/@0x27542c5 - animation-leash of insets_animation)/@0xa8513e8
09-20 15:47:21.680   819  2002 I WindowManager: Reparenting to original parent: Surface(name=WindowToken{9ec0cee android.os.Binder@2753a69})/@0xfa3a41a, destroy=false, surface=Surface(name=88fdb2f InputMethod)/@0x27542c5
09-20 15:47:21.680   819  2002 I WindowManager: Reparenting to leash, surface=Surface(name=88fdb2f InputMethod)/@0x27542c5, leashParent=Surface(name=WindowToken{9ec0cee android.os.Binder@2753a69})/@0xfa3a41a
09-20 15:47:21.682   819  2002 D WindowManager: makeSurface duration=2 leash=Surface(name=Surface(name=88fdb2f InputMethod)/@0x27542c5 - animation-leash of insets_animation)/@0x54f4bd5
09-20 15:47:21.689   819 11018 V InputMethodManagerService: hideCurrentInputLocked : shouldHideSoftInput is false
09-20 15:47:21.693   819 11018 W InputMethodManagerService: Got RemoteException sending setActive(false) notification to pid 31298 uid 10237
09-20 15:47:21.696   819 11018 I WindowManager: Cancelling animation restarting=true, leash=Surface(name=Surface(name=88fdb2f InputMethod)/@0x27542c5 - animation-leash of insets_animation)/@0x54f4bd5
09-20 15:47:21.696   819 11018 I WindowManager: Reparenting to original parent: Surface(name=WindowToken{9ec0cee android.os.Binder@2753a69})/@0xfa3a41a, destroy=false, surface=Surface(name=88fdb2f InputMethod)/@0x27542c5
09-20 15:47:21.696   819 11018 I WindowManager: Reparenting to leash, surface=Surface(name=88fdb2f InputMethod)/@0x27542c5, leashParent=Surface(name=WindowToken{9ec0cee android.os.Binder@2753a69})/@0xfa3a41a
09-20 15:47:21.698   819 11018 D WindowManager: makeSurface duration=2 leash=Surface(name=Surface(name=88fdb2f InputMethod)/@0x27542c5 - animation-leash of insets_animation)/@0x6d890b6
09-20 15:47:21.701   819  5827 D InputMethodManagerService: removeClient
09-20 15:47:21.701   819  2016 I ActivityManager: Process com.haxor44.rmx26 (pid 31298) has died: cch CRE (88,480)
09-20 15:47:21.705   819   879 W ActivityManager: setHasOverlayUi called on unknown pid: 31298
09-20 15:47:23.306   819   995 D DeviceStorageMonitorService: check() STORAGE TOTAL <= 64G
09-20 15:47:23.306   819   995 W DeviceStorageMonitorService: updateBroadcasts(/data) oldLevel:0, newLevel:0, seq:1
09-20 15:47:23.307   819   995 D DeviceStorageMonitorService: Available File Node Number is [6254583]
09-20 15:47:23.307   819   995 W DeviceStorageMonitorService: updateBroadcasts_filenode(/data) fn_oldLevel:0, fn_newLevel:0, seq:1
09-20 15:47:24.429   819  3526 D SSRM:N  : SIOP:: , PST = 0 (W:30), BAT = 351
09-20 15:47:27.746   819  1033 D BatteryService: mHealthInfo.batteryLevel: 79
09-20 15:47:27.748   819  1033 D BatteryService: Sending ACTION_BATTERY_CHANGED. scale:100, info:{.chargerAcOnline = false, .chargerUsbOnline = false, .chargerWirelessOnline = false, .maxChargingCurrent = 0, .maxChargingVoltage = 0, .batteryStatus = DISCHARGING, .batteryHealth = GOOD, .batteryPresent = true, .batteryLevel = 79, .batteryVoltage = 4068, .batteryTemperature = 343, .batteryCurrent = -343000, .batteryCycleCount = 0, .batteryFullCharge = 4951000, .batteryChargeCounter = 3931094, .batteryTechnology = Li-ion}
09-20 15:47:27.748   819  1033 D BatteryService: online:1, current avg:-317000, charge type:0, POGO powered:false, power sharing:false, high voltage charger:false, charger_type:0, capacity:280000, misc_event:0x0, current_event:0x0, current_now:-343000
09-20 15:47:27.755   819   819 D SSRM:m0 : Unable to Write Remaining Usage Time File
09-20 15:47:34.454   819  3526 D SSRM:N  : SIOP:: , PST = 0 (W:30), BAT = 343
09-20 15:47:43.930   819   945 D ActivityManager: Received SERVICE intent 0x44cd925 Key{startService pkg=com.google.android.gms/com.google.android.gms.auth_authzen__phone intent=act=com.google.android.gms.auth.authzen.cryptauth.DEVICE_STATE_CHECK_DELAY_COMPLETE cat=[targeted_intent_op_prefix:.auth.authzen.cryptauth.DeviceStateSyncManager$CheckStateEventIntentOperation] cmp=com.google.android.gms/.chimera.GmsIntentOperationService flags=0x2000000 u=0} requestCode=0 from uid 1000
09-20 15:47:44.461   819  3526 D SSRM:N  : SIOP:: , PST = 0 (W:30), BAT = 343
09-20 15:47:54.465   819  3526 D SSRM:N  : SIOP:: , PST = 0 (W:30), BAT = 343
09-20 15:48:04.486   819  3526 D SSRM:N  : SIOP:: , PST = 0 (W:30), BAT = 343
09-20 15:48:14.514   819  3526 D SSRM:N  : SIOP:: , PST = 0 (W:30), BAT = 343
09-20 15:48:23.408   819   995 D DeviceStorageMonitorService: check() STORAGE TOTAL <= 64G
09-20 15:48:23.408   819   995 W DeviceStorageMonitorService: updateBroadcasts(/data) oldLevel:0, newLevel:0, seq:1
09-20 15:48:23.409   819   995 D DeviceStorageMonitorService: Available File Node Number is [6254585]
09-20 15:48:23.409   819   995 W DeviceStorageMonitorService: updateBroadcasts_filenode(/data) fn_oldLevel:0, fn_newLevel:0, seq:1
09-20 15:48:23.815   819   945 D ActivityManager: Received BROADCAST intent 0x5bddfc4 Key{broadcastIntent pkg=com.google.android.gms/com.google.android.gms.gcm intent=act=com.google.android.gms.gcm.HEARTBEAT_ALARM flags=0x4000000 u=0} requestCode=0 sent=0 from uid 1000
09-20 15:48:24.568   819  3526 D SSRM:N  : SIOP:: , PST = 0 (W:30), BAT = 343
09-20 15:48:34.579   819  3526 D SSRM:N  : SIOP:: , PST = 0 (W:30), BAT = 343
09-20 15:48:44.582   819  3526 D SSRM:N  : SIOP:: , PST = 0 (W:30), BAT = 343
09-20 15:48:54.595   819  3526 D SSRM:N  : SIOP:: , PST = 0 (W:30), BAT = 343
09-20 15:49:04.614   819  3526 D SSRM:N  : SIOP:: , PST = 0 (W:30), BAT = 343
09-20 15:49:14.618   819  3526 D SSRM:N  : SIOP:: , PST = 0 (W:30), BAT = 343
09-20 15:49:23.510   819   995 D DeviceStorageMonitorService: check() STORAGE TOTAL <= 64G
09-20 15:49:23.511   819   995 W DeviceStorageMonitorService: updateBroadcasts(/data) oldLevel:0, newLevel:0, seq:1
09-20 15:49:23.512   819   995 D DeviceStorageMonitorService: Available File Node Number is [6254585]
09-20 15:49:23.512   819   995 W DeviceStorageMonitorService: updateBroadcasts_filenode(/data) fn_oldLevel:0, fn_newLevel:0, seq:1
09-20 15:49:24.625   819  3526 D SSRM:N  : SIOP:: , PST = 0 (W:30), BAT = 343
09-20 15:49:34.630   819  3526 D SSRM:N  : SIOP:: , PST = 0 (W:30), BAT = 343
09-20 15:49:44.634   819  3526 D SSRM:N  : SIOP:: , PST = 0 (W:30), BAT = 343
09-20 15:49:54.663   819  3526 D SSRM:N  : SIOP:: , PST = 0 (W:30), BAT = 343
09-20 15:50:04.692   819  3526 D SSRM:N  : SIOP:: , PST = 0 (W:30), BAT = 343
09-20 15:50:14.697   819  3526 D SSRM:N  : SIOP:: , PST = 0 (W:30), BAT = 343
09-20 15:50:23.613   819   995 D DeviceStorageMonitorService: check() STORAGE TOTAL <= 64G
09-20 15:50:23.613   819   995 W DeviceStorageMonitorService: updateBroadcasts(/data) oldLevel:0, newLevel:0, seq:1
09-20 15:50:23.614   819   995 D DeviceStorageMonitorService: Available File Node Number is [6254585]
09-20 15:50:23.614   819   995 W DeviceStorageMonitorService: updateBroadcasts_filenode(/data) fn_oldLevel:0, fn_newLevel:0, seq:1
09-20 15:50:24.750   819  3526 D SSRM:N  : SIOP:: , PST = 0 (W:30), BAT = 343
09-20 15:50:29.539   819   949 D WindowManager: toggleRecentApps displayId=0
09-20 15:50:29.572   819  2016 D InputMethodManagerService: hideSoftInput
09-20 15:50:29.572   819  2016 V InputMethodManagerService: hideCurrentInputLocked : shouldHideSoftInput is false
09-20 15:50:31.357   819   949 D PowerManagerService: [api] userActivityFromNative : 10 (event: 2 flags: 0 displayId: 0) eventTime = 11876893
09-20 15:50:32.001  1293  1293 D ActivityOptions: makeRemoteAnimation, adapter=android.view.RemoteAnimationAdapter@ec67a4d, caller=com.android.systemui.shared.system.ActivityOptionsCompat.makeRemoteAnimation:63 com.android.launcher3.QuickstepAppTransitionManagerImpl.getActivityLaunchOptions:254 com.android.launcher3.infra.activity.Launcher.getActivityLaunchOptions:2571 
09-20 15:50:32.005   819  1039 D StatusBarManagerService: notifyRequestedSystemKey recent=false home=false
09-20 15:50:32.009   819  1039 D CompatibilityChangeReporter: Compat change id reported: 168419799; UID 10139; state: DISABLED
09-20 15:50:32.019   819  1039 D WindowManager: rotationForOrientation, orientationSource=ActivityRecord{df1552b u0 com.sec.android.app.launcher/com.android.launcher3.infra.activity.Launcher t8907}
09-20 15:50:32.019   819  1039 D ActivityTaskManager: Add starting com.android.server.wm.ActivityRecord$AddStartingWindow@adc49c5: typeParam=62
09-20 15:50:32.027   819  2016 V WindowManager: Setting visibility of Window{bde3d u0 com.android.chrome/com.google.android.apps.chrome.Main}: true, caller=com.android.server.wm.WindowContainer.sendAppVisibilityToClients:996 com.android.server.wm.WindowToken.setClientVisible:419 com.android.server.wm.ActivityRecord.setClientVisible:6187 com.android.server.wm.ActivityRecord.setVisibility:4785 com.android.server.wm.ActivityRecord.setVisibility:4689 
09-20 15:50:32.028   819  2016 V WindowManager: Setting visibility of Window{bde3d u0 com.android.chrome/com.google.android.apps.chrome.Main}: true, caller=com.android.server.wm.WindowContainer.sendAppVisibilityToClients:996 com.android.server.wm.ActivityRecord.setClientVisible:6188 com.android.server.wm.ActivityRecord.setVisibility:4785 com.android.server.wm.ActivityRecord.setVisibility:4689 com.android.server.wm.Task.resumeTopActivityInnerLocked:6508 
09-20 15:50:32.030   819  2016 D WindowManager: rotationForOrientation, orientationSource=ActivityRecord{275983c u0 com.android.chrome/com.google.android.apps.chrome.Main t8953}
09-20 15:50:32.030   819  2016 D WindowManager: rotationForOrientation, orientationSource=ActivityRecord{275983c u0 com.android.chrome/com.google.android.apps.chrome.Main t8953}
09-20 15:50:32.031   819  2016 D WindowManager: rotationForOrientation, orientationSource=ActivityRecord{275983c u0 com.android.chrome/com.google.android.apps.chrome.Main t8953}
09-20 15:50:32.032   819  2016 D CompatibilityChangeReporter: Compat change id reported: 181136395; UID 10139; state: DISABLED
09-20 15:50:32.032   819  2016 D CompatibilityChangeReporter: Compat change id reported: 174042936; UID 10139; state: DISABLED
09-20 15:50:32.033   819  2016 V WindowManager: Setting visibility of Window{bde3d u0 com.android.chrome/com.google.android.apps.chrome.Main}: true, caller=com.android.server.wm.WindowContainer.sendAppVisibilityToClients:996 com.android.server.wm.ActivityRecord.setClientVisible:6188 com.android.server.wm.ActivityRecord.setVisibility:4785 com.android.server.wm.ActivityRecord.setVisibility:4689 com.android.server.wm.ActivityRecord.completeResumeLocked:5582 
09-20 15:50:32.041   819  1039 D WindowManager: makeSurface duration=1 name=SnapshotStartingWindow for taskId=8953
09-20 15:50:32.049   819   879 V ActivityManager: Changed top to ProcessRecord{fdccf7f 30680:com.android.chrome/u0a139}
09-20 15:50:32.050   819   879 I ActivityManager: Changes in 10139 16 to 2, 0 to 15
09-20 15:50:32.052   819   879 I ActivityManager: Changes in 90000 17 to 3, 0 to 8
09-20 15:50:32.060   819  1039 D WindowManager: finishDrawingWindow: Window{fae6d73 u0 SnapshotStartingWindow for taskId=8953} mDrawState=DRAW_PENDING
09-20 15:50:32.063   819   880 D WindowManager: performShow logReadyForDisplay  mToken.waitingToShow:true isTransitionSet:true
09-20 15:50:32.065   819   880 I WindowManager: Reparenting to leash, surface=Surface(name=Task=1)/@0x5394d60, leashParent=Surface(name=DefaultTaskDisplayArea)/@0x60dc331
09-20 15:50:32.066   819   880 D WindowManager: makeSurface duration=1 leash=Surface(name=Surface(name=Task=1)/@0x5394d60 - animation-leash of app_transition)/@0xd3817eb
09-20 15:50:32.066   819   880 I WindowManager: Reparenting to leash, surface=Surface(name=Task=8953)/@0x6047c3, leashParent=Surface(name=DefaultTaskDisplayArea)/@0x60dc331
09-20 15:50:32.067   819   880 D WindowManager: makeSurface duration=1 leash=Surface(name=Surface(name=Task=8953)/@0x6047c3 - animation-leash of app_transition)/@0x2edf948
09-20 15:50:32.068   819   880 V WindowManager: Setting visibility of Window{fae6d73 u0 SnapshotStartingWindow for taskId=8953}: true, caller=com.android.server.wm.WindowContainer.sendAppVisibilityToClients:996 com.android.server.wm.ActivityRecord.setClientVisible:6188 com.android.server.wm.ActivityRecord.postApplyAnimation:4939 com.android.server.wm.ActivityRecord.commitVisibility:4902 com.android.server.wm.AppTransitionController.handleOpeningApps:756 
09-20 15:50:32.068   819   880 V WindowManager: Setting visibility of Window{bde3d u0 com.android.chrome/com.google.android.apps.chrome.Main}: true, caller=com.android.server.wm.WindowContainer.sendAppVisibilityToClients:996 com.android.server.wm.ActivityRecord.setClientVisible:6188 com.android.server.wm.ActivityRecord.postApplyAnimation:4939 com.android.server.wm.ActivityRecord.commitVisibility:4902 com.android.server.wm.AppTransitionController.handleOpeningApps:756 
09-20 15:50:32.069   819   880 I WindowManager: Reparenting to leash, surface=Surface(name=WallpaperWindowToken{85fc4af token=android.os.Binder@843e48e})/@0x1f70a84, leashParent=Surface(name=Leaf:0:1)/@0x724eafa
09-20 15:50:32.070   819   880 D WindowManager: makeSurface duration=1 leash=Surface(name=Surface(name=WallpaperWindowToken{85fc4af token=android.os.Binder@843e48e})/@0x1f70a84 - animation-leash of window_animation)/@0x6f743e1
09-20 15:50:32.071   819   880 I WindowManager: Cancelling animation restarting=true, leash=Surface(name=Surface(name=f698c6b StatusBar)/@0xde7458c - animation-leash of insets_animation)/@0x9d10bd7
09-20 15:50:32.071   819   880 I WindowManager: Reparenting to original parent: Surface(name=WindowToken{85545ba android.os.BinderProxy@86f5dc})/@0x8f174d5, destroy=false, surface=Surface(name=f698c6b StatusBar)/@0xde7458c
09-20 15:50:32.071   819   880 I WindowManager: Reparenting to leash, surface=Surface(name=f698c6b StatusBar)/@0xde7458c, leashParent=Surface(name=WindowToken{85545ba android.os.BinderProxy@86f5dc})/@0x8f174d5
09-20 15:50:32.072   819   880 D WindowManager: makeSurface duration=1 leash=Surface(name=Surface(name=f698c6b StatusBar)/@0xde7458c - animation-leash of insets_animation)/@0x47e47c7
09-20 15:50:32.072   819   880 I WindowManager: Cancelling animation restarting=true, leash=Surface(name=Surface(name=d2f492 NavigationBar0)/@0x7f723db - animation-leash of insets_animation)/@0x7c747ad
09-20 15:50:32.072   819   880 I WindowManager: Reparenting to original parent: Surface(name=WindowToken{cf3e2f4 android.os.BinderProxy@8f4fe06})/@0x7892e78, destroy=false, surface=Surface(name=d2f492 NavigationBar0)/@0x7f723db
09-20 15:50:32.072   819   880 I WindowManager: Reparenting to leash, surface=Surface(name=d2f492 NavigationBar0)/@0x7f723db, leashParent=Surface(name=WindowToken{cf3e2f4 android.os.BinderProxy@8f4fe06})/@0x7892e78
09-20 15:50:32.074   819   880 D WindowManager: makeSurface duration=2 leash=Surface(name=Surface(name=d2f492 NavigationBar0)/@0x7f723db - animation-leash of insets_animation)/@0xd2e0b92
09-20 15:50:32.110   819  2016 I ActivityManager: Changes in 10129 3 to 3, 8 to 15
09-20 15:50:32.113   819  2016 I ActivityManager: Changes in 99005 19 to 3, 0 to 8
09-20 15:50:32.126   819  2016 I ActivityManager: Changes in 10104 19 to 3, 0 to 8
09-20 15:50:32.187   819  2016 D WindowManager: makeSurface duration=1 name=com.android.chrome/com.google.android.apps.chrome.Main
09-20 15:50:32.189   819  2016 I WindowManager: Cancelling animation restarting=true, leash=Surface(name=Surface(name=f698c6b StatusBar)/@0xde7458c - animation-leash of insets_animation)/@0x47e47c7
09-20 15:50:32.189   819  2016 I WindowManager: Reparenting to original parent: Surface(name=WindowToken{85545ba android.os.BinderProxy@86f5dc})/@0x8f174d5, destroy=false, surface=Surface(name=f698c6b StatusBar)/@0xde7458c
09-20 15:50:32.190   819  2016 I WindowManager: Reparenting to leash, surface=Surface(name=f698c6b StatusBar)/@0xde7458c, leashParent=Surface(name=WindowToken{85545ba android.os.BinderProxy@86f5dc})/@0x8f174d5
09-20 15:50:32.191   819  2016 D WindowManager: makeSurface duration=1 leash=Surface(name=Surface(name=f698c6b StatusBar)/@0xde7458c - animation-leash of insets_animation)/@0xaf23b45
09-20 15:50:32.191   819  2016 I WindowManager: Cancelling animation restarting=true, leash=Surface(name=Surface(name=d2f492 NavigationBar0)/@0x7f723db - animation-leash of insets_animation)/@0xd2e0b92
09-20 15:50:32.191   819  2016 I WindowManager: Reparenting to original parent: Surface(name=WindowToken{cf3e2f4 android.os.BinderProxy@8f4fe06})/@0x7892e78, destroy=false, surface=Surface(name=d2f492 NavigationBar0)/@0x7f723db
09-20 15:50:32.191   819  2016 I WindowManager: Reparenting to leash, surface=Surface(name=d2f492 NavigationBar0)/@0x7f723db, leashParent=Surface(name=WindowToken{cf3e2f4 android.os.BinderProxy@8f4fe06})/@0x7892e78
09-20 15:50:32.192   819  2016 D WindowManager: makeSurface duration=1 leash=Surface(name=Surface(name=d2f492 NavigationBar0)/@0x7f723db - animation-leash of insets_animation)/@0x487e7cb
09-20 15:50:32.192   819  2016 D StatusBarManagerService: notifyRequestedSystemKey recent=false home=false
09-20 15:50:32.194   819   880 D CompatibilityChangeReporter: Compat change id reported: 158002302; UID 10139; state: ENABLED
09-20 15:50:32.340   819  1039 D WindowManager: finishDrawingWindow: Window{bde3d u0 com.android.chrome/com.google.android.apps.chrome.Main} mDrawState=DRAW_PENDING
09-20 15:50:32.380   819  3150 V InputMethodManagerService: hideCurrentInputLocked : shouldHideSoftInput is false
09-20 15:50:32.383   819  1039 I WindowManager: Cancelling animation restarting=true, leash=Surface(name=Surface(name=88fdb2f InputMethod)/@0x27542c5 - animation-leash of insets_animation)/@0x6d890b6
09-20 15:50:32.383   819  1039 I WindowManager: Reparenting to original parent: Surface(name=WindowToken{9ec0cee android.os.Binder@2753a69})/@0xfa3a41a, destroy=false, surface=Surface(name=88fdb2f InputMethod)/@0x27542c5
09-20 15:50:32.383   819  1039 I WindowManager: Reparenting to leash, surface=Surface(name=88fdb2f InputMethod)/@0x27542c5, leashParent=Surface(name=WindowToken{9ec0cee android.os.Binder@2753a69})/@0xfa3a41a
09-20 15:50:32.384   819  1039 D WindowManager: makeSurface duration=1 leash=Surface(name=Surface(name=88fdb2f InputMethod)/@0x27542c5 - animation-leash of insets_animation)/@0xb82baf2
09-20 15:50:32.433   819  2016 I WindowManager: Reparenting to original parent: Surface(name=DefaultTaskDisplayArea)/@0x60dc331, destroy=true, surface=Surface(name=Task=8953)/@0x6047c3
09-20 15:50:32.435   819  2016 V WindowManager: Setting visibility of Window{fae6d73 u0 SnapshotStartingWindow for taskId=8953}: true, caller=com.android.server.wm.WindowContainer.sendAppVisibilityToClients:996 com.android.server.wm.ActivityRecord.setClientVisible:6188 com.android.server.wm.ActivityRecord.onAnimationFinished:7001 com.android.server.wm.WindowContainer.doAnimationFinished:2861 com.android.server.wm.WindowContainer.onAnimationFinished:2873 
09-20 15:50:32.437   819  2016 V WindowManager: Setting visibility of Window{bde3d u0 com.android.chrome/com.google.android.apps.chrome.Main}: true, caller=com.android.server.wm.WindowContainer.sendAppVisibilityToClients:996 com.android.server.wm.ActivityRecord.setClientVisible:6188 com.android.server.wm.ActivityRecord.onAnimationFinished:7001 com.android.server.wm.WindowContainer.doAnimationFinished:2861 com.android.server.wm.WindowContainer.onAnimationFinished:2873 
09-20 15:50:32.442   819  2016 I WindowManager: Reparenting to original parent: Surface(name=DefaultTaskDisplayArea)/@0x60dc331, destroy=true, surface=Surface(name=Task=1)/@0x5394d60
09-20 15:50:32.443   819  2016 V WindowManager: Setting visibility of Window{5d7461f u0 com.sec.android.app.launcher/com.android.launcher3.infra.activity.Launcher}: false, caller=com.android.server.wm.WindowContainer.sendAppVisibilityToClients:996 com.android.server.wm.WindowToken.setClientVisible:419 com.android.server.wm.ActivityRecord.setClientVisible:6187 com.android.server.wm.ActivityRecord.onAnimationFinished:7001 com.android.server.wm.WindowContainer.doAnimationFinished:2861 
09-20 15:50:32.443   819  2016 V WindowManager: Setting visibility of Window{5d7461f u0 com.sec.android.app.launcher/com.android.launcher3.infra.activity.Launcher}: false, caller=com.android.server.wm.WindowContainer.sendAppVisibilityToClients:996 com.android.server.wm.ActivityRecord.setClientVisible:6188 com.android.server.wm.ActivityRecord.onAnimationFinished:7001 com.android.server.wm.WindowContainer.doAnimationFinished:2861 com.android.server.wm.WindowContainer.onAnimationFinished:2873 
09-20 15:50:32.444   819  2016 V WindowManager: Setting visibility of Window{8fb592f u0 com.android.systemui.ImageWallpaper}: false, caller=com.android.server.wm.WindowContainer.sendAppVisibilityToClients:996 com.android.server.wm.WindowToken.setClientVisible:419 com.android.server.wm.WallpaperWindowToken.setVisible:145 com.android.server.wm.WallpaperWindowToken.updateWallpaperWindows:140 com.android.server.wm.WallpaperController.updateWallpaperTokens:606 
09-20 15:50:32.448   819  2016 I WindowManager: Reparenting to original parent: Surface(name=Leaf:0:1)/@0x724eafa, destroy=true, surface=Surface(name=WallpaperWindowToken{85fc4af token=android.os.Binder@843e48e})/@0x1f70a84
09-20 15:50:32.455   819  1039 I WindowManager: Reparenting to leash, surface=Surface(name=fae6d73 SnapshotStartingWindow for taskId=8953)/@0x897329f, leashParent=Surface(name=ActivityRecord{275983c u0 com.android.chrome/com.google.android.apps.chrome.Main)/@0xe8d6865
09-20 15:50:32.457   819  1039 D WindowManager: makeSurface duration=2 leash=Surface(name=Surface(name=fae6d73 SnapshotStartingWindow for taskId=8953)/@0x897329f - animation-leash of window_animation)/@0xfc72fec
09-20 15:50:32.467   819   879 I ActivityManager: Changes in 10073 2 to 5, 15 to 8
09-20 15:50:32.513   819  2016 E WindowManager: win=Window{5d7461f u0 com.sec.android.app.launcher/com.android.launcher3.infra.activity.Launcher} destroySurfaces: appStopped=true win.mWindowRemovalAllowed=false win.mRemoveOnExit=false win.mViewVisibility=8 caller=com.android.server.wm.ActivityRecord.destroySurfaces:5192 com.android.server.wm.ActivityRecord.destroySurfaces:5173 com.android.server.wm.ActivityRecord.notifyAppStopped:5237 com.android.server.wm.ActivityRecord.activityStopped:5770 com.android.server.wm.ActivityClientController.activityStopped:214 android.app.IActivityClientController$Stub.onTransact:570 com.android.server.wm.ActivityClientController.onTransact:122 
09-20 15:50:32.526   819   880 I WindowManager: Reparenting to original parent: Surface(name=ActivityRecord{275983c u0 com.android.chrome/com.google.android.apps.chrome.Main)/@0xe8d6865, destroy=true, surface=Surface(name=fae6d73 SnapshotStartingWindow for taskId=8953)/@0x897329f
09-20 15:50:32.527   819   880 E WindowManager: win=Window{fae6d73 u0 SnapshotStartingWindow for taskId=8953 EXITING} destroySurfaces: appStopped=false win.mWindowRemovalAllowed=true win.mRemoveOnExit=true win.mViewVisibility=0 caller=com.android.server.wm.ActivityRecord.destroySurfaces:5192 com.android.server.wm.ActivityRecord.destroySurfaces:5173 com.android.server.wm.WindowState.onExitAnimationDone:5106 com.android.server.wm.WindowStateAnimator.onAnimationFinished:208 com.android.server.wm.WindowState.onAnimationFinished:5354 com.android.server.wm.WindowContainer$$ExternalSyntheticLambda0.onAnimationFinished:2 com.android.server.wm.SurfaceAnimator.lambda$getFinishedCallback$0$SurfaceAnimator:112 
09-20 15:50:32.564   819  1039 D ActivityManager: Received SERVICE intent 0x7cbb0a9 Key{startService pkg=com.google.android.gms/fused_location_provider intent=act=com.google.android.location.internal.action.FLP_FULL_POWER_LOCATION_RESULT pkg=com.google.android.gms cmp=com.google.android.gms/com.google.android.location.internal.PendingIntentCallbackService flags=0x2000000 u=0} requestCode=0 from uid 10129
09-20 15:50:32.613   819  2016 W AlarmManager: Alarms must either supply a PendingIntent or an AlarmReceiver
09-20 15:50:32.657   819  2016 D ActivityManager: Received SERVICE intent 0xc41b194 Key{startService pkg=com.google.android.gms/network_location_provider intent=act= cat=[] dat= typ=*/* pkg=com.google.android.gms cmp=com.google.android.gms/com.google.android.location.network.NetworkLocationService clip={text/vnd.android.intent hasLabel(0) {I:}} flags=0x2000000 u=0} requestCode=0 from uid 10129
09-20 15:50:32.661   819  1039 D ActivityManager: Received SERVICE intent 0x88e217e Key{startService pkg=com.google.android.gms/fused_location_provider intent=act=com.google.android.location.internal.action.FLP_LOW_POWER_LOCATION_RESULT pkg=com.google.android.gms cmp=com.google.android.gms/com.google.android.location.internal.PendingIntentCallbackService flags=0x2000000 u=0} requestCode=0 from uid 10129
09-20 15:50:32.667   819  5911 D ActivityManager: Received SERVICE intent 0x7cbb0a9 Key{startService pkg=com.google.android.gms/fused_location_provider intent=act=com.google.android.location.internal.action.FLP_FULL_POWER_LOCATION_RESULT pkg=com.google.android.gms cmp=com.google.android.gms/com.google.android.location.internal.PendingIntentCallbackService flags=0x2000000 u=0} requestCode=0 from uid 10129
09-20 15:50:32.700   819  1039 D ActivityManager: Received SERVICE intent 0x7cbb0a9 Key{startService pkg=com.google.android.gms/fused_location_provider intent=act=com.google.android.location.internal.action.FLP_FULL_POWER_LOCATION_RESULT pkg=com.google.android.gms cmp=com.google.android.gms/com.google.android.location.internal.PendingIntentCallbackService flags=0x2000000 u=0} requestCode=0 from uid 10129
09-20 15:50:34.447   819  2016 D CompatibilityChangeReporter: Compat change id reported: 135634846; UID 10139; state: DISABLED
09-20 15:50:34.448   819   888 D CompatibilityChangeReporter: Compat change id reported: 143937733; UID 10139; state: ENABLED
09-20 15:50:34.469   819   888 I ActivityManager: Start proc 31393:com.android.chrome:sandboxed_process0:org.chromium.content.app.SandboxedProcessService0:3/u0ai3 for  {com.android.chrome/org.chromium.content.app.SandboxedProcessService0:3}
09-20 15:50:34.512   819  2016 D ActivityManager: attachApplicationLocked() app=ProcessRecord{3cd30f0 31393:com.android.chrome:sandboxed_process0:org.chromium.content.app.SandboxedProcessService0:3/u0a139i-8997} app.isolatedEntryPoint=null instr2=null
09-20 15:50:34.515   819  2016 I ActivityManager: Changes in 90003 20 to 3, 0 to 8
09-20 15:50:34.542 31393 31393 D ActivityThread: handleBindApplication()++ app=com.android.chrome:sandboxed_process0:org.chromium.content.app.SandboxedProcessService0:3
09-20 15:50:34.567 31393 31393 D ActivityThread: handleBindApplication data=AppBindData{appInfo=ApplicationInfo{50c0b0d com.android.chrome}} appContext=android.app.ContextImpl@a8cdac2 appContext.mOpPackageName=com.android.chrome appContext.mBasePackageName=com.android.chrome appContext.mPackageInfo=android.app.LoadedApk@cac70d3 data.restrictedBackupMode= false data.providers= 0
09-20 15:50:34.614 31393 31393 D ActivityThread: handleBindApplication() --
09-20 15:50:34.754   819  3526 D SSRM:N  : SIOP:: , PST = 0 (W:30), BAT = 343
09-20 15:50:35.816   819   877 D WindowManager: rotationForOrientation, orientationSource=ActivityRecord{275983c u0 com.android.chrome/com.google.android.apps.chrome.Main t8953}
09-20 15:50:36.299   819   877 D WindowManager: rotationForOrientation, orientationSource=ActivityRecord{275983c u0 com.android.chrome/com.google.android.apps.chrome.Main t8953}
09-20 15:50:36.477   819  5911 I ActivityManager: Changes in 90000 3 to 17, 8 to 0
09-20 15:50:37.625   819  1039 W AlarmManager: Alarms must either supply a PendingIntent or an AlarmReceiver
09-20 15:50:37.662   819  5911 W AlarmManager: Window length 1383505805525669376ms too long; limiting to 1 day
09-20 15:50:38.145   819   949 D PowerManagerService: [api] userActivityFromNative : 20 (event: 2 flags: 0 displayId: 0) eventTime = 11883681
09-20 15:50:38.186   819   886 I ActivityManager: Changes in 10104 3 to 15, 8 to 0
09-20 15:50:38.864   819  1039 D CompatibilityChangeReporter: Compat change id reported: 168419799; UID 10008; state: DISABLED
09-20 15:50:38.994   819  1039 D StorageManagerService: getExternalStorageMountMode: uid=10008 packageName=com.sand.airdroid
09-20 15:50:38.995   819  1039 D CompatibilityChangeReporter: Compat change id reported: 135634846; UID 10008; state: DISABLED
09-20 15:50:38.996   819   888 D CompatibilityChangeReporter: Compat change id reported: 143937733; UID 10008; state: ENABLED
09-20 15:50:39.022   819   888 I ActivityManager: Start proc 31422:com.sand.airdroid/u0a8 for service {com.sand.airdroid/com.sand.airdroid.services.OtherTaskService}
09-20 15:50:39.087   819  5911 D ActivityManager: attachApplicationLocked() app=ProcessRecord{53ba0e4 31422:com.sand.airdroid/u0a8} app.isolatedEntryPoint=null instr2=null
09-20 15:50:39.093 31422 31422 D ActivityThread: handleBindApplication()++ app=com.sand.airdroid
09-20 15:50:39.396 31422 31422 D ActivityThread: handleBindApplication data=AppBindData{appInfo=ApplicationInfo{b518837 com.sand.airdroid}} appContext=android.app.ContextImpl@ac1f1a4 appContext.mOpPackageName=com.sand.airdroid appContext.mBasePackageName=com.sand.airdroid appContext.mPackageInfo=android.app.LoadedApk@50c0b0d data.restrictedBackupMode= false data.providers= 6
09-20 15:50:39.511 31422 31422 D ActivityThread: handleBindApplication() --
09-20 15:50:40.492   819  5911 D StorageManagerService: getExternalStorageMountMode: uid=10008 packageName=com.sand.airdroid
09-20 15:50:40.508   819  1039 D StorageManagerService: getExternalStorageMountMode: uid=10008 packageName=com.sand.airdroid
09-20 15:50:40.536   819  1039 D StorageManagerService: getExternalStorageMountMode: uid=10008 packageName=com.sand.airdroid
09-20 15:50:40.538   819  1039 D StorageManagerService: getExternalStorageMountMode: uid=10008 packageName=com.sand.airdroid
09-20 15:50:40.556   819  1039 D StorageManagerService: getExternalStorageMountMode: uid=10008 packageName=com.sand.airdroid
09-20 15:50:40.558   819  1039 D StorageManagerService: getExternalStorageMountMode: uid=10008 packageName=com.sand.airdroid
09-20 15:50:40.562   819  1039 D StorageManagerService: getExternalStorageMountMode: uid=10008 packageName=com.sand.airdroid
09-20 15:50:40.571   819  5911 D StorageManagerService: getExternalStorageMountMode: uid=10008 packageName=com.sand.airdroid
09-20 15:50:40.573   819  1039 D StorageManagerService: getExternalStorageMountMode: uid=10008 packageName=com.sand.airdroid
09-20 15:50:40.577   819  1039 D StorageManagerService: getExternalStorageMountMode: uid=10008 packageName=com.sand.airdroid
09-20 15:50:40.579   819  1039 D StorageManagerService: getExternalStorageMountMode: uid=10008 packageName=com.sand.airdroid
09-20 15:50:40.585   819  1039 D StorageManagerService: getExternalStorageMountMode: uid=10008 packageName=com.sand.airdroid
09-20 15:50:40.620   819  1039 D StorageManagerService: getExternalStorageMountMode: uid=10008 packageName=com.sand.airdroid
09-20 15:50:40.624   819  1039 D StorageManagerService: getExternalStorageMountMode: uid=10008 packageName=com.sand.airdroid
09-20 15:50:40.627   819  1039 D StorageManagerService: getExternalStorageMountMode: uid=10008 packageName=com.sand.airdroid
09-20 15:50:40.631   819  1039 D StorageManagerService: getExternalStorageMountMode: uid=10008 packageName=com.sand.airdroid
09-20 15:50:40.634   819  1039 D StorageManagerService: getExternalStorageMountMode: uid=10008 packageName=com.sand.airdroid
09-20 15:50:40.637   819  1039 D StorageManagerService: getExternalStorageMountMode: uid=10008 packageName=com.sand.airdroid
09-20 15:50:40.640   819  1039 D StorageManagerService: getExternalStorageMountMode: uid=10008 packageName=com.sand.airdroid
09-20 15:50:40.642   819  1039 D StorageManagerService: getExternalStorageMountMode: uid=10008 packageName=com.sand.airdroid
09-20 15:50:40.645   819  1039 D StorageManagerService: getExternalStorageMountMode: uid=10008 packageName=com.sand.airdroid
09-20 15:50:40.649   819  1039 D StorageManagerService: getExternalStorageMountMode: uid=10008 packageName=com.sand.airdroid
09-20 15:50:40.655   819  1039 D StorageManagerService: getExternalStorageMountMode: uid=10008 packageName=com.sand.airdroid
09-20 15:50:40.657   819  1039 D StorageManagerService: getExternalStorageMountMode: uid=10008 packageName=com.sand.airdroid
09-20 15:50:40.660   819  5911 D StorageManagerService: getExternalStorageMountMode: uid=10008 packageName=com.sand.airdroid
09-20 15:50:41.633   819  1039 D StorageManagerService: getExternalStorageMountMode: uid=10008 packageName=com.sand.airdroid
09-20 15:50:41.637   819  1039 D StorageManagerService: getExternalStorageMountMode: uid=10008 packageName=com.sand.airdroid
09-20 15:50:41.642   819  1039 D StorageManagerService: getExternalStorageMountMode: uid=10008 packageName=com.sand.airdroid
09-20 15:50:41.685   819  1039 D StorageManagerService: getExternalStorageMountMode: uid=10008 packageName=com.sand.airdroid
09-20 15:50:41.700   819  1039 D StorageManagerService: getExternalStorageMountMode: uid=10008 packageName=com.sand.airdroid
09-20 15:50:41.703   819  1039 D StorageManagerService: getExternalStorageMountMode: uid=10008 packageName=com.sand.airdroid
09-20 15:50:41.708   819  1039 D StorageManagerService: getExternalStorageMountMode: uid=10008 packageName=com.sand.airdroid
