09-20 15:56:31.269   819  5406 D WindowManager: finishDrawingWindow: Window{5d7461f u0 com.sec.android.app.launcher/com.android.launcher3.infra.activity.Launcher} mDrawState=DRAW_PENDING
09-20 15:56:31.270   479   479 D IMGGralloc: Gralloc Alloc end  w:720, h:1600, f:0x101, usage:0xb00, handle:0xeb52a780, ui64Stamp:56527, sSize:4608000, line = 2069
09-20 15:56:31.270   524   552 D IMGGralloc: Gralloc Free  w:576, h:1280, f:0x1, usage:0xb66, ui64Stamp:56515 line = 2499
09-20 15:56:31.270  1293  1293 D InsetsSourceConsumer: ensureControlAlpha: for ITYPE_STATUS_BAR on com.sec.android.app.launcher/com.android.launcher3.infra.activity.Launcher
09-20 15:56:31.270   479   479 D IMGGralloc: Gralloc Free  w:720, h:1600, f:0x101, usage:0xb00, ui64Stamp:56527 line = 2499
09-20 15:56:31.271  1293  2020 D IMGGralloc: Gralloc Register  w:720, h:1600, f:0x101, usage:0xb00, ui64Stamp:56527, sSize:4608000, line = 2376
09-20 15:56:31.272   524   524 I Layer   : FL_V_info: (BufferStateLayer)Name=5d7461f com.sec.android.app.launcher/com.android.launcher3.infra.activity.Launcher, Visible=0(Hiddenflag = 1, Alpha = 1.000000, [BufferInfo.mBuffer || mSidebandStream] = 2),Layer.flag=0x101
09-20 15:56:31.272   819   880 V WindowManager: Setting visibility of Window{8fb592f u0 com.android.systemui.ImageWallpaper}: true, caller=com.android.server.wm.WindowContainer.sendAppVisibilityToClients:996 com.android.server.wm.WindowToken.setClientVisible:419 com.android.server.wm.WallpaperWindowToken.setVisible:145 com.android.server.wm.WallpaperWindowToken.commitVisibility:185 com.android.server.wm.WallpaperWindowToken.setVisibility:170 
09-20 15:56:31.276   524   524 W SurfaceFlinger: deleteTextures was not executed, mTexturePool.size() ==  mTexturePoolSize
09-20 15:56:31.278   819   880 V WindowManager: Setting visibility of Window{bcae71f u0 com.haxor44.rmx26/com.haxor44.rmx26.MainActivity}: false, caller=com.android.server.wm.WindowContainer.sendAppVisibilityToClients:996 com.android.server.wm.WindowToken.setClientVisible:419 com.android.server.wm.ActivityRecord.setClientVisible:6187 com.android.server.wm.ActivityRecord.onAnimationFinished:7001 com.android.server.wm.ActivityRecord.postApplyAnimation:4922 
09-20 15:56:31.279   819   880 V WindowManager: Setting visibility of Window{bcae71f u0 com.haxor44.rmx26/com.haxor44.rmx26.MainActivity}: false, caller=com.android.server.wm.WindowContainer.sendAppVisibilityToClients:996 com.android.server.wm.ActivityRecord.setClientVisible:6188 com.android.server.wm.ActivityRecord.onAnimationFinished:7001 com.android.server.wm.ActivityRecord.postApplyAnimation:4922 com.android.server.wm.ActivityRecord.commitVisibility:4902 
09-20 15:56:31.279   819   880 V WindowManager: Setting visibility of Window{bcae71f u0 com.haxor44.rmx26/com.haxor44.rmx26.MainActivity}: false, caller=com.android.server.wm.WindowContainer.sendAppVisibilityToClients:996 com.android.server.wm.ActivityRecord.setClientVisible:6188 com.android.server.wm.ActivityRecord.postApplyAnimation:4939 com.android.server.wm.ActivityRecord.commitVisibility:4902 com.android.server.wm.AppTransitionController.handleClosingApps:799 
09-20 15:56:31.280   819   880 V WindowManager: Setting visibility of Window{5d7461f u0 com.sec.android.app.launcher/com.android.launcher3.infra.activity.Launcher}: true, caller=com.android.server.wm.WindowContainer.sendAppVisibilityToClients:996 com.android.server.wm.ActivityRecord.setClientVisible:6188 com.android.server.wm.ActivityRecord.onAnimationFinished:7001 com.android.server.wm.ActivityRecord.postApplyAnimation:4922 com.android.server.wm.ActivityRecord.commitVisibility:4902 
09-20 15:56:31.281   819   880 V WindowManager: Setting visibility of Window{5d7461f u0 com.sec.android.app.launcher/com.android.launcher3.infra.activity.Launcher}: true, caller=com.android.server.wm.WindowContainer.sendAppVisibilityToClients:996 com.android.server.wm.ActivityRecord.setClientVisible:6188 com.android.server.wm.ActivityRecord.postApplyAnimation:4939 com.android.server.wm.ActivityRecord.commitVisibility:4902 com.android.server.wm.AppTransitionController.handleOpeningApps:756 
09-20 15:56:31.284   524   906 D IMGGralloc: Gralloc Register  w:720, h:1600, f:0x101, usage:0xb00, ui64Stamp:56527, sSize:4608000, line = 2376
09-20 15:56:31.285   524   906 D IMGGralloc: GBuffer--------------(*format)=1
09-20 15:56:31.286   819  3150 V WindowManager: Relayout Window{8fb592f u0 com.android.systemui.ImageWallpaper}: viewVisibility=0 req=720x1600 d0
09-20 15:56:31.286  1293  2020 D IMGGralloc: Gralloc Free  w:720, h:1600, f:0x101, usage:0x900, ui64Stamp:56519 line = 2499
09-20 15:56:31.287   479   479 D IMGGralloc: GBuffer--------------(*format)=1
09-20 15:56:31.287   524   524 I Layer   : id=3567 removedFromDrawingState Surface(name=f698c6b StatusBar)/@0xde7458c - animation-leash of insets_animation#1 (112)
09-20 15:56:31.287   479   479 D IMGGralloc: Gralloc alloc start  w:720, h:1600, f:0x1, usage:0xb00, line = 1614
09-20 15:56:31.287   524   524 I Layer   : id=3568 removedFromDrawingState Surface(name=d2f492 NavigationBar0)/@0x7f723db - animation-leash of insets_animation#1 (112)
09-20 15:56:31.288   524   524 I SurfaceFlinger: id=3567 Removed Surface(name=f698c6b StatusBar)/@0xde7458c - animation-leash of insets_animation#1 (112)
09-20 15:56:31.288   524   524 I SurfaceFlinger: id=3568 Removed Surface(name=d2f492 NavigationBar0)/@0x7f723db - animation-leash of insets_animation#1 (112)
09-20 15:56:31.288   524   524 I Layer   : id=3567 Destroyed Surface(name=f698c6b StatusBar)/@0xde7458c - animation-leash of insets_animation#1
09-20 15:56:31.288   524   524 I Layer   : id=3568 Destroyed Surface(name=d2f492 NavigationBar0)/@0x7f723db - animation-leash of insets_animation#1
09-20 15:56:31.288   479   479 D IMGGralloc: Gralloc Alloc end  w:720, h:1600, f:0x101, usage:0xb00, handle:0xeb52a780, ui64Stamp:56531, sSize:4608000, line = 2069
09-20 15:56:31.289  1293  2020 D IMGGralloc: Gralloc Register  w:720, h:1600, f:0x101, usage:0xb00, ui64Stamp:56531, sSize:4608000, line = 2376
09-20 15:56:31.289   479   479 D IMGGralloc: Gralloc Free  w:720, h:1600, f:0x101, usage:0xb00, ui64Stamp:56531 line = 2499
09-20 15:56:31.291   482   482 D IMGGralloc: Gralloc Free  w:720, h:1600, f:0x101, usage:0xb00, ui64Stamp:56476 line = 2499
09-20 15:56:31.292   819  3150 V WindowManager: Relayout hash=8fb592f, pid=1082: mAttrs={(0,0)(720x1600) gr=TOP START CENTER layoutInDisplayCutoutMode=always ty=WALLPAPER fmt=RGBX_8888 wanim=0x1030314
09-20 15:56:31.292   819  3150 V WindowManager:   fl=14318
09-20 15:56:31.292   819  3150 V WindowManager:   pfl=2000004
09-20 15:56:31.292   819  3150 V WindowManager:   bhv=DEFAULT}
09-20 15:56:31.292   482   482 D IMGGralloc: Gralloc Register  w:720, h:1600, f:0x102, usage:0xb00, ui64Stamp:44134, sSize:4608000, line = 2376
09-20 15:56:31.292 31870 31896 D IMGGralloc: Gralloc Free  w:720, h:1600, f:0x101, usage:0x900, ui64Stamp:56480 line = 2499
09-20 15:56:31.293   482   482 D IMGGralloc: Gralloc Register  w:720, h:1600, f:0x101, usage:0xb00, ui64Stamp:56525, sSize:4608000, line = 2376
09-20 15:56:31.293 31870 31896 D IMGGralloc: Gralloc Free  w:720, h:1600, f:0x101, usage:0x900, ui64Stamp:56478 line = 2499
09-20 15:56:31.296   819  1039 V WindowManager: Relayout Window{bcae71f u0 com.haxor44.rmx26/com.haxor44.rmx26.MainActivity}: viewVisibility=8 req=720x1600 d0
09-20 15:56:31.297   524   524 D SurfaceFlinger: Display 0 HWC layers:
09-20 15:56:31.297   524   524 D SurfaceFlinger:      DEVICE | 0xf33fec40 | 0100 | RGBx_8888    |    0.0    0.0  720.0 1600.0 |    0    0  720 1600 | Wallpaper BBQ wrapper#0
09-20 15:56:31.297   524   524 D SurfaceFlinger:      DEVICE | 0xf33fe580 | 0100 | RGBA_8888    |    0.0    0.0  720.0 1600.0 |    0    0  720 1600 | com.sec.android.app.launcher/com.android.launcher3.infra.activity.Launcher#0
09-20 15:56:31.297   524   524 D SurfaceFlinger:      DEVICE | 0xf33fe280 | 0100 | RGBA_8888    |    0.0    0.0  720.0   48.0 |    0    0  720   48 | StatusBar#0
09-20 15:56:31.297   524   524 D SurfaceFlinger:      DEVICE | 0xf33fe7c0 | 0100 | RGBA_8888    |    0.0    0.0  720.0   96.0 |    0 1504  720 1600 | NavigationBar0#0
09-20 15:56:31.297   524   524 D SurfaceFlinger: 
09-20 15:56:31.298   524   524 W SurfaceFlinger: deleteTextures was not executed, mTexturePool.size() ==  mTexturePoolSize
09-20 15:56:31.300   524   547 D IMGGralloc: Gralloc Register  w:720, h:1600, f:0x101, usage:0xb00, ui64Stamp:56531, sSize:4608000, line = 2376
09-20 15:56:31.301   524   547 D IMGGralloc: GBuffer--------------(*format)=1
09-20 15:56:31.302   819   877 V WindowManager: Relayout Window{1cd87b6 u0 Application Error: com.haxor44.rmx26}: viewVisibility=0 req=720x377 d0
09-20 15:56:31.302   524   547 I SurfaceFlinger: id=3573 createSurf (9x9),-3 flag=40004, Application Error: com.haxor44.rmx26#0
09-20 15:56:31.303   819  1039 V WindowManager: Relayout hash=bcae71f, pid=31870: mAttrs={(0,0)(fillxfill) sim={adjust=resize forwardNavigation} ty=BASE_APPLICATION wanim=0x1030303
09-20 15:56:31.303   819  1039 V WindowManager:   fl=81810100
09-20 15:56:31.303   819  1039 V WindowManager:   pfl=12020040
09-20 15:56:31.303   819  1039 V WindowManager:   bhv=DEFAULT
09-20 15:56:31.303   819  1039 V WindowManager:   fitSides=}
09-20 15:56:31.303  1293  1293 D InputMethodManager: prepareNavigationBarInfo() DecorView@81cf92d[Launcher]
09-20 15:56:31.303  1293  1293 D InputMethodManager: getNavigationBarColor() Fail
09-20 15:56:31.303   819   877 D WindowManager: makeSurface duration=1 name=Application Error: com.haxor44.rmx26
09-20 15:56:31.304 31870 31870 D IMGGralloc: Gralloc Free  w:720, h:1600, f:0x101, usage:0xb00, ui64Stamp:56476 line = 2499
09-20 15:56:31.305  1293  1293 I InputMethodManager: startInputInner - mService.startInputOrWindowGainedFocus
09-20 15:56:31.305   524   524 I Layer   : FL_V_info: (BufferStateLayer)Name=Application Error: com.haxor44.rmx26#0, Visible=0(Hiddenflag = 1, Alpha = 1.000000, [BufferInfo.mBuffer || mSidebandStream] = 0),Layer.flag=0x1
09-20 15:56:31.306   482   482 D IMGGralloc: Gralloc Register  w:720, h:1600, f:0x101, usage:0xb00, ui64Stamp:56527, sSize:4608000, line = 2376
09-20 15:56:31.307  1293  1313 I id.app.launche: NativeAlloc concurrent copying GC freed 106070(3108KB) AllocSpace objects, 0(0B) LOS objects, 49% free, 3657KB/7314KB, paused 6.154ms total 131.095ms
09-20 15:56:31.307  1293  1314 D IMGGralloc: Gralloc Free  w:576, h:1280, f:0x1, usage:0xb66, ui64Stamp:56515 line = 2499
09-20 15:56:31.308  1293  1314 D IMGGralloc: Gralloc Free  w:576, h:1280, f:0x1, usage:0xb66, ui64Stamp:56394 line = 2499
09-20 15:56:31.309   819   877 V WindowManager: Relayout hash=1cd87b6, pid=819: mAttrs={(0,0)(wrapxwrap) gr=BOTTOM CENTER_VERTICAL sim={adjust=pan forwardNavigation} ty=SYSTEM_ALERT fmt=TRANSLUCENT wanim=0x10302f5 surfaceInsets=Rect(4, 4 - 4, 4)
09-20 15:56:31.309   819   877 V WindowManager:   fl=1820002
09-20 15:56:31.309   819   877 V WindowManager:   pfl=2000110
09-20 15:56:31.309   819   877 V WindowManager:   bhv=DEFAULT
09-20 15:56:31.309   819   877 V WindowManager:   fitTypes=STATUS_BARS NAVIGATION_BARS CAPTION_BAR
09-20 15:56:31.309   819   877 V WindowManager:   fitIgnoreVis}
09-20 15:56:31.311   524   524 W SurfaceFlinger: deleteTextures was not executed, mTexturePool.size() < mTexturePoolSize
09-20 15:56:31.312   819   877 D InsetsSourceConsumer: ensureControlAlpha: for ITYPE_NAVIGATION_BAR on Application Error: com.haxor44.rmx26
09-20 15:56:31.313  1293  1314 D IMGGralloc: Gralloc Free  w:576, h:1280, f:0x1, usage:0xb66, ui64Stamp:53648 line = 2499
09-20 15:56:31.313   819   877 D InsetsSourceConsumer: ensureControlAlpha: for ITYPE_STATUS_BAR on Application Error: com.haxor44.rmx26
09-20 15:56:31.314  1293  1314 D IMGGralloc: Gralloc Free  w:576, h:1280, f:0x1, usage:0xb66, ui64Stamp:53295 line = 2499
09-20 15:56:31.314   819  1039 V InputMethodManagerService: hideCurrentInputLocked : shouldHideSoftInput is false
09-20 15:56:31.315  1293  1314 D IMGGralloc: Gralloc Free  w:576, h:1280, f:0x1, usage:0xb66, ui64Stamp:53171 line = 2499
09-20 15:56:31.316  1293  2020 D IMGGralloc: Gralloc Free  w:576, h:1280, f:0x1, usage:0xb66, ui64Stamp:52575 line = 2499
09-20 15:56:31.317  1293  1314 D IMGGralloc: Gralloc Free  w:576, h:1280, f:0x1, usage:0xb66, ui64Stamp:53153 line = 2499
09-20 15:56:31.317  1293  2020 D IMGGralloc: Gralloc Free  w:216, h:480, f:0x1, usage:0x100, ui64Stamp:53714 line = 2499
09-20 15:56:31.317  1293  2020 D IMGGralloc: Gralloc Free  w:216, h:480, f:0x1, usage:0x100, ui64Stamp:53672 line = 2499
09-20 15:56:31.318   479   479 D IMGGralloc: GBuffer--------------(*format)=1
09-20 15:56:31.318   479   479 D IMGGralloc: Gralloc alloc start  w:728, h:385, f:0x1, usage:0x966, line = 1614
09-20 15:56:31.318   819  5406 I WindowManager: Cancelling animation restarting=true, leash=Surface(name=Surface(name=88fdb2f InputMethod)/@0x27542c5 - animation-leash of insets_animation)/@0xed6847a
09-20 15:56:31.318   819  5406 I WindowManager: Reparenting to original parent: Surface(name=WindowToken{9ec0cee android.os.Binder@2753a69})/@0xfa3a41a, destroy=false, surface=Surface(name=88fdb2f InputMethod)/@0x27542c5
09-20 15:56:31.318   819  5406 I WindowManager: Reparenting to leash, surface=Surface(name=88fdb2f InputMethod)/@0x27542c5, leashParent=Surface(name=WindowToken{9ec0cee android.os.Binder@2753a69})/@0xfa3a41a
09-20 15:56:31.319 22990 22990 I SKBD    : SamsungKeypad [IMI] onStartInput - caller pid : 1293, caller uid : 10073
09-20 15:56:31.319   524  1752 I SurfaceFlinger: id=3574 createSurf (0x0),-1 flag=24004, Surface(name=88fdb2f InputMethod)/@0x27542c5 - animation-leash of insets_animation#1
09-20 15:56:31.319   479   479 D IMGGralloc: Gralloc Alloc end  w:728, h:385, f:0x1, usage:0x966, handle:0xeb52a780, ui64Stamp:56533, sSize:1179648, line = 2069
09-20 15:56:31.320   479   479 D IMGGralloc: Gralloc Free  w:728, h:385, f:0x1, usage:0x966, ui64Stamp:56533 line = 2499
09-20 15:56:31.320   819  5406 D WindowManager: makeSurface duration=2 leash=Surface(name=Surface(name=88fdb2f InputMethod)/@0x27542c5 - animation-leash of insets_animation)/@0x4aba6f2
09-20 15:56:31.320   819   877 D IMGGralloc: Gralloc Register  w:728, h:385, f:0x1, usage:0x966, ui64Stamp:56533, sSize:1179648, line = 2376
09-20 15:56:31.320  1293  1314 D IMGGralloc: Gralloc Free  w:576, h:1280, f:0x1, usage:0xb66, ui64Stamp:50483 line = 2499
09-20 15:56:31.322  1293  1315 W System  : A resource failed to call release. 
09-20 15:56:31.322   524   524 I Layer   : FL_V_info: (BufferStateLayer)Name=Application Error: com.haxor44.rmx26#0, Visible=0(Hiddenflag = 1, Alpha = 1.000000, [BufferInfo.mBuffer || mSidebandStream] = 0),Layer.flag=0x101
09-20 15:56:31.322   524  1752 I SurfaceFlinger: id=3525 Removed Surface(name=WallpaperWindowToken{85fc4af token=android.os.Binder@843e48e})/@0x1f70a84 - animation-leash of window_animation#0 (112)
09-20 15:56:31.322  1293  1315 W System  : A resource failed to call release. 
09-20 15:56:31.322   524  1752 I SurfaceFlinger: id=3474 Removed Surface(name=WallpaperWindowToken{85fc4af token=android.os.Binder@843e48e})/@0x1f70a84 - animation-leash of window_animation#0 (112)
09-20 15:56:31.324   482   482 D IMGGralloc: Gralloc Register  w:720, h:1600, f:0x101, usage:0xb00, ui64Stamp:56531, sSize:4608000, line = 2376
09-20 15:56:31.327  1293  1315 W System  : A resource failed to call release. 
09-20 15:56:31.327  1293  1315 W System  : A resource failed to call release. 
09-20 15:56:31.327   524  1752 I SurfaceFlinger: id=3415 Removed Surface(name=WallpaperWindowToken{85fc4af token=android.os.Binder@843e48e})/@0x1f70a84 - animation-leash of window_animation#0 (112)
09-20 15:56:31.328  1293  1315 W System  : A resource failed to call release. 
09-20 15:56:31.328   524   547 I SurfaceFlinger: id=3413 Removed Surface(name=Task=8955)/@0x57cf412 - animation-leash of app_transition#0 (112)
09-20 15:56:31.328   524  1752 I SurfaceFlinger: id=3414 Removed Surface(name=Task=1)/@0x5394d60 - animation-leash of app_transition#0 (112)
09-20 15:56:31.328  1293  1315 W System  : A resource failed to call release. 
09-20 15:56:31.328  1293  1315 W System  : A resource failed to call release. 
09-20 15:56:31.328   524   906 I SurfaceFlinger: id=3338 Removed Surface(name=Task=8953)/@0x6047c3 - animation-leash of app_transition#0 (112)
09-20 15:56:31.328   524   906 I SurfaceFlinger: id=3339 Removed Surface(name=Task=1)/@0x5394d60 - animation-leash of app_transition#0 (112)
09-20 15:56:31.329   524   524 W SurfaceFlinger: deleteTextures was not executed, mTexturePool.size() ==  mTexturePoolSize
09-20 15:56:31.329  1293  2020 D IMGGralloc: Gralloc Free  w:216, h:480, f:0x1, usage:0x100, ui64Stamp:51345 line = 2499
09-20 15:56:31.331   524   906 D IMGGralloc: Gralloc Register  w:728, h:385, f:0x1, usage:0x966, ui64Stamp:56533, sSize:1179648, line = 2376
09-20 15:56:31.331   524   906 D IMGGralloc: GBuffer--------------(*format)=1
09-20 15:56:31.332   819   877 D WindowManager: finishDrawingWindow: Window{1cd87b6 u0 Application Error: com.haxor44.rmx26} mDrawState=DRAW_PENDING
09-20 15:56:31.334   479   479 D IMGGralloc: GBuffer--------------(*format)=1
09-20 15:56:31.334   479   479 D IMGGralloc: Gralloc alloc start  w:728, h:385, f:0x1, usage:0x966, line = 1614
09-20 15:56:31.335   479   479 D IMGGralloc: Gralloc Alloc end  w:728, h:385, f:0x1, usage:0x966, handle:0xeb52a780, ui64Stamp:56536, sSize:1179648, line = 2069
09-20 15:56:31.335   479   479 D IMGGralloc: Gralloc Free  w:728, h:385, f:0x1, usage:0x966, ui64Stamp:56536 line = 2499
09-20 15:56:31.335   819   877 D IMGGralloc: Gralloc Register  w:728, h:385, f:0x1, usage:0x966, ui64Stamp:56536, sSize:1179648, line = 2376
09-20 15:56:31.335   819   880 I WindowManager: Reparenting to leash, surface=Surface(name=1cd87b6 Application Error: com.haxor44.rmx26)/@0x724e8f9, leashParent=Surface(name=WindowToken{4a84351 android.view.ViewRootImpl$W@c2e9078})/@0x349403e
09-20 15:56:31.336   524   906 I SurfaceFlinger: id=3575 createSurf (0x0),-1 flag=24004, Surface(name=1cd87b6 Application Error: com.haxor44.rmx26)/@0x724e8f9 - animation-leash of window_animation#0
09-20 15:56:31.336 31870 31870 E unknown:ReactNative: Tried to remove non-existent frame callback
09-20 15:56:31.337   819   880 D WindowManager: makeSurface duration=2 leash=Surface(name=Surface(name=1cd87b6 Application Error: com.haxor44.rmx26)/@0x724e8f9 - animation-leash of window_animation)/@0x5b76e9f
09-20 15:56:31.337   819  2002 D InputMethodManagerService: isImeSwitcherDisabledPackage : false
09-20 15:56:31.337   524   524 I Layer   : id=3563 removedFromDrawingState Surface(name=88fdb2f InputMethod)/@0x27542c5 - animation-leash of insets_animation#0 (113)
09-20 15:56:31.338   524   906 I SurfaceFlinger: id=3576 createSurf (0x0),-1 flag=20004, Dim Layer for - WindowedMagnification:0:31#0
09-20 15:56:31.339   524   524 I Layer   : id=3474 Destroyed Surface(name=WallpaperWindowToken{85fc4af token=android.os.Binder@843e48e})/@0x1f70a84 - animation-leash of window_animation#0
09-20 15:56:31.339   524   524 I Layer   : id=3415 Destroyed Surface(name=WallpaperWindowToken{85fc4af token=android.os.Binder@843e48e})/@0x1f70a84 - animation-leash of window_animation#0
09-20 15:56:31.339   524   524 I Layer   : id=3339 Destroyed Surface(name=Task=1)/@0x5394d60 - animation-leash of app_transition#0
09-20 15:56:31.339   524   524 I Layer   : id=3525 Destroyed Surface(name=WallpaperWindowToken{85fc4af token=android.os.Binder@843e48e})/@0x1f70a84 - animation-leash of window_animation#0
09-20 15:56:31.339   524   524 I Layer   : id=3413 Destroyed Surface(name=Task=8955)/@0x57cf412 - animation-leash of app_transition#0
09-20 15:56:31.339   524   524 I Layer   : id=3414 Destroyed Surface(name=Task=1)/@0x5394d60 - animation-leash of app_transition#0
09-20 15:56:31.339   524   524 I Layer   : id=3338 Destroyed Surface(name=Task=8953)/@0x6047c3 - animation-leash of app_transition#0
09-20 15:56:31.340   524   524 I Layer   : FL_V_info: (BufferStateLayer)Name=1cd87b6 Application Error: com.haxor44.rmx26, Visible=0(Hiddenflag = 1, Alpha = 1.000000, [BufferInfo.mBuffer || mSidebandStream] = 2),Layer.flag=0x101
09-20 15:56:31.340   819   880 I WindowManager: Reparenting to leash, surface=Surface(name=Dim Layer for - WindowedMagnification:0:31)/@0xc8bbec, leashParent=Surface(name=WindowedMagnification:0:31)/@0xda34cdc
09-20 15:56:31.341   524   906 I SurfaceFlinger: id=3577 createSurf (0x0),-1 flag=24000, Surface(name=Dim Layer for - WindowedMagnification:0:31)/@0xc8bbec - animation-leash of dimmer#0
09-20 15:56:31.341   524  1752 D IMGGralloc: Gralloc Register  w:728, h:385, f:0x1, usage:0x966, ui64Stamp:56536, sSize:1179648, line = 2376
09-20 15:56:31.341   819   880 D WindowManager: makeSurface duration=1 leash=Surface(name=Surface(name=Dim Layer for - WindowedMagnification:0:31)/@0xc8bbec - animation-leash of dimmer)/@0x3421bb5
09-20 15:56:31.341   524  1752 D IMGGralloc: GBuffer--------------(*format)=1
09-20 15:56:31.346   524   524 W SurfaceFlinger: deleteTextures was not executed, mTexturePool.size() ==  mTexturePoolSize
09-20 15:56:31.347   819  3150 W InputManager-JNI: Input channel object 'bcae71f com.haxor44.rmx26/com.haxor44.rmx26.MainActivity (client)' was disposed without first being removed with the input manager!
09-20 15:56:31.351   524   906 I SurfaceFlinger: id=3563 Removed Surface(name=88fdb2f InputMethod)/@0x27542c5 - animation-leash of insets_animation#0 (108)
09-20 15:56:31.353   488   512 D PowerHAL: ##Timing deboost
09-20 15:56:31.353   819  2002 I ActivityTaskManager: Removing activity ActivityRecord{cc9bb55 u0 com.haxor44.rmx26/.MainActivity t8959 f}}(activityDestroyed)  from stack callers=com.android.server.wm.ActivityRecord.destroyed:3557 com.android.server.wm.ActivityClientController.activityDestroyed:243 android.app.IActivityClientController$Stub.onTransact:578 com.android.server.wm.ActivityClientController.onTransact:122 android.os.Binder.execTransactInternal:1184 
09-20 15:56:31.353   488   512 D PowerHAL: Enter common_set_for_release_when_close: enable:0, duration: 0, /dev/cluster0_freq_max: 
09-20 15:56:31.353   488   512 D PowerHAL: ALL cluster0_freq_max requests has been handled
09-20 15:56:31.353   488   512 D PowerHAL: ##Timing deboost
09-20 15:56:31.353   488   512 D PowerHAL: Enter common_set_for_release_when_close: enable:0, duration: 0, /dev/cluster0_freq_min: 
09-20 15:56:31.353   488   512 D PowerHAL: ALL cluster0_freq_min requests has been handled
09-20 15:56:31.353   488   512 D PowerHAL: ##Timing deboost
09-20 15:56:31.353   488   512 D PowerHAL: Enter common_set_for_release_when_close: enable:0, duration: 0, /dev/cluster1_freq_max: 
09-20 15:56:31.353   488   512 D PowerHAL: ALL cluster1_freq_max requests has been handled
09-20 15:56:31.354   524   524 I Layer   : id=3559 removedFromDrawingState com.haxor44.rmx26/com.haxor44.rmx26.MainActivity#0 (108)
09-20 15:56:31.355   524   524 I Layer   : id=3558 removedFromDrawingState bcae71f com.haxor44.rmx26/com.haxor44.rmx26.MainActivity#0 (108)
09-20 15:56:31.355   488   512 D PowerHAL: ##Timing deboost
09-20 15:56:31.355   479   479 D IMGGralloc: GBuffer--------------(*format)=1
09-20 15:56:31.355   524   524 I SurfaceFlinger: id=3558 Removed bcae71f com.haxor44.rmx26/com.haxor44.rmx26.MainActivity#0 (108)
09-20 15:56:31.355   488   512 D PowerHAL: Enter common_set_for_release_when_close: enable:0, duration: 0, /dev/cluster1_freq_min: 
09-20 15:56:31.355   479   479 D IMGGralloc: Gralloc alloc start  w:728, h:385, f:0x1, usage:0x966, line = 1614
09-20 15:56:31.355   488   512 D PowerHAL: ALL cluster1_freq_min requests has been handled
09-20 15:56:31.355   524   524 I SurfaceFlinger: id=3559 Removed com.haxor44.rmx26/com.haxor44.rmx26.MainActivity#0 (108)
09-20 15:56:31.355   524   906 I SurfaceFlinger: id=3578 createSurf (0x0),-1 flag=24004, Task=8959#1
09-20 15:56:31.355   524   524 I Layer   : id=3563 Destroyed Surface(name=88fdb2f InputMethod)/@0x27542c5 - animation-leash of insets_animation#0
09-20 15:56:31.355   488   512 D PowerHAL: ##Timing deboost
09-20 15:56:31.355   488   512 D PowerHAL: Enter devfreq_ddr_set: enable:0, duration: 0, /sys/class/devfreq/scene-frequency/sprd-governor/scene_boost_dfs: 
09-20 15:56:31.355   479   479 D IMGGralloc: Gralloc Alloc end  w:728, h:385, f:0x1, usage:0x966, handle:0xeb52a780, ui64Stamp:56538, sSize:1179648, line = 2069
09-20 15:56:31.355   524   524 I Layer   : id=3558 Destroyed bcae71f com.haxor44.rmx26/com.haxor44.rmx26.MainActivity#0
09-20 15:56:31.356   479   479 D IMGGralloc: Gralloc Free  w:728, h:385, f:0x1, usage:0x966, ui64Stamp:56538 line = 2499
09-20 15:56:31.356   524   524 I Layer   : id=3559 Destroyed com.haxor44.rmx26/com.haxor44.rmx26.MainActivity#0
09-20 15:56:31.356   488   488 D PowerHAL: ###Enter interaction_other scene bgn###
09-20 15:56:31.356   819   877 D IMGGralloc: Gralloc Register  w:728, h:385, f:0x1, usage:0x966, ui64Stamp:56538, sSize:1179648, line = 2376
09-20 15:56:31.356   488   488 D PowerHAL: Enter common_set_for_release_when_close: enable:1, duration: 500, /dev/cluster0_freq_max: 124F80
09-20 15:56:31.356   488   488 D PowerHAL: Set /dev/cluster0_freq_max: 124F80
09-20 15:56:31.357   488   488 D PowerHAL: Enter common_set_for_release_when_close: enable:1, duration: 500, /dev/cluster0_freq_min: F4240
09-20 15:56:31.357   488   488 D PowerHAL: Set /dev/cluster0_freq_min: F4240
09-20 15:56:31.357   524   524 I Layer   : FL_V_info: (BufferStateLayer)Name=1cd87b6 Application Error: com.haxor44.rmx26, Visible=1(Hiddenflag = 0, Alpha = 0.000000, [BufferInfo.mBuffer || mSidebandStream] = 2),Layer.flag=0x100
09-20 15:56:31.357   488   488 D PowerHAL: Enter common_set_for_release_when_close: enable:1, duration: 500, /dev/cluster1_freq_max: 186A00
09-20 15:56:31.357   488   488 D PowerHAL: Set /dev/cluster1_freq_max: 186A00
09-20 15:56:31.357   488   488 D PowerHAL: Enter common_set_for_release_when_close: enable:1, duration: 500, /dev/cluster1_freq_min: 12B128
09-20 15:56:31.357   488   488 D PowerHAL: Set /dev/cluster1_freq_min: 12B128
09-20 15:56:31.359   488   488 D PowerHAL: Enter devfreq_ddr_set: enable:1, duration: 500, /sys/class/devfreq/scene-frequency/sprd-governor/scene_boost_dfs: max
09-20 15:56:31.363   488   488 D PowerHAL: ###Enter interaction_other scene end###
09-20 15:56:31.363   488   488 D PowerHAL: ###Enter interaction_other scene bgn###
09-20 15:56:31.363   488   488 D PowerHAL: Enter common_set_for_release_when_close: enable:1, duration: 500, /dev/cluster0_freq_max: 124F80
09-20 15:56:31.363   488   488 D PowerHAL: Enter common_set_for_release_when_close: enable:1, duration: 500, /dev/cluster0_freq_min: F4240
09-20 15:56:31.363   488   488 D PowerHAL: Enter common_set_for_release_when_close: enable:1, duration: 500, /dev/cluster1_freq_max: 186A00
09-20 15:56:31.363   488   488 D PowerHAL: Enter common_set_for_release_when_close: enable:1, duration: 500, /dev/cluster1_freq_min: 12B128
09-20 15:56:31.363   488   488 D PowerHAL: Enter devfreq_ddr_set: enable:1, duration: 500, /sys/class/devfreq/scene-frequency/sprd-governor/scene_boost_dfs: max
09-20 15:56:31.363   488   488 D PowerHAL: ###Enter interaction_other scene end###
09-20 15:56:31.364   524   906 D IMGGralloc: Gralloc Register  w:728, h:385, f:0x1, usage:0x966, ui64Stamp:56538, sSize:1179648, line = 2376
09-20 15:56:31.364   524   906 D IMGGralloc: GBuffer--------------(*format)=1
09-20 15:56:31.365   819   877 D WindowManager: finishDrawingWindow: Window{1cd87b6 u0 Application Error: com.haxor44.rmx26} mDrawState=HAS_DRAWN
09-20 15:56:31.370   524   524 I Layer   : id=3551 removedFromDrawingState ActivityRecord{cc9bb55 u0 com.haxor44.rmx26/.MainActivity#0 (106)
09-20 15:56:31.371   524   524 I Layer   : id=3550 removedFromDrawingState Task=8959#0 (106)
09-20 15:56:31.371   524   524 I Layer   : id=3578 removedFromDrawingState Task=8959#1 (106)
09-20 15:56:31.371   524   552 D IMGGralloc: Gralloc Free  w:720, h:1600, f:0x101, usage:0xb00, ui64Stamp:56476 line = 2499
09-20 15:56:31.371   524   524 I SurfaceFlinger: id=3551 Removed ActivityRecord{cc9bb55 u0 com.haxor44.rmx26/.MainActivity#0 (106)
09-20 15:56:31.371   524   524 I Layer   : id=3551 Destroyed ActivityRecord{cc9bb55 u0 com.haxor44.rmx26/.MainActivity#0
09-20 15:56:31.372   524   524 I Layer   : FL_V_info: (BufferStateLayer)Name=1cd87b6 Application Error: com.haxor44.rmx26, Visible=1(Hiddenflag = 0, Alpha = 0.000000, [BufferInfo.mBuffer || mSidebandStream] = 2),Layer.flag=0x100
09-20 15:56:31.377   524   524 W SurfaceFlinger: deleteTextures was not executed, mTexturePool.size() ==  mTexturePoolSize
09-20 15:56:31.388   524   524 I Layer   : FL_V_info: (BufferStateLayer)Name=1cd87b6 Application Error: com.haxor44.rmx26, Visible=1(Hiddenflag = 0, Alpha = 0.222534, [BufferInfo.mBuffer || mSidebandStream] = 2),Layer.flag=0x100
09-20 15:56:31.389   482   482 D IMGGralloc: Gralloc Register  w:728, h:385, f:0x1, usage:0x966, ui64Stamp:56538, sSize:1179648, line = 2376
09-20 15:56:31.395   524   524 D SurfaceFlinger: Display 0 HWC layers:
09-20 15:56:31.395   524   524 D SurfaceFlinger:      CLIENT | 0xf33fec40 | 0100 | RGBx_8888    |    0.0    0.0  720.0 1600.0 |    0    0  720 1600 | Wallpaper BBQ wrapper#0
09-20 15:56:31.395   524   524 D SurfaceFlinger:      CLIENT | 0xf33fe580 | 0100 | RGBA_8888    |    0.0    0.0  720.0 1600.0 |    0    0  720 1600 | com.sec.android.app.launcher/com.android.launcher3.infra.activity.Launcher#0
09-20 15:56:31.395   524   524 D SurfaceFlinger:      CLIENT |              | 0000 |  Unknown  |    0.0    0.0    0.0    0.0 |    0    0  720 1600 | Dim Layer for - WindowedMagnification:0:31#0
09-20 15:56:31.395   524   524 D SurfaceFlinger:      CLIENT | 0xf33fdbc0 | 0100 | RGBA_8888    |    4.0    0.0  724.0  385.0 |    0 1214  720 1599 | Application Error: com.haxor44.rmx26#0
09-20 15:56:31.395   524   524 D SurfaceFlinger:      CLIENT | 0xf33fe280 | 0100 | RGBA_8888    |    0.0    0.0  720.0   48.0 |    0    0  720   48 | StatusBar#0
09-20 15:56:31.395   524   524 D SurfaceFlinger:      CLIENT | 0xf33fe7c0 | 0100 | RGBA_8888    |    0.0    0.0  720.0   96.0 |    0 1504  720 1600 | NavigationBar0#0
09-20 15:56:31.395   524   524 D SurfaceFlinger: 
09-20 15:56:31.395   524   524 W SurfaceFlinger: deleteTextures was not executed, mTexturePool.size() ==  mTexturePoolSize
09-20 15:56:31.404   524   524 I Layer   : FL_V_info: (BufferStateLayer)Name=1cd87b6 Application Error: com.haxor44.rmx26, Visible=1(Hiddenflag = 0, Alpha = 0.479492, [BufferInfo.mBuffer || mSidebandStream] = 2),Layer.flag=0x100
09-20 15:56:31.411   524   524 W SurfaceFlinger: deleteTextures was not executed, mTexturePool.size() ==  mTexturePoolSize
09-20 15:56:31.421   524   524 I Layer   : FL_V_info: (BufferStateLayer)Name=1cd87b6 Application Error: com.haxor44.rmx26, Visible=1(Hiddenflag = 0, Alpha = 0.670898, [BufferInfo.mBuffer || mSidebandStream] = 2),Layer.flag=0x100
09-20 15:56:31.428   524   524 W SurfaceFlinger: deleteTextures was not executed, mTexturePool.size() ==  mTexturePoolSize
09-20 15:56:31.438   524   524 I Layer   : FL_V_info: (BufferStateLayer)Name=1cd87b6 Application Error: com.haxor44.rmx26, Visible=1(Hiddenflag = 0, Alpha = 0.801270, [BufferInfo.mBuffer || mSidebandStream] = 2),Layer.flag=0x100
09-20 15:56:31.444   524   524 W SurfaceFlinger: deleteTextures was not executed, mTexturePool.size() ==  mTexturePoolSize
09-20 15:56:31.454   524   524 I Layer   : FL_V_info: (BufferStateLayer)Name=1cd87b6 Application Error: com.haxor44.rmx26, Visible=1(Hiddenflag = 0, Alpha = 0.882324, [BufferInfo.mBuffer || mSidebandStream] = 2),Layer.flag=0x100
09-20 15:56:31.461   524   524 W SurfaceFlinger: deleteTextures was not executed, mTexturePool.size() ==  mTexturePoolSize
09-20 15:56:31.471   524   524 I Layer   : FL_V_info: (BufferStateLayer)Name=1cd87b6 Application Error: com.haxor44.rmx26, Visible=1(Hiddenflag = 0, Alpha = 0.939941, [BufferInfo.mBuffer || mSidebandStream] = 2),Layer.flag=0x100
09-20 15:56:31.477   524   524 W SurfaceFlinger: deleteTextures was not executed, mTexturePool.size() ==  mTexturePoolSize
09-20 15:56:31.487   524   524 I Layer   : FL_V_info: (BufferStateLayer)Name=1cd87b6 Application Error: com.haxor44.rmx26, Visible=1(Hiddenflag = 0, Alpha = 0.975586, [BufferInfo.mBuffer || mSidebandStream] = 2),Layer.flag=0x100
09-20 15:56:31.493   524   524 W SurfaceFlinger: deleteTextures was not executed, mTexturePool.size() ==  mTexturePoolSize
09-20 15:56:31.498   672   695 I ThermalChargeDetect: charge status: Charging
09-20 15:56:31.504   524   524 I Layer   : FL_V_info: (BufferStateLayer)Name=1cd87b6 Application Error: com.haxor44.rmx26, Visible=1(Hiddenflag = 0, Alpha = 0.994141, [BufferInfo.mBuffer || mSidebandStream] = 2),Layer.flag=0x100
09-20 15:56:31.509   819  1033 D BatteryService: mHealthInfo.batteryLevel: 79
09-20 15:56:31.510   819  1033 D BatteryService: Sending ACTION_BATTERY_CHANGED. scale:100, info:{.chargerAcOnline = false, .chargerUsbOnline = true, .chargerWirelessOnline = false, .maxChargingCurrent = 0, .maxChargingVoltage = 0, .batteryStatus = CHARGING, .batteryHealth = GOOD, .batteryPresent = true, .batteryLevel = 79, .batteryVoltage = 4102, .batteryTemperature = 338, .batteryCurrent = -42000, .batteryCycleCount = 0, .batteryFullCharge = 4951000, .batteryChargeCounter = 3886535, .batteryTechnology = Li-ion}
09-20 15:56:31.510   819  1033 D BatteryService: online:1, current avg:188000, charge type:0, POGO powered:false, power sharing:false, high voltage charger:false, charger_type:0, capacity:280000, misc_event:0x0, current_event:0x0, current_now:-42000
09-20 15:56:31.510   524   524 W SurfaceFlinger: deleteTextures was not executed, mTexturePool.size() ==  mTexturePoolSize
09-20 15:56:31.512  1082  1082 D KeyguardUpdateMonitor: received broadcast android.intent.action.BATTERY_CHANGED
09-20 15:56:31.513  1082  1082 D SecBatteryMeterDrawable: onBatteryLevelChanged() isSomethingChanged!
09-20 15:56:31.514  1082  1082 D SecBatteryMeterDrawable: onBatteryLevelChanged() isSomethingChanged!
09-20 15:56:31.514 27509 27509 V MtpServer: sendDevicePropertyChanged 20481
09-20 15:56:31.515  1082  1082 D SecBatteryMeterDrawable: onBatteryLevelChanged() isSomethingChanged!
09-20 15:56:31.515  1082  1082 D PowerUI : priorPlugType = 2 mPlugType =  2
09-20 15:56:31.517  1082  1082 D KeyguardUpdateMonitor: handleBatteryUpdate
09-20 15:56:31.518   524   906 I SurfaceFlinger: id=3578 Removed Task=8959#1 (105)
09-20 15:56:31.521   524   524 I Layer   : id=3578 Destroyed Task=8959#1
09-20 15:56:31.521   524   524 I Layer   : FL_V_info: (BufferStateLayer)Name=1cd87b6 Application Error: com.haxor44.rmx26, Visible=1(Hiddenflag = 0, Alpha = 1.000000, [BufferInfo.mBuffer || mSidebandStream] = 2),Layer.flag=0x100
09-20 15:56:31.527   524   524 W SurfaceFlinger: deleteTextures was not executed, mTexturePool.size() ==  mTexturePoolSize
09-20 15:56:31.538   524   524 I Layer   : FL_V_info: (BufferStateLayer)Name=1cd87b6 Application Error: com.haxor44.rmx26, Visible=1(Hiddenflag = 0, Alpha = 1.000000, [BufferInfo.mBuffer || mSidebandStream] = 2),Layer.flag=0x100
09-20 15:56:31.544   524   524 W SurfaceFlinger: deleteTextures was not executed, mTexturePool.size() ==  mTexturePoolSize
09-20 15:56:31.554   524   524 I Layer   : FL_V_info: (BufferStateLayer)Name=1cd87b6 Application Error: com.haxor44.rmx26, Visible=1(Hiddenflag = 0, Alpha = 1.000000, [BufferInfo.mBuffer || mSidebandStream] = 2),Layer.flag=0x100
09-20 15:56:31.560   524   524 W SurfaceFlinger: deleteTextures was not executed, mTexturePool.size() ==  mTexturePoolSize
09-20 15:56:31.571   524   524 I Layer   : FL_V_info: (BufferStateLayer)Name=1cd87b6 Application Error: com.haxor44.rmx26, Visible=1(Hiddenflag = 0, Alpha = 1.000000, [BufferInfo.mBuffer || mSidebandStream] = 2),Layer.flag=0x100
09-20 15:56:31.577   524   524 W SurfaceFlinger: deleteTextures was not executed, mTexturePool.size() ==  mTexturePoolSize
09-20 15:56:31.587   524   524 I Layer   : FL_V_info: (BufferStateLayer)Name=1cd87b6 Application Error: com.haxor44.rmx26, Visible=1(Hiddenflag = 0, Alpha = 1.000000, [BufferInfo.mBuffer || mSidebandStream] = 2),Layer.flag=0x100
09-20 15:56:31.593   524   524 W SurfaceFlinger: deleteTextures was not executed, mTexturePool.size() ==  mTexturePoolSize
09-20 15:56:31.604   524   524 I Layer   : FL_V_info: (BufferStateLayer)Name=1cd87b6 Application Error: com.haxor44.rmx26, Visible=1(Hiddenflag = 0, Alpha = 1.000000, [BufferInfo.mBuffer || mSidebandStream] = 2),Layer.flag=0x100
09-20 15:56:31.610   524   524 W SurfaceFlinger: deleteTextures was not executed, mTexturePool.size() ==  mTexturePoolSize
09-20 15:56:31.621   524   524 I Layer   : FL_V_info: (BufferStateLayer)Name=1cd87b6 Application Error: com.haxor44.rmx26, Visible=1(Hiddenflag = 0, Alpha = 1.000000, [BufferInfo.mBuffer || mSidebandStream] = 2),Layer.flag=0x100
09-20 15:56:31.627   524   524 W SurfaceFlinger: deleteTextures was not executed, mTexturePool.size() ==  mTexturePoolSize
09-20 15:56:31.638   524   524 I Layer   : FL_V_info: (BufferStateLayer)Name=1cd87b6 Application Error: com.haxor44.rmx26, Visible=1(Hiddenflag = 0, Alpha = 1.000000, [BufferInfo.mBuffer || mSidebandStream] = 2),Layer.flag=0x100
09-20 15:56:31.644   524   524 W SurfaceFlinger: deleteTextures was not executed, mTexturePool.size() ==  mTexturePoolSize
09-20 15:56:31.654   524   524 I Layer   : FL_V_info: (BufferStateLayer)Name=1cd87b6 Application Error: com.haxor44.rmx26, Visible=1(Hiddenflag = 0, Alpha = 1.000000, [BufferInfo.mBuffer || mSidebandStream] = 2),Layer.flag=0x100
09-20 15:56:31.655   819   880 I WindowManager: Reparenting to original parent: Surface(name=WindowToken{4a84351 android.view.ViewRootImpl$W@c2e9078})/@0x349403e, destroy=true, surface=Surface(name=1cd87b6 Application Error: com.haxor44.rmx26)/@0x724e8f9
09-20 15:56:31.657   819   880 I WindowManager: Reparenting to original parent: Surface(name=WindowedMagnification:0:31)/@0xda34cdc, destroy=true, surface=Surface(name=Dim Layer for - WindowedMagnification:0:31)/@0xc8bbec
09-20 15:56:31.661   524   524 W SurfaceFlinger: deleteTextures was not executed, mTexturePool.size() ==  mTexturePoolSize
09-20 15:56:31.671   524   524 I Layer   : id=3575 removedFromDrawingState Surface(name=1cd87b6 Application Error: com.haxor44.rmx26)/@0x724e8f9 - animation-leash of window_animation#0 (104)
09-20 15:56:31.671   524   524 I SurfaceFlinger: id=3575 Removed Surface(name=1cd87b6 Application Error: com.haxor44.rmx26)/@0x724e8f9 - animation-leash of window_animation#0 (104)
09-20 15:56:31.671   524   524 I Layer   : id=3575 Destroyed Surface(name=1cd87b6 Application Error: com.haxor44.rmx26)/@0x724e8f9 - animation-leash of window_animation#0
09-20 15:56:31.672   524   524 I Layer   : FL_V_info: (BufferStateLayer)Name=1cd87b6 Application Error: com.haxor44.rmx26, Visible=1(Hiddenflag = 0, Alpha = 1.000000, [BufferInfo.mBuffer || mSidebandStream] = 2),Layer.flag=0x100
09-20 15:56:31.678   524   524 W SurfaceFlinger: deleteTextures was not executed, mTexturePool.size() ==  mTexturePoolSize
09-20 15:56:31.688   524   524 I Layer   : id=3577 removedFromDrawingState Surface(name=Dim Layer for - WindowedMagnification:0:31)/@0xc8bbec - animation-leash of dimmer#0 (103)
09-20 15:56:31.688   524   524 I SurfaceFlinger: id=3577 Removed Surface(name=Dim Layer for - WindowedMagnification:0:31)/@0xc8bbec - animation-leash of dimmer#0 (103)
09-20 15:56:31.688   524   524 I Layer   : id=3577 Destroyed Surface(name=Dim Layer for - WindowedMagnification:0:31)/@0xc8bbec - animation-leash of dimmer#0
09-20 15:56:31.688   524   524 I Layer   : FL_V_info: (BufferStateLayer)Name=1cd87b6 Application Error: com.haxor44.rmx26, Visible=1(Hiddenflag = 0, Alpha = 1.000000, [BufferInfo.mBuffer || mSidebandStream] = 2),Layer.flag=0x100
09-20 15:56:31.694   524   524 W SurfaceFlinger: deleteTextures was not executed, mTexturePool.size() ==  mTexturePoolSize
09-20 15:56:31.704   524   524 I Layer   : FL_V_info: (BufferStateLayer)Name=1cd87b6 Application Error: com.haxor44.rmx26, Visible=1(Hiddenflag = 0, Alpha = 1.000000, [BufferInfo.mBuffer || mSidebandStream] = 2),Layer.flag=0x100
09-20 15:56:31.710   524   524 W SurfaceFlinger: deleteTextures was not executed, mTexturePool.size() ==  mTexturePoolSize
09-20 15:56:31.739  1293  2020 W OpenGLRenderer: Incorrectly called buildLayer on View: ShortcutAndWidgetContainer, destroying layer...
09-20 15:56:31.739  1293  2020 W OpenGLRenderer: Incorrectly called buildLayer on View: ShortcutAndWidgetContainer, destroying layer...
09-20 15:56:31.797  1675  1675 D BoundBrokerSvc: onUnbind: Intent { act=com.google.android.gms.udc.service.START dat=chimera-action: cmp=com.google.android.gms/.chimera.PersistentApiService }
09-20 15:56:31.863   488   512 D PowerHAL: ##Timing deboost
09-20 15:56:31.863   488   512 D PowerHAL: Enter common_set_for_release_when_close: enable:0, duration: 0, /dev/cluster0_freq_max: 
09-20 15:56:31.863   488   512 D PowerHAL: ALL cluster0_freq_max requests has been handled
09-20 15:56:31.863   488   512 D PowerHAL: ##Timing deboost
09-20 15:56:31.863   488   512 D PowerHAL: Enter common_set_for_release_when_close: enable:0, duration: 0, /dev/cluster0_freq_min: 
09-20 15:56:31.863   488   512 D PowerHAL: ALL cluster0_freq_min requests has been handled
09-20 15:56:31.863   488   512 D PowerHAL: ##Timing deboost
09-20 15:56:31.863   488   512 D PowerHAL: Enter common_set_for_release_when_close: enable:0, duration: 0, /dev/cluster1_freq_max: 
09-20 15:56:31.863   488   512 D PowerHAL: ALL cluster1_freq_max requests has been handled
09-20 15:56:31.864   488   512 D PowerHAL: ##Timing deboost
09-20 15:56:31.864   488   512 D PowerHAL: Enter common_set_for_release_when_close: enable:0, duration: 0, /dev/cluster1_freq_min: 
09-20 15:56:31.864   488   512 D PowerHAL: ALL cluster1_freq_min requests has been handled
09-20 15:56:31.864   488   512 D PowerHAL: ##Timing deboost
09-20 15:56:31.864   488   512 D PowerHAL: Enter devfreq_ddr_set: enable:0, duration: 0, /sys/class/devfreq/scene-frequency/sprd-governor/scene_boost_dfs: 
09-20 15:56:32.733  1082  1230 D NetworkController.MobileSignalController(1): onMobileStatusChanged= updateTelephony=true mobileStatus=[activityIn=true,activityOut=true,dataSim=true,carrierNetworkChangeMode=false,dataState=2,serviceState=mVoiceRegState=0(IN_SERVICE), mDataRegState=0(IN_SERVICE),signalStrength=3,telephonyDisplayInfo=TelephonyDisplayInfo {network=LTE, override=NONE}]
09-20 15:56:32.734  1082  1230 D NetworkController.MobileSignalController(1): updateTelephonySignalStrength: hasService=true ss=SignalStrength:{mCdma=Invalid,mGsm=Invalid,mWcdma=Invalid,mTdscdma=Invalid,mLte=CellSignalStrengthLte: rssi=-99 rsrp=-99 rsrq=-12 rssnr=15 cqiTableIndex=2147483647 cqi=15 ta=2147483647 level=3 parametersUseForLevel=0,mNr=Invalid,SignalBarInfo{ lteLevel=3 },rat=14,primary=CellSignalStrengthLte} displayInfo=TelephonyDisplayInfo {network=LTE, override=NONE}
09-20 15:56:32.735  1082  1230 D NetworkController.MobileSignalController(1): getMobileIconGroup(): 13
09-20 15:56:32.735  1082  1230 D NetworkController.MobileSignalController(1): mCurrentState.iconGroup=IconGroup(4G)
09-20 15:56:32.735  1082  1230 D NetworkController.MobileSignalController(1): updateSignaloneLevelPersec
09-20 15:56:32.736  1082  1230 D NetworkController.MobileSignalController(1): UPDATE_STRENGTH mPreSvcSate: 1, mCurSvcSate: 1
09-20 15:56:32.736  1082  1230 D NetworkController.MobileSignalController(1): UPDATE_STRENGTH : 3, 4
09-20 15:56:32.737  1082  1230 D NetworkController.MobileSignalController(1): mVoWifiConnectedfalse
09-20 15:56:32.737  1082  1230 D NetworkController.MobileSignalController(1): mVoWifiConnectedfalse
09-20 15:56:32.738  1082  1082 D StatusBarSignalPolicy: SetMobileDataIndicators: MobileDataIndicators[statusIcon=[visible=true,icon=2131232581,contentDescription=Phone three bars.],qsIcon=[visible=true,icon=0,contentDescription=Phone three bars.],statusType=2131232540,qsType=2131232540,activityIn=true,activityOut=true,typeContentDescription=4G,typeContentDescriptionHtml=4G,description=SAF FOR YOU,isWide=false,subId=1,roaming=false,showTriangle=true,dataActivity=2131232609,roamingIcon=0]
09-20 15:56:32.738  1082  1082 D StatusBarSignalPolicy: MobileIconStates: [MobileIconState(subId=1, strengthId=2131232581, showTriangle=true, roaming=false, typeId=2131232540, roamingId=0,visible=true)]
09-20 15:56:32.743  1082  1082 D StatusBarSignalPolicy: SetMobileDataIndicators: MobileDataIndicators[statusIcon=[visible=true,icon=2131232581,contentDescription=Phone three bars.],qsIcon=[visible=true,icon=0,contentDescription=Phone three bars.],statusType=2131232540,qsType=2131232540,activityIn=true,activityOut=true,typeContentDescription=4G,typeContentDescriptionHtml=4G,description=SAF FOR YOU,isWide=false,subId=1,roaming=false,showTriangle=true,dataActivity=2131232609,roamingIcon=0]
09-20 15:56:32.743  1082  1082 D StatusBarSignalPolicy: MobileIconStates: [MobileIconState(subId=1, strengthId=2131232581, showTriangle=true, roaming=false, typeId=2131232540, roamingId=0,visible=true)]
09-20 15:56:32.749   819   893 E system_server: Cannot read thread CPU times for PID 819
09-20 15:56:32.749   819   893 D KernelCpuUidUserSysTimeReader: Removing uids 90000-90000
09-20 15:56:32.765   524   524 W SurfaceFlinger: deleteTextures was not executed, mTexturePool.size() ==  mTexturePoolSize
09-20 15:56:32.832   524   524 W SurfaceFlinger: deleteTextures was not executed, mTexturePool.size() ==  mTexturePoolSize
09-20 15:56:32.848   524   524 W SurfaceFlinger: deleteTextures was not executed, mTexturePool.size() ==  mTexturePoolSize
09-20 15:56:32.865   524   524 W SurfaceFlinger: deleteTextures was not executed, mTexturePool.size() ==  mTexturePoolSize
09-20 15:56:32.884   524   524 W SurfaceFlinger: deleteTextures was not executed, mTexturePool.size() ==  mTexturePoolSize
09-20 15:56:32.899   524   524 W SurfaceFlinger: deleteTextures was not executed, mTexturePool.size() ==  mTexturePoolSize
09-20 15:56:32.916   524   524 W SurfaceFlinger: deleteTextures was not executed, mTexturePool.size() ==  mTexturePoolSize
09-20 15:56:32.933   524   524 W SurfaceFlinger: deleteTextures was not executed, mTexturePool.size() ==  mTexturePoolSize
09-20 15:56:32.950   524   524 W SurfaceFlinger: deleteTextures was not executed, mTexturePool.size() ==  mTexturePoolSize
09-20 15:56:32.967   524   524 W SurfaceFlinger: deleteTextures was not executed, mTexturePool.size() ==  mTexturePoolSize
09-20 15:56:32.983   524   524 W SurfaceFlinger: deleteTextures was not executed, mTexturePool.size() ==  mTexturePoolSize
09-20 15:56:33.000   524   524 W SurfaceFlinger: deleteTextures was not executed, mTexturePool.size() ==  mTexturePoolSize
09-20 15:56:33.016   524   524 W SurfaceFlinger: deleteTextures was not executed, mTexturePool.size() ==  mTexturePoolSize
09-20 15:56:33.033   524   524 W SurfaceFlinger: deleteTextures was not executed, mTexturePool.size() ==  mTexturePoolSize
09-20 15:56:33.050   524   524 W SurfaceFlinger: deleteTextures was not executed, mTexturePool.size() ==  mTexturePoolSize
09-20 15:56:33.067   524   524 W SurfaceFlinger: deleteTextures was not executed, mTexturePool.size() ==  mTexturePoolSize
09-20 15:56:33.084   524   524 W SurfaceFlinger: deleteTextures was not executed, mTexturePool.size() ==  mTexturePoolSize
09-20 15:56:33.100   524   524 W SurfaceFlinger: deleteTextures was not executed, mTexturePool.size() ==  mTexturePoolSize
09-20 15:56:33.331  1082  1230 D NetworkController.MobileSignalController(1): onMobileStatusChanged= updateTelephony=true mobileStatus=[activityIn=true,activityOut=true,dataSim=true,carrierNetworkChangeMode=false,dataState=2,serviceState=mVoiceRegState=0(IN_SERVICE), mDataRegState=0(IN_SERVICE),signalStrength=4,telephonyDisplayInfo=TelephonyDisplayInfo {network=LTE, override=NONE}]
09-20 15:56:33.332  1082  1230 D NetworkController.MobileSignalController(1): updateTelephonySignalStrength: hasService=true ss=SignalStrength:{mCdma=Invalid,mGsm=Invalid,mWcdma=Invalid,mTdscdma=Invalid,mLte=CellSignalStrengthLte: rssi=-99 rsrp=-95 rsrq=-8 rssnr=20 cqiTableIndex=2147483647 cqi=15 ta=2147483647 level=4 parametersUseForLevel=0,mNr=Invalid,SignalBarInfo{ lteLevel=3 },rat=14,primary=CellSignalStrengthLte} displayInfo=TelephonyDisplayInfo {network=LTE, override=NONE}
09-20 15:56:33.332  1082  1230 D NetworkController.MobileSignalController(1): getMobileIconGroup(): 13
09-20 15:56:33.333  1082  1230 D NetworkController.MobileSignalController(1): mCurrentState.iconGroup=IconGroup(4G)
09-20 15:56:33.333  1082  1230 D NetworkController.MobileSignalController(1): mVoWifiConnectedfalse
09-20 15:56:33.334  1082  1082 D StatusBarSignalPolicy: SetMobileDataIndicators: MobileDataIndicators[statusIcon=[visible=true,icon=2131232581,contentDescription=Phone signal full.],qsIcon=[visible=true,icon=0,contentDescription=Phone signal full.],statusType=2131232540,qsType=2131232540,activityIn=true,activityOut=true,typeContentDescription=4G,typeContentDescriptionHtml=4G,description=SAF FOR YOU,isWide=false,subId=1,roaming=false,showTriangle=true,dataActivity=2131232609,roamingIcon=0]
09-20 15:56:33.334  1082  1082 D StatusBarSignalPolicy: MobileIconStates: [MobileIconState(subId=1, strengthId=2131232581, showTriangle=true, roaming=false, typeId=2131232540, roamingId=0,visible=true)]
09-20 15:56:33.419   819  1538 E Tethering: [api31.BpfCoordinatorShimImpl] ERROR Fail to fetch tethering stats from BPF map: : getNextMapKey failed: EBADF (Bad file descriptor)
09-20 15:56:33.419   819  1538 E Tethering: android.system.ErrnoException: getNextMapKey failed: EBADF (Bad file descriptor)
09-20 15:56:33.419   819  1538 E Tethering: 	at com.android.networkstack.tethering.BpfMap.getNextMapKey(Native Method)
09-20 15:56:33.419   819  1538 E Tethering: 	at com.android.networkstack.tethering.BpfMap.getNextRawKey(BpfMap.java:199)
